Component: ARM Compiler 5.06 update 5 (build 528) Tool: armlink [4d35e2]

==============================================================================

Section Cross References

    usbd_conf.o(i.HAL_PCD_ConnectCallback) refers to usbd_core.o(i.USBD_LL_DevConnected) for USBD_LL_DevConnected
    usbd_conf.o(i.HAL_PCD_DataInStageCallback) refers to usbd_core.o(i.USBD_LL_DataInStage) for USBD_LL_DataInStage
    usbd_conf.o(i.HAL_PCD_DataOutStageCallback) refers to usbd_core.o(i.USBD_LL_DataOutStage) for USBD_LL_DataOutStage
    usbd_conf.o(i.HAL_PCD_DisconnectCallback) refers to usbd_core.o(i.USBD_LL_DevDisconnected) for USBD_LL_DevDisconnected
    usbd_conf.o(i.HAL_PCD_ISOINIncompleteCallback) refers to usbd_core.o(i.USBD_LL_IsoINIncomplete) for USBD_LL_IsoINIncomplete
    usbd_conf.o(i.HAL_PCD_ISOOUTIncompleteCallback) refers to usbd_core.o(i.USBD_LL_IsoOUTIncomplete) for USBD_LL_IsoOUTIncomplete
    usbd_conf.o(i.HAL_PCD_MspDeInit) refers to stm32f1xx_hal_cortex.o(i.HAL_NVIC_DisableIRQ) for HAL_NVIC_DisableIRQ
    usbd_conf.o(i.HAL_PCD_MspInit) refers to stm32f1xx_hal_cortex.o(i.HAL_NVIC_SetPriority) for HAL_NVIC_SetPriority
    usbd_conf.o(i.HAL_PCD_MspInit) refers to stm32f1xx_hal_cortex.o(i.HAL_NVIC_EnableIRQ) for HAL_NVIC_EnableIRQ
    usbd_conf.o(i.HAL_PCD_ResetCallback) refers to usbd_core.o(i.USBD_LL_SetSpeed) for USBD_LL_SetSpeed
    usbd_conf.o(i.HAL_PCD_ResetCallback) refers to usbd_core.o(i.USBD_LL_Reset) for USBD_LL_Reset
    usbd_conf.o(i.HAL_PCD_ResumeCallback) refers to usbd_core.o(i.USBD_LL_Resume) for USBD_LL_Resume
    usbd_conf.o(i.HAL_PCD_SOFCallback) refers to usbd_core.o(i.USBD_LL_SOF) for USBD_LL_SOF
    usbd_conf.o(i.HAL_PCD_SetupStageCallback) refers to usbd_core.o(i.USBD_LL_SetupStage) for USBD_LL_SetupStage
    usbd_conf.o(i.HAL_PCD_SuspendCallback) refers to usbd_core.o(i.USBD_LL_Suspend) for USBD_LL_Suspend
    usbd_conf.o(i.USBD_LL_ClearStallEP) refers to stm32f1xx_hal_pcd.o(i.HAL_PCD_EP_ClrStall) for HAL_PCD_EP_ClrStall
    usbd_conf.o(i.USBD_LL_CloseEP) refers to stm32f1xx_hal_pcd.o(i.HAL_PCD_EP_Close) for HAL_PCD_EP_Close
    usbd_conf.o(i.USBD_LL_DeInit) refers to stm32f1xx_hal_pcd.o(i.HAL_PCD_DeInit) for HAL_PCD_DeInit
    usbd_conf.o(i.USBD_LL_Delay) refers to stm32f1xx_hal.o(i.HAL_Delay) for HAL_Delay
    usbd_conf.o(i.USBD_LL_FlushEP) refers to stm32f1xx_hal_pcd.o(i.HAL_PCD_EP_Flush) for HAL_PCD_EP_Flush
    usbd_conf.o(i.USBD_LL_GetRxDataSize) refers to stm32f1xx_hal_pcd.o(i.HAL_PCD_EP_GetRxCount) for HAL_PCD_EP_GetRxCount
    usbd_conf.o(i.USBD_LL_Init) refers to stm32f1xx_hal_pcd.o(i.HAL_PCD_Init) for HAL_PCD_Init
    usbd_conf.o(i.USBD_LL_Init) refers to main.o(i._Error_Handler) for _Error_Handler
    usbd_conf.o(i.USBD_LL_Init) refers to stm32f1xx_hal_pcd_ex.o(i.HAL_PCDEx_PMAConfig) for HAL_PCDEx_PMAConfig
    usbd_conf.o(i.USBD_LL_Init) refers to usbd_conf.o(.bss) for .bss
    usbd_conf.o(i.USBD_LL_OpenEP) refers to stm32f1xx_hal_pcd.o(i.HAL_PCD_EP_Open) for HAL_PCD_EP_Open
    usbd_conf.o(i.USBD_LL_PrepareReceive) refers to stm32f1xx_hal_pcd.o(i.HAL_PCD_EP_Receive) for HAL_PCD_EP_Receive
    usbd_conf.o(i.USBD_LL_SetUSBAddress) refers to stm32f1xx_hal_pcd.o(i.HAL_PCD_SetAddress) for HAL_PCD_SetAddress
    usbd_conf.o(i.USBD_LL_StallEP) refers to stm32f1xx_hal_pcd.o(i.HAL_PCD_EP_SetStall) for HAL_PCD_EP_SetStall
    usbd_conf.o(i.USBD_LL_Start) refers to stm32f1xx_hal_pcd.o(i.HAL_PCD_Start) for HAL_PCD_Start
    usbd_conf.o(i.USBD_LL_Stop) refers to stm32f1xx_hal_pcd.o(i.HAL_PCD_Stop) for HAL_PCD_Stop
    usbd_conf.o(i.USBD_LL_Transmit) refers to stm32f1xx_hal_pcd.o(i.HAL_PCD_EP_Transmit) for HAL_PCD_EP_Transmit
    usbd_conf.o(i.USBD_static_malloc) refers to usbd_conf.o(.bss) for .bss
    stm32f1xx_it.o(i.ADC1_2_IRQHandler) refers to stm32f1xx_hal_adc.o(i.HAL_ADC_IRQHandler) for HAL_ADC_IRQHandler
    stm32f1xx_it.o(i.ADC1_2_IRQHandler) refers to main.o(.bss) for hadc1
    stm32f1xx_it.o(i.DMA1_Channel1_IRQHandler) refers to stm32f1xx_hal_dma.o(i.HAL_DMA_IRQHandler) for HAL_DMA_IRQHandler
    stm32f1xx_it.o(i.DMA1_Channel1_IRQHandler) refers to main.o(.bss) for hdma_adc1
    stm32f1xx_it.o(i.DMA1_Channel4_IRQHandler) refers to stm32f1xx_hal_dma.o(i.HAL_DMA_IRQHandler) for HAL_DMA_IRQHandler
    stm32f1xx_it.o(i.DMA1_Channel4_IRQHandler) refers to main.o(.bss) for hdma_usart1_tx
    stm32f1xx_it.o(i.DMA1_Channel5_IRQHandler) refers to stm32f1xx_hal_dma.o(i.HAL_DMA_IRQHandler) for HAL_DMA_IRQHandler
    stm32f1xx_it.o(i.DMA1_Channel5_IRQHandler) refers to main.o(.bss) for hdma_usart1_rx
    stm32f1xx_it.o(i.DMA1_Channel6_IRQHandler) refers to stm32f1xx_hal_dma.o(i.HAL_DMA_IRQHandler) for HAL_DMA_IRQHandler
    stm32f1xx_it.o(i.DMA1_Channel6_IRQHandler) refers to main.o(.bss) for hdma_usart2_rx
    stm32f1xx_it.o(i.DMA1_Channel7_IRQHandler) refers to stm32f1xx_hal_dma.o(i.HAL_DMA_IRQHandler) for HAL_DMA_IRQHandler
    stm32f1xx_it.o(i.DMA1_Channel7_IRQHandler) refers to main.o(.bss) for hdma_usart2_tx
[...]
    i.PendSV_Handler                         0x0800b182   Section        0  stm32f1xx_it.o(i.PendSV_Handler)
    i.SVC_Handler                            0x0800b184   Section        0  stm32f1xx_it.o(i.SVC_Handler)
    i.SysTick_Handler                        0x0800b186   Section        0  stm32f1xx_it.o(i.SysTick_Handler)
    i.SystemClock_Config                     0x0800b194   Section        0  main.o(i.SystemClock_Config)
    i.SystemInit                             0x0800b234   Section        0  system_stm32f1xx.o(i.SystemInit)
    i.TIM1_UP_IRQHandler                     0x0800b280   Section        0  stm32f1xx_it.o(i.TIM1_UP_IRQHandler)
    i.TIM_Base_SetConfig                     0x0800b28c   Section        0  stm32f1xx_hal_tim.o(i.TIM_Base_SetConfig)
    i.TIM_ETR_SetConfig                      0x0800b2f8   Section        0  stm32f1xx_hal_tim.o(i.TIM_ETR_SetConfig)
    TIM_ETR_SetConfig                        0x0800b2f9   Thumb Code    20  stm32f1xx_hal_tim.o(i.TIM_ETR_SetConfig)
    i.TIM_ITRx_SetConfig                     0x0800b30c   Section        0  stm32f1xx_hal_tim.o(i.TIM_ITRx_SetConfig)
    TIM_ITRx_SetConfig                       0x0800b30d   Thumb Code    16  stm32f1xx_hal_tim.o(i.TIM_ITRx_SetConfig)
    i.TIM_TI1_ConfigInputStage               0x0800b31c   Section        0  stm32f1xx_hal_tim.o(i.TIM_TI1_ConfigInputStage)
    TIM_TI1_ConfigInputStage                 0x0800b31d   Thumb Code    34  stm32f1xx_hal_tim.o(i.TIM_TI1_ConfigInputStage)
    i.TIM_TI2_ConfigInputStage               0x0800b33e   Section        0  stm32f1xx_hal_tim.o(i.TIM_TI2_ConfigInputStage)
    TIM_TI2_ConfigInputStage                 0x0800b33f   Thumb Code    36  stm32f1xx_hal_tim.o(i.TIM_TI2_ConfigInputStage)
    i.UART_DMAAbortOnError                   0x0800b362   Section        0  stm32f1xx_hal_uart.o(i.UART_DMAAbortOnError)
    UART_DMAAbortOnError                     0x0800b363   Thumb Code    16  stm32f1xx_hal_uart.o(i.UART_DMAAbortOnError)
    i.UART_DMAError                          0x0800b372   Section        0  stm32f1xx_hal_uart.o(i.UART_DMAError)
    UART_DMAError                            0x0800b373   Thumb Code    74  stm32f1xx_hal_uart.o(i.UART_DMAError)
    i.UART_DMAReceiveCplt                    0x0800b3bc   Section        0  stm32f1xx_hal_uart.o(i.UART_DMAReceiveCplt)
    UART_DMAReceiveCplt                      0x0800b3bd   Thumb Code    60  stm32f1xx_hal_uart.o(i.UART_DMAReceiveCplt)
    i.UART_DMARxHalfCplt                     0x0800b3f8   Section        0  stm32f1xx_hal_uart.o(i.UART_DMARxHalfCplt)
    UART_DMARxHalfCplt                       0x0800b3f9   Thumb Code    10  stm32f1xx_hal_uart.o(i.UART_DMARxHalfCplt)
    i.UART_DMATransmitCplt                   0x0800b402   Section        0  stm32f1xx_hal_uart.o(i.UART_DMATransmitCplt)
    UART_DMATransmitCplt                     0x0800b403   Thumb Code    46  stm32f1xx_hal_uart.o(i.UART_DMATransmitCplt)
    i.UART_DMATxHalfCplt                     0x0800b430   Section        0  stm32f1xx_hal_uart.o(i.UART_DMATxHalfCplt)
    UART_DMATxHalfCplt                       0x0800b431   Thumb Code    10  stm32f1xx_hal_uart.o(i.UART_DMATxHalfCplt)
    i.UART_EndRxTransfer                     0x0800b43a   Section        0  stm32f1xx_hal_uart.o(i.UART_EndRxTransfer)
    UART_EndRxTransfer                       0x0800b43b   Thumb Code    28  stm32f1xx_hal_uart.o(i.UART_EndRxTransfer)
    i.UART_EndTxTransfer                     0x0800b456   Section        0  stm32f1xx_hal_uart.o(i.UART_EndTxTransfer)
    UART_EndTxTransfer                       0x0800b457   Thumb Code    18  stm32f1xx_hal_uart.o(i.UART_EndTxTransfer)
    i.UART_Receive_IT                        0x0800b468   Section        0  stm32f1xx_hal_uart.o(i.UART_Receive_IT)
    UART_Receive_IT                          0x0800b469   Thumb Code   150  stm32f1xx_hal_uart.o(i.UART_Receive_IT)
    i.UART_SetConfig                         0x0800b500   Section        0  stm32f1xx_hal_uart.o(i.UART_SetConfig)
    UART_SetConfig                           0x0800b501   Thumb Code   364  stm32f1xx_hal_uart.o(i.UART_SetConfig)
    i.UART_Transmit_IT                       0x0800b670   Section        0  stm32f1xx_hal_uart.o(i.UART_Transmit_IT)
    UART_Transmit_IT                         0x0800b671   Thumb Code    98  stm32f1xx_hal_uart.o(i.UART_Transmit_IT)
    i.UART_WaitOnFlagUntilTimeout            0x0800b6d2   Section        0  stm32f1xx_hal_uart.o(i.UART_WaitOnFlagUntilTimeout)
    UART_WaitOnFlagUntilTimeout              0x0800b6d3   Thumb Code   100  stm32f1xx_hal_uart.o(i.UART_WaitOnFlagUntilTimeout)
    i.USART1_IRQHandler                      0x0800b738   Section        0  stm32f1xx_it.o(i.USART1_IRQHandler)
    i.USART2_IRQHandler                      0x0800b744   Section        0  stm32f1xx_it.o(i.USART2_IRQHandler)
    i.USBD_CDC_DataIn                        0x0800b750   Section        0  usbd_cdc.o(i.USBD_CDC_DataIn)
    USBD_CDC_DataIn                          0x0800b751   Thumb Code    18  usbd_cdc.o(i.USBD_CDC_DataIn)
    i.USBD_CDC_DataOut                       0x0800b762   Section        0  usbd_cdc.o(i.USBD_CDC_DataOut)
    USBD_CDC_DataOut                         0x0800b763   Thumb Code    38  usbd_cdc.o(i.USBD_CDC_DataOut)
    i.USBD_CDC_DeInit                        0x0800b788   Section        0  usbd_cdc.o(i.USBD_CDC_DeInit)
    USBD_CDC_DeInit                          0x0800b789   Thumb Code   100  usbd_cdc.o(i.USBD_CDC_DeInit)
    i.USBD_CDC_EP0_RxReady                   0x0800b7ec   Section        0  usbd_cdc.o(i.USBD_CDC_EP0_RxReady)
    USBD_CDC_EP0_RxReady                     0x0800b7ed   Thumb Code    40  usbd_cdc.o(i.USBD_CDC_EP0_RxReady)
    i.USBD_CDC_GetDeviceQualifierDescriptor  0x0800b814   Section        0  usbd_cdc.o(i.USBD_CDC_GetDeviceQualifierDescriptor)
    i.USBD_CDC_GetFSCfgDesc                  0x0800b820   Section        0  usbd_cdc.o(i.USBD_CDC_GetFSCfgDesc)
    USBD_CDC_GetFSCfgDesc                    0x0800b821   Thumb Code     8  usbd_cdc.o(i.USBD_CDC_GetFSCfgDesc)
    i.USBD_CDC_GetHSCfgDesc                  0x0800b82c   Section        0  usbd_cdc.o(i.USBD_CDC_GetHSCfgDesc)
    USBD_CDC_GetHSCfgDesc                    0x0800b82d   Thumb Code     8  usbd_cdc.o(i.USBD_CDC_GetHSCfgDesc)
    i.USBD_CDC_GetOtherSpeedCfgDesc          0x0800b838   Section        0  usbd_cdc.o(i.USBD_CDC_GetOtherSpeedCfgDesc)
    USBD_CDC_GetOtherSpeedCfgDesc            0x0800b839   Thumb Code     8  usbd_cdc.o(i.USBD_CDC_GetOtherSpeedCfgDesc)
    i.USBD_CDC_Init                          0x0800b844   Section        0  usbd_cdc.o(i.USBD_CDC_Init)
    USBD_CDC_Init                            0x0800b845   Thumb Code   140  usbd_cdc.o(i.USBD_CDC_Init)
    i.USBD_CDC_RegisterInterface             0x0800b8d0   Section        0  usbd_cdc.o(i.USBD_CDC_RegisterInterface)
    i.USBD_CDC_Setup                         0x0800b8e0   Section        0  usbd_cdc.o(i.USBD_CDC_Setup)
    USBD_CDC_Setup                           0x0800b8e1   Thumb Code   120  usbd_cdc.o(i.USBD_CDC_Setup)
    i.USBD_ClrClassConfig                    0x0800b95c   Section        0  usbd_core.o(i.USBD_ClrClassConfig)
    i.USBD_CtlContinueRx                     0x0800b96a   Section        0  usbd_ioreq.o(i.USBD_CtlContinueRx)
    i.USBD_CtlContinueSendData               0x0800b97a   Section        0  usbd_ioreq.o(i.USBD_CtlContinueSendData)
    i.USBD_CtlError                          0x0800b98a   Section        0  usbd_ctlreq.o(i.USBD_CtlError)
    i.USBD_CtlPrepareRx                      0x0800b9a0   Section        0  usbd_ioreq.o(i.USBD_CtlPrepareRx)
    i.USBD_CtlReceiveStatus                  0x0800b9be   Section        0  usbd_ioreq.o(i.USBD_CtlReceiveStatus)
    i.USBD_CtlSendData                       0x0800b9d4   Section        0  usbd_ioreq.o(i.USBD_CtlSendData)
    i.USBD_CtlSendStatus                     0x0800b9ee   Section        0  usbd_ioreq.o(i.USBD_CtlSendStatus)
    i.USBD_FS_ConfigStrDescriptor            0x0800ba04   Section        0  usbd_desc.o(i.USBD_FS_ConfigStrDescriptor)
    i.USBD_FS_DeviceDescriptor               0x0800ba28   Section        0  usbd_desc.o(i.USBD_FS_DeviceDescriptor)
    i.USBD_FS_InterfaceStrDescriptor         0x0800ba34   Section        0  usbd_desc.o(i.USBD_FS_InterfaceStrDescriptor)
    i.USBD_FS_LangIDStrDescriptor            0x0800ba5c   Section        0  usbd_desc.o(i.USBD_FS_LangIDStrDescriptor)
    i.USBD_FS_ManufacturerStrDescriptor      0x0800ba68   Section        0  usbd_desc.o(i.USBD_FS_ManufacturerStrDescriptor)
    i.USBD_FS_ProductStrDescriptor           0x0800ba88   Section        0  usbd_desc.o(i.USBD_FS_ProductStrDescriptor)
    i.USBD_FS_SerialStrDescriptor            0x0800bab0   Section        0  usbd_desc.o(i.USBD_FS_SerialStrDescriptor)
    i.USBD_GetDescriptor                     0x0800bad4   Section        0  usbd_ctlreq.o(i.USBD_GetDescriptor)
    USBD_GetDescriptor                       0x0800bad5   Thumb Code   224  usbd_ctlreq.o(i.USBD_GetDescriptor)
    i.USBD_GetString                         0x0800bbb4   Section        0  usbd_ctlreq.o(i.USBD_GetString)
    i.USBD_Init                              0x0800bbfa   Section        0  usbd_core.o(i.USBD_Init)
    i.USBD_LL_ClearStallEP                   0x0800bc24   Section        0  usbd_conf.o(i.USBD_LL_ClearStallEP)
    i.USBD_LL_CloseEP                        0x0800bc44   Section        0  usbd_conf.o(i.USBD_LL_CloseEP)
    i.USBD_LL_DataInStage                    0x0800bc64   Section        0  usbd_core.o(i.USBD_LL_DataInStage)
    i.USBD_LL_DataOutStage                   0x0800bd0e   Section        0  usbd_core.o(i.USBD_LL_DataOutStage)
    i.USBD_LL_GetRxDataSize                  0x0800bd78   Section        0  usbd_conf.o(i.USBD_LL_GetRxDataSize)
    i.USBD_LL_Init                           0x0800bd80   Section        0  usbd_conf.o(i.USBD_LL_Init)
    i.USBD_LL_IsStallEP                      0x0800be60   Section        0  usbd_conf.o(i.USBD_LL_IsStallEP)
    i.USBD_LL_OpenEP                         0x0800be7c   Section        0  usbd_conf.o(i.USBD_LL_OpenEP)
    i.USBD_LL_PrepareReceive                 0x0800bea2   Section        0  usbd_conf.o(i.USBD_LL_PrepareReceive)
    i.USBD_LL_Reset                          0x0800bec2   Section        0  usbd_core.o(i.USBD_LL_Reset)
    i.USBD_LL_Resume                         0x0800bf00   Section        0  usbd_core.o(i.USBD_LL_Resume)
    i.USBD_LL_SOF                            0x0800bf0c   Section        0  usbd_core.o(i.USBD_LL_SOF)
    i.USBD_LL_SetSpeed                       0x0800bf24   Section        0  usbd_core.o(i.USBD_LL_SetSpeed)
    i.USBD_LL_SetUSBAddress                  0x0800bf2a   Section        0  usbd_conf.o(i.USBD_LL_SetUSBAddress)
    i.USBD_LL_SetupStage                     0x0800bf4a   Section        0  usbd_core.o(i.USBD_LL_SetupStage)
    i.USBD_LL_StallEP                        0x0800bfa4   Section        0  usbd_conf.o(i.USBD_LL_StallEP)
    i.USBD_LL_Start                          0x0800bfc4   Section        0  usbd_conf.o(i.USBD_LL_Start)
    i.USBD_LL_Suspend                        0x0800bfe4   Section        0  usbd_core.o(i.USBD_LL_Suspend)
    i.USBD_LL_Transmit                       0x0800bff6   Section        0  usbd_conf.o(i.USBD_LL_Transmit)
    i.USBD_ParseSetupRequest                 0x0800c016   Section        0  usbd_ctlreq.o(i.USBD_ParseSetupRequest)
    i.USBD_RegisterClass                     0x0800c03e   Section        0  usbd_core.o(i.USBD_RegisterClass)
    i.USBD_SetClassConfig                    0x0800c04e   Section        0  usbd_core.o(i.USBD_SetClassConfig)
    i.USBD_SetConfig                         0x0800c064   Section        0  usbd_ctlreq.o(i.USBD_SetConfig)
    USBD_SetConfig                           0x0800c065   Thumb Code   110  usbd_ctlreq.o(i.USBD_SetConfig)
    i.USBD_Start                             0x0800c0d8   Section        0  usbd_core.o(i.USBD_Start)
    i.USBD_StdDevReq                         0x0800c0e2   Section        0  usbd_ctlreq.o(i.USBD_StdDevReq)
    i.USBD_StdEPReq                          0x0800c1d4   Section        0  usbd_ctlreq.o(i.USBD_StdEPReq)
    i.USBD_StdItfReq                         0x0800c2b0   Section        0  usbd_ctlreq.o(i.USBD_StdItfReq)
    i.USBD_static_free                       0x0800c2e4   Section        0  usbd_conf.o(i.USBD_static_free)
    i.USBD_static_malloc                     0x0800c2e8   Section        0  usbd_conf.o(i.USBD_static_malloc)
    i.USB_ActivateEndpoint                   0x0800c2f0   Section        0  stm32f1xx_ll_usb.o(i.USB_ActivateEndpoint)
    i.USB_CoreInit                           0x0800c54c   Section        0  stm32f1xx_ll_usb.o(i.USB_CoreInit)
    i.USB_DeactivateEndpoint                 0x0800c550   Section        0  stm32f1xx_ll_usb.o(i.USB_DeactivateEndpoint)
    i.USB_DevConnect                         0x0800c674   Section        0  stm32f1xx_ll_usb.o(i.USB_DevConnect)
    i.USB_DevDisconnect                      0x0800c678   Section        0  stm32f1xx_ll_usb.o(i.USB_DevDisconnect)
    i.USB_DevInit                            0x0800c67c   Section        0  stm32f1xx_ll_usb.o(i.USB_DevInit)
    i.USB_DisableGlobalInt                   0x0800c69a   Section        0  stm32f1xx_ll_usb.o(i.USB_DisableGlobalInt)
    i.USB_EP0_OutStart                       0x0800c6a8   Section        0  stm32f1xx_ll_usb.o(i.USB_EP0_OutStart)
    i.USB_EPClearStall                       0x0800c6ac   Section        0  stm32f1xx_ll_usb.o(i.USB_EPClearStall)
    i.USB_EPSetStall                         0x0800c716   Section        0  stm32f1xx_ll_usb.o(i.USB_EPSetStall)
    i.USB_EPStartXfer                        0x0800c760   Section        0  stm32f1xx_ll_usb.o(i.USB_EPStartXfer)
    i.USB_EnableGlobalInt                    0x0800c90a   Section        0  stm32f1xx_ll_usb.o(i.USB_EnableGlobalInt)
    i.USB_LP_CAN1_RX0_IRQHandler             0x0800c918   Section        0  stm32f1xx_it.o(i.USB_LP_CAN1_RX0_IRQHandler)
    i.USB_ReadInterrupts                     0x0800c924   Section        0  stm32f1xx_ll_usb.o(i.USB_ReadInterrupts)
    i.USB_ReadPMA                            0x0800c92c   Section        0  stm32f1xx_ll_usb.o(i.USB_ReadPMA)
    i.USB_SetCurrentMode                     0x0800c94a   Section        0  stm32f1xx_ll_usb.o(i.USB_SetCurrentMode)
    i.USB_SetDevAddress                      0x0800c94e   Section        0  stm32f1xx_ll_usb.o(i.USB_SetDevAddress)
    i.USB_WritePMA                           0x0800c95a   Section        0  stm32f1xx_ll_usb.o(i.USB_WritePMA)
    i.UsageFault_Handler                     0x0800c980   Section        0  stm32f1xx_it.o(i.UsageFault_Handler)
    i._Error_Handler                         0x0800c984   Section        0  main.o(i._Error_Handler)
    i.__0printf$3                            0x0800c9b8   Section        0  printf3.o(i.__0printf$3)
    i.__scatterload_copy                     0x0800c9d8   Section       14  handlers.o(i.__scatterload_copy)
    i.__scatterload_null                     0x0800c9e6   Section        2  handlers.o(i.__scatterload_null)
    i.__scatterload_zeroinit                 0x0800c9e8   Section       14  handlers.o(i.__scatterload_zeroinit)
    i._printf_core                           0x0800c9f8   Section        0  printf3.o(i._printf_core)
    _printf_core                             0x0800c9f9   Thumb Code   436  printf3.o(i._printf_core)
    i.fputc                                  0x0800cbb0   Section        0  main.o(i.fputc)
    i.main                                   0x0800cbc8   Section        0  main.o(i.main)
    i.set_boot_dfu                           0x0800cc2c   Section        0  main.o(i.set_boot_dfu)
    i.writeusercfg                           0x0800cc40   Section        0  main.o(i.writeusercfg)
    .constdata                               0x0800cd08   Section        5  main.o(.constdata)
    __func__                                 0x0800cd08   Data           5  main.o(.constdata)
    .constdata                               0x0800cd10   Section       32  usbd_cdc_if.o(.constdata)
    .constdata                               0x0800cd30   Section       16  system_stm32f1xx.o(.constdata)
    .constdata                               0x0800cd40   Section        8  system_stm32f1xx.o(.constdata)
    .data                                    0x20000000   Section       16  usbd_cdc_if.o(.data)
    .data                                    0x20000010   Section        8  usbd_cdc_if.o(.data)
    .data                                    0x20000018   Section       28  usbd_desc.o(.data)
    .data                                    0x20000034   Section       22  usbd_desc.o(.data)
    .data                                    0x2000004c   Section        4  stm32f1xx_hal.o(.data)
    .data                                    0x20000050   Section        1  usbd_ctlreq.o(.data)
    cfgidx                                   0x20000050   Data           1  usbd_ctlreq.o(.data)
    .data                                    0x20000054   Section      532  usbd_cdc.o(.data)
    ifalt                                    0x20000054   Data           1  usbd_cdc.o(.data)
    USBD_CDC_DeviceQualifierDesc             0x20000058   Data          10  usbd_cdc.o(.data)
    .data                                    0x20000268   Section       56  usbd_cdc.o(.data)
    .data                                    0x200002a0   Section        4  system_stm32f1xx.o(.data)
    .data                                    0x200002a4   Section        4  stdout.o(.data)
    .bss                                     0x200002a8   Section     1200  usbd_conf.o(.bss)
    mem                                      0x200002a8   Data          80  usbd_conf.o(.bss)
    .bss                                     0x20000758   Section      548  usb_device.o(.bss)
    .bss                                     0x2000097c   Section      240  main.o(.bss)
    .bss                                     0x20000a6c   Section       68  main.o(.bss)
    .bss                                     0x20000ab0   Section       68  main.o(.bss)
    .bss                                     0x20000af4   Section       68  main.o(.bss)
    .bss                                     0x20000b38   Section       68  main.o(.bss)
    .bss                                     0x20000b7c   Section       68  main.o(.bss)
    .bss                                     0x20000bc0   Section     1248  usbd_cdc_if.o(.bss)
    .bss                                     0x200010a0   Section      512  usbd_desc.o(.bss)
    .bss                                     0x200012a0   Section       32  stm32f1xx_hal_flash.o(.bss)
    STACK                                    0x200012c0   Section     3072  startup_stm32f103xb.o(STACK)

    Global Symbols

    Symbol Name                              Value     Ov Type        Size  Object(Section)

    BuildAttributes$$THM_ISAv4$P$D$K$B$S$PE$A:L22UL41UL21$X:L11$S22US41US21$IEEE1$IW$USESV6$~STKCKD$USESV7$~SHL$OSPACE$ROPI$EBA8$MICROLIB$REQ8$PRES8$EABIv2 0x00000000   Number         0  anon$$obj.o ABSOLUTE
    __ARM_use_no_argv                        0x00000000   Number         0  main.o ABSOLUTE
    _printf_a                                0x00000000   Number         0  stubs.o ABSOLUTE
    _printf_c                                0x00000000   Number         0  stubs.o ABSOLUTE
    _printf_charcount                        0x00000000   Number         0  stubs.o ABSOLUTE
    _printf_d                                0x00000000   Number         0  stubs.o ABSOLUTE
    _printf_e                                0x00000000   Number         0  stubs.o ABSOLUTE
    _printf_f                                0x00000000   Number         0  stubs.o ABSOLUTE
    _printf_flags                            0x00000000   Number         0  stubs.o ABSOLUTE
    _printf_fp_dec                           0x00000000   Number         0  stubs.o ABSOLUTE
    _printf_fp_hex                           0x00000000   Number         0  stubs.o ABSOLUTE
    _printf_g                                0x00000000   Number         0  stubs.o ABSOLUTE
    _printf_i                                0x00000000   Number         0  stubs.o ABSOLUTE
    _printf_int_dec                          0x00000000   Number         0  stubs.o ABSOLUTE
    _printf_l                                0x00000000   Number         0  stubs.o ABSOLUTE
    _printf_lc                               0x00000000   Number         0  stubs.o ABSOLUTE
    _printf_ll                               0x00000000   Number         0  stubs.o ABSOLUTE
    _printf_lld                              0x00000000   Number         0  stubs.o ABSOLUTE
    _printf_lli                              0x00000000   Number         0  stubs.o ABSOLUTE
    _printf_llo                              0x00000000   Number         0  stubs.o ABSOLUTE
    _printf_llu                              0x00000000   Number         0  stubs.o ABSOLUTE
    _printf_llx                              0x00000000   Number         0  stubs.o ABSOLUTE
    _printf_longlong_dec                     0x00000000   Number         0  stubs.o ABSOLUTE
    _printf_longlong_hex                     0x00000000   Number         0  stubs.o ABSOLUTE
    _printf_longlong_oct                     0x00000000   Number         0  stubs.o ABSOLUTE
    _printf_ls                               0x00000000   Number         0  stubs.o ABSOLUTE
    _printf_mbtowc                           0x00000000   Number         0  stubs.o ABSOLUTE
    _printf_n                                0x00000000   Number         0  stubs.o ABSOLUTE
    _printf_o                                0x00000000   Number         0  stubs.o ABSOLUTE
    _printf_p                                0x00000000   Number         0  stubs.o ABSOLUTE
    _printf_percent                          0x00000000   Number         0  stubs.o ABSOLUTE
    _printf_pre_padding                      0x00000000   Number         0  stubs.o ABSOLUTE
    _printf_return_value                     0x00000000   Number         0  stubs.o ABSOLUTE
    _printf_s                                0x00000000   Number         0  stubs.o ABSOLUTE
    _printf_sizespec                         0x00000000   Number         0  stubs.o ABSOLUTE
    _printf_str                              0x00000000   Number         0  stubs.o ABSOLUTE
    _printf_truncate_signed                  0x00000000   Number         0  stubs.o ABSOLUTE
    _printf_truncate_unsigned                0x00000000   Number         0  stubs.o ABSOLUTE
    _printf_u                                0x00000000   Number         0  stubs.o ABSOLUTE
    _printf_wc                               0x00000000   Number         0  stubs.o ABSOLUTE
    _printf_wctomb                           0x00000000   Number         0  stubs.o ABSOLUTE
    _printf_widthprec                        0x00000000   Number         0  stubs.o ABSOLUTE
    _printf_x                                0x00000000   Number         0  stubs.o ABSOLUTE
    __cpp_initialize__aeabi_                  - Undefined Weak Reference
    __cxa_finalize                            - Undefined Weak Reference
    _clock_init                               - Undefined Weak Reference
    _microlib_exit                            - Undefined Weak Reference
    __Vectors_Size                           0x000000ec   Number         0  startup_stm32f103xb.o ABSOLUTE
    __Vectors                                0x08008000   Data           4  startup_stm32f103xb.o(RESET)
    __Vectors_End                            0x080080ec   Data           0  startup_stm32f103xb.o(RESET)
    __main                                   0x080080ed   Thumb Code     0  entry.o(.ARM.Collect$$$$00000000)
    _main_stk                                0x080080ed   Thumb Code     0  entry2.o(.ARM.Collect$$$$00000001)
    _main_scatterload                        0x080080f1   Thumb Code     0  entry5.o(.ARM.Collect$$$$00000004)
    __main_after_scatterload                 0x080080f5   Thumb Code     0  entry5.o(.ARM.Collect$$$$00000004)
    _main_clock                              0x080080f5   Thumb Code     0  entry7b.o(.ARM.Collect$$$$00000008)
    _main_cpp_init                           0x080080f5   Thumb Code     0  entry8b.o(.ARM.Collect$$$$0000000A)
    _main_init                               0x080080f5   Thumb Code     0  entry9a.o(.ARM.Collect$$$$0000000B)
    __rt_final_cpp                           0x080080fd   Thumb Code     0  entry10a.o(.ARM.Collect$$$$0000000D)
    __rt_final_exit                          0x080080fd   Thumb Code     0  entry11a.o(.ARM.Collect$$$$0000000F)
    Reset_Handler                            0x08008101   Thumb Code     8  startup_stm32f103xb.o(.text)
    CAN1_RX1_IRQHandler                      0x0800811b   Thumb Code     0  startup_stm32f103xb.o(.text)
    CAN1_SCE_IRQHandler                      0x0800811b   Thumb Code     0  startup_stm32f103xb.o(.text)
    DMA1_Channel2_IRQHandler                 0x0800811b   Thumb Code     0  startup_stm32f103xb.o(.text)
    DMA1_Channel3_IRQHandler                 0x0800811b   Thumb Code     0  startup_stm32f103xb.o(.text)
    EXTI0_IRQHandler                         0x0800811b   Thumb Code     0  startup_stm32f103xb.o(.text)
    EXTI15_10_IRQHandler                     0x0800811b   Thumb Code     0  startup_stm32f103xb.o(.text)
    EXTI1_IRQHandler                         0x0800811b   Thumb Code     0  startup_stm32f103xb.o(.text)
    EXTI2_IRQHandler                         0x0800811b   Thumb Code     0  startup_stm32f103xb.o(.text)
    EXTI3_IRQHandler                         0x0800811b   Thumb Code     0  startup_stm32f103xb.o(.text)
    EXTI4_IRQHandler                         0x0800811b   Thumb Code     0  startup_stm32f103xb.o(.text)
    EXTI9_5_IRQHandler                       0x0800811b   Thumb Code     0  startup_stm32f103xb.o(.text)
    FLASH_IRQHandler                         0x0800811b   Thumb Code     0  startup_stm32f103xb.o(.text)
    I2C1_ER_IRQHandler                       0x0800811b   Thumb Code     0  startup_stm32f103xb.o(.text)
    I2C1_EV_IRQHandler                       0x0800811b   Thumb Code     0  startup_stm32f103xb.o(.text)
    I2C2_ER_IRQHandler                       0x0800811b   Thumb Code     0  startup_stm32f103xb.o(.text)
    I2C2_EV_IRQHandler                       0x0800811b   Thumb Code     0  startup_stm32f103xb.o(.text)
    PVD_IRQHandler                           0x0800811b   Thumb Code     0  startup_stm32f103xb.o(.text)
    RCC_IRQHandler                           0x0800811b   Thumb Code     0  startup_stm32f103xb.o(.text)
    RTC_Alarm_IRQHandler                     0x0800811b   Thumb Code     0  startup_stm32f103xb.o(.text)
    RTC_IRQHandler                           0x0800811b   Thumb Code     0  startup_stm32f103xb.o(.text)
    SPI1_IRQHandler                          0x0800811b   Thumb Code     0  startup_stm32f103xb.o(.text)
    SPI2_IRQHandler                          0x0800811b   Thumb Code     0  startup_stm32f103xb.o(.text)
    TAMPER_IRQHandler                        0x0800811b   Thumb Code     0  startup_stm32f103xb.o(.text)
    TIM1_BRK_IRQHandler                      0x0800811b   Thumb Code     0  startup_stm32f103xb.o(.text)
    TIM1_CC_IRQHandler                       0x0800811b   Thumb Code     0  startup_stm32f103xb.o(.text)
    TIM1_TRG_COM_IRQHandler                  0x0800811b   Thumb Code     0  startup_stm32f103xb.o(.text)
    TIM2_IRQHandler                          0x0800811b   Thumb Code     0  startup_stm32f103xb.o(.text)
    TIM3_IRQHandler                          0x0800811b   Thumb Code     0  startup_stm32f103xb.o(.text)
    TIM4_IRQHandler                          0x0800811b   Thumb Code     0  startup_stm32f103xb.o(.text)
    USART3_IRQHandler                        0x0800811b   Thumb Code     0  startup_stm32f103xb.o(.text)
    USBWakeUp_IRQHandler                     0x0800811b   Thumb Code     0  startup_stm32f103xb.o(.text)
    USB_HP_CAN1_TX_IRQHandler                0x0800811b   Thumb Code     0  startup_stm32f103xb.o(.text)
    WWDG_IRQHandler                          0x0800811b   Thumb Code     0  startup_stm32f103xb.o(.text)
    __aeabi_llsr                             0x08008125   Thumb Code    32  llushr.o(.text)
    _ll_ushift_r                             0x08008125   Thumb Code     0  llushr.o(.text)
    __aeabi_memcpy                           0x08008145   Thumb Code    36  memcpya.o(.text)
    __aeabi_memcpy4                          0x08008145   Thumb Code     0  memcpya.o(.text)
    __aeabi_memcpy8                          0x08008145   Thumb Code     0  memcpya.o(.text)
    __aeabi_memset                           0x08008169   Thumb Code    14  memseta.o(.text)
    __aeabi_memset4                          0x08008169   Thumb Code     0  memseta.o(.text)
    __aeabi_memset8                          0x08008169   Thumb Code     0  memseta.o(.text)
    __aeabi_memclr                           0x08008177   Thumb Code     4  memseta.o(.text)
    __aeabi_memclr4                          0x08008177   Thumb Code     0  memseta.o(.text)
    __aeabi_memclr8                          0x08008177   Thumb Code     0  memseta.o(.text)
    _memset$wrapper                          0x0800817b   Thumb Code    18  memseta.o(.text)
    __aeabi_uidiv                            0x0800818d   Thumb Code     0  uidiv.o(.text)
    __aeabi_uidivmod                         0x0800818d   Thumb Code    44  uidiv.o(.text)
    __scatterload                            0x080081b9   Thumb Code    28  init.o(.text)
    __scatterload_rt2                        0x080081b9   Thumb Code     0  init.o(.text)
    __decompress                             0x080081dd   Thumb Code     0  __dczerorl2.o(.text)
    __decompress1                            0x080081dd   Thumb Code    86  __dczerorl2.o(.text)
    ADC1_2_IRQHandler                        0x08008235   Thumb Code     6  stm32f1xx_it.o(i.ADC1_2_IRQHandler)
    ADC_ConversionStop_Disable               0x08008241   Thumb Code    76  stm32f1xx_hal_adc.o(i.ADC_ConversionStop_Disable)
    ADC_DMAConvCplt                          0x0800828d   Thumb Code    78  stm32f1xx_hal_adc.o(i.ADC_DMAConvCplt)
    ADC_DMAError                             0x080082db   Thumb Code    26  stm32f1xx_hal_adc.o(i.ADC_DMAError)
    ADC_DMAHalfConvCplt                      0x080082f5   Thumb Code    10  stm32f1xx_hal_adc.o(i.ADC_DMAHalfConvCplt)
    ADC_Enable                               0x08008301   Thumb Code   104  stm32f1xx_hal_adc.o(i.ADC_Enable)
    BusFault_Handler                         0x08008371   Thumb Code     2  stm32f1xx_it.o(i.BusFault_Handler)
    CDC_Transmit_FS                          0x0800860d   Thumb Code    40  usbd_cdc_if.o(i.CDC_Transmit_FS)
    DMA1_Channel1_IRQHandler                 0x0800863d   Thumb Code     6  stm32f1xx_it.o(i.DMA1_Channel1_IRQHandler)
    DMA1_Channel4_IRQHandler                 0x08008649   Thumb Code     6  stm32f1xx_it.o(i.DMA1_Channel4_IRQHandler)
    DMA1_Channel5_IRQHandler                 0x08008655   Thumb Code     6  stm32f1xx_it.o(i.DMA1_Channel5_IRQHandler)
    DMA1_Channel6_IRQHandler                 0x08008661   Thumb Code     6  stm32f1xx_it.o(i.DMA1_Channel6_IRQHandler)
    DMA1_Channel7_IRQHandler                 0x0800866d   Thumb Code     6  stm32f1xx_it.o(i.DMA1_Channel7_IRQHandler)
    DebugMon_Handler                         0x080086a3   Thumb Code     2  stm32f1xx_it.o(i.DebugMon_Handler)
    FLASH_PageErase                          0x080086c9   Thumb Code    28  stm32f1xx_hal_flash_ex.o(i.FLASH_PageErase)
    FLASH_WaitForLastOperation               0x08008765   Thumb Code    80  stm32f1xx_hal_flash.o(i.FLASH_WaitForLastOperation)
    HAL_ADCEx_InjectedConvCpltCallback       0x080087b9   Thumb Code     2  stm32f1xx_hal_adc_ex.o(i.HAL_ADCEx_InjectedConvCpltCallback)
    HAL_ADC_ConfigChannel                    0x080087bd   Thumb Code   240  stm32f1xx_hal_adc.o(i.HAL_ADC_ConfigChannel)
    HAL_ADC_ConvCpltCallback                 0x080088b9   Thumb Code    44  usbd_cdc_if.o(i.HAL_ADC_ConvCpltCallback)
    HAL_ADC_ConvHalfCpltCallback             0x080088e9   Thumb Code     2  stm32f1xx_hal_adc.o(i.HAL_ADC_ConvHalfCpltCallback)
    HAL_ADC_ErrorCallback                    0x080088eb   Thumb Code     2  stm32f1xx_hal_adc.o(i.HAL_ADC_ErrorCallback)
    HAL_ADC_IRQHandler                       0x080088ed   Thumb Code   230  stm32f1xx_hal_adc.o(i.HAL_ADC_IRQHandler)
    HAL_ADC_Init                             0x080089d5   Thumb Code   272  stm32f1xx_hal_adc.o(i.HAL_ADC_Init)
    HAL_ADC_LevelOutOfWindowCallback         0x08008af1   Thumb Code     2  stm32f1xx_hal_adc.o(i.HAL_ADC_LevelOutOfWindowCallback)
    HAL_ADC_MspInit                          0x08008af5   Thumb Code   116  stm32f1xx_hal_msp.o(i.HAL_ADC_MspInit)
    HAL_ADC_Start_DMA                        0x08008b99   Thumb Code   246  stm32f1xx_hal_adc.o(i.HAL_ADC_Start_DMA)
    HAL_DMA_Abort_IT                         0x08008ca5   Thumb Code   148  stm32f1xx_hal_dma.o(i.HAL_DMA_Abort_IT)
    HAL_DMA_DeInit                           0x08008d3d   Thumb Code    76  stm32f1xx_hal_dma.o(i.HAL_DMA_DeInit)
    HAL_DMA_IRQHandler                       0x08008d91   Thumb Code   316  stm32f1xx_hal_dma.o(i.HAL_DMA_IRQHandler)
    HAL_DMA_Init                             0x08008ee5   Thumb Code    92  stm32f1xx_hal_dma.o(i.HAL_DMA_Init)
    HAL_DMA_Start_IT                         0x08008f49   Thumb Code   112  stm32f1xx_hal_dma.o(i.HAL_DMA_Start_IT)
    HAL_Delay                                0x08008fb9   Thumb Code    28  stm32f1xx_hal.o(i.HAL_Delay)
    HAL_FLASHEx_Erase                        0x08008fd5   Thumb Code   160  stm32f1xx_hal_flash_ex.o(i.HAL_FLASHEx_Erase)
    HAL_FLASH_Lock                           0x0800907d   Thumb Code    14  stm32f1xx_hal_flash.o(i.HAL_FLASH_Lock)
    HAL_FLASH_Program                        0x08009091   Thumb Code   120  stm32f1xx_hal_flash.o(i.HAL_FLASH_Program)
    HAL_FLASH_Unlock                         0x08009111   Thumb Code    24  stm32f1xx_hal_flash.o(i.HAL_FLASH_Unlock)
    HAL_GPIO_DeInit                          0x08009135   Thumb Code   204  stm32f1xx_hal_gpio.o(i.HAL_GPIO_DeInit)
    HAL_GPIO_Init                            0x08009219   Thumb Code   408  stm32f1xx_hal_gpio.o(i.HAL_GPIO_Init)
    HAL_GPIO_ReadPin                         0x080093d5   Thumb Code    10  stm32f1xx_hal_gpio.o(i.HAL_GPIO_ReadPin)
    HAL_GPIO_TogglePin                       0x080093df   Thumb Code     8  stm32f1xx_hal_gpio.o(i.HAL_GPIO_TogglePin)
    HAL_GPIO_WritePin                        0x080093e7   Thumb Code    10  stm32f1xx_hal_gpio.o(i.HAL_GPIO_WritePin)
    HAL_GetTick                              0x080093f1   Thumb Code     6  stm32f1xx_hal.o(i.HAL_GetTick)
    HAL_IncTick                              0x080093fd   Thumb Code    10  stm32f1xx_hal.o(i.HAL_IncTick)
    HAL_Init                                 0x0800940d   Thumb Code    32  stm32f1xx_hal.o(i.HAL_Init)
    HAL_InitTick                             0x08009431   Thumb Code    34  stm32f1xx_hal.o(i.HAL_InitTick)
    HAL_MspInit                              0x08009459   Thumb Code   122  stm32f1xx_hal_msp.o(i.HAL_MspInit)
    HAL_NVIC_DisableIRQ                      0x080094dd   Thumb Code    22  stm32f1xx_hal_cortex.o(i.HAL_NVIC_DisableIRQ)
    HAL_NVIC_EnableIRQ                       0x080094f3   Thumb Code    22  stm32f1xx_hal_cortex.o(i.HAL_NVIC_EnableIRQ)
    HAL_NVIC_SetPriority                     0x08009509   Thumb Code    60  stm32f1xx_hal_cortex.o(i.HAL_NVIC_SetPriority)
    HAL_NVIC_SetPriorityGrouping             0x08009549   Thumb Code    26  stm32f1xx_hal_cortex.o(i.HAL_NVIC_SetPriorityGrouping)
    HAL_NVIC_SystemReset                     0x0800956d   Thumb Code    26  stm32f1xx_hal_cortex.o(i.HAL_NVIC_SystemReset)
    HAL_PCDEx_PMAConfig                      0x08009591   Thumb Code    52  stm32f1xx_hal_pcd_ex.o(i.HAL_PCDEx_PMAConfig)
    HAL_PCDEx_SetConnectionState             0x080095c5   Thumb Code     2  usbd_conf.o(i.HAL_PCDEx_SetConnectionState)
    HAL_PCD_DataInStageCallback              0x080095c7   Thumb Code    14  usbd_conf.o(i.HAL_PCD_DataInStageCallback)
    HAL_PCD_DataOutStageCallback             0x080095d5   Thumb Code    16  usbd_conf.o(i.HAL_PCD_DataOutStageCallback)
    HAL_PCD_EP_Close                         0x080095e5   Thumb Code    64  stm32f1xx_hal_pcd.o(i.HAL_PCD_EP_Close)
    HAL_PCD_EP_ClrStall                      0x08009625   Thumb Code    72  stm32f1xx_hal_pcd.o(i.HAL_PCD_EP_ClrStall)
    HAL_PCD_EP_GetRxCount                    0x0800966d   Thumb Code    16  stm32f1xx_hal_pcd.o(i.HAL_PCD_EP_GetRxCount)
    HAL_PCD_EP_Open                          0x0800967d   Thumb Code    68  stm32f1xx_hal_pcd.o(i.HAL_PCD_EP_Open)
    HAL_PCD_EP_Receive                       0x080096c1   Thumb Code    46  stm32f1xx_hal_pcd.o(i.HAL_PCD_EP_Receive)
    HAL_PCD_EP_SetStall                      0x080096ef   Thumb Code    86  stm32f1xx_hal_pcd.o(i.HAL_PCD_EP_SetStall)
    HAL_PCD_EP_Transmit                      0x08009745   Thumb Code    42  stm32f1xx_hal_pcd.o(i.HAL_PCD_EP_Transmit)
    HAL_PCD_IRQHandler                       0x0800976f   Thumb Code   268  stm32f1xx_hal_pcd.o(i.HAL_PCD_IRQHandler)
    HAL_PCD_Init                             0x0800987d   Thumb Code   192  stm32f1xx_hal_pcd.o(i.HAL_PCD_Init)
    HAL_PCD_MspInit                          0x0800993d   Thumb Code    50  usbd_conf.o(i.HAL_PCD_MspInit)
    HAL_PCD_ResetCallback                    0x08009979   Thumb Code    26  usbd_conf.o(i.HAL_PCD_ResetCallback)
    HAL_PCD_ResumeCallback                   0x08009993   Thumb Code     8  usbd_conf.o(i.HAL_PCD_ResumeCallback)
    HAL_PCD_SOFCallback                      0x0800999b   Thumb Code     8  usbd_conf.o(i.HAL_PCD_SOFCallback)
    HAL_PCD_SetAddress                       0x080099a3   Thumb Code    40  stm32f1xx_hal_pcd.o(i.HAL_PCD_SetAddress)
    HAL_PCD_SetupStageCallback               0x080099cb   Thumb Code    14  usbd_conf.o(i.HAL_PCD_SetupStageCallback)
    HAL_PCD_Start                            0x080099d9   Thumb Code    50  stm32f1xx_hal_pcd.o(i.HAL_PCD_Start)
    HAL_PCD_SuspendCallback                  0x08009a0d   Thumb Code    30  usbd_conf.o(i.HAL_PCD_SuspendCallback)
    HAL_RCCEx_PeriphCLKConfig                0x08009a31   Thumb Code   224  stm32f1xx_hal_rcc_ex.o(i.HAL_RCCEx_PeriphCLKConfig)
    HAL_RCC_ClockConfig                      0x08009b1d   Thumb Code   322  stm32f1xx_hal_rcc.o(i.HAL_RCC_ClockConfig)
    HAL_RCC_GetHCLKFreq                      0x08009c71   Thumb Code     6  stm32f1xx_hal_rcc.o(i.HAL_RCC_GetHCLKFreq)
    HAL_RCC_GetPCLK1Freq                     0x08009c7d   Thumb Code    20  stm32f1xx_hal_rcc.o(i.HAL_RCC_GetPCLK1Freq)
    HAL_RCC_GetPCLK2Freq                     0x08009c9d   Thumb Code    20  stm32f1xx_hal_rcc.o(i.HAL_RCC_GetPCLK2Freq)
    HAL_RCC_GetSysClockFreq                  0x08009cbd   Thumb Code    74  stm32f1xx_hal_rcc.o(i.HAL_RCC_GetSysClockFreq)
    HAL_RCC_OscConfig                        0x08009d29   Thumb Code   750  stm32f1xx_hal_rcc.o(i.HAL_RCC_OscConfig)
    HAL_SYSTICK_CLKSourceConfig              0x0800a02d   Thumb Code    24  stm32f1xx_hal_cortex.o(i.HAL_SYSTICK_CLKSourceConfig)
    HAL_SYSTICK_Callback                     0x0800a045   Thumb Code     2  stm32f1xx_hal_cortex.o(i.HAL_SYSTICK_Callback)
    HAL_SYSTICK_Config                       0x0800a047   Thumb Code    40  stm32f1xx_hal_cortex.o(i.HAL_SYSTICK_Config)
    HAL_SYSTICK_IRQHandler                   0x0800a06f   Thumb Code     8  stm32f1xx_hal_cortex.o(i.HAL_SYSTICK_IRQHandler)
    HAL_TIMEx_BreakCallback                  0x0800a077   Thumb Code     2  stm32f1xx_hal_tim_ex.o(i.HAL_TIMEx_BreakCallback)
    HAL_TIMEx_CommutationCallback            0x0800a079   Thumb Code     2  stm32f1xx_hal_tim_ex.o(i.HAL_TIMEx_CommutationCallback)
    HAL_TIMEx_MasterConfigSynchronization    0x0800a07b   Thumb Code    80  stm32f1xx_hal_tim_ex.o(i.HAL_TIMEx_MasterConfigSynchronization)
    HAL_TIM_Base_Init                        0x0800a0cb   Thumb Code    54  stm32f1xx_hal_tim.o(i.HAL_TIM_Base_Init)
    HAL_TIM_Base_MspInit                     0x0800a101   Thumb Code    50  stm32f1xx_hal_msp.o(i.HAL_TIM_Base_MspInit)
    HAL_TIM_Base_Start_IT                    0x0800a13d   Thumb Code    24  stm32f1xx_hal_tim.o(i.HAL_TIM_Base_Start_IT)
    HAL_TIM_ConfigClockSource                0x0800a155   Thumb Code   242  stm32f1xx_hal_tim.o(i.HAL_TIM_ConfigClockSource)
    HAL_TIM_IC_CaptureCallback               0x0800a247   Thumb Code     2  stm32f1xx_hal_tim.o(i.HAL_TIM_IC_CaptureCallback)
    HAL_TIM_IRQHandler                       0x0800a249   Thumb Code   358  stm32f1xx_hal_tim.o(i.HAL_TIM_IRQHandler)
    HAL_TIM_OC_DelayElapsedCallback          0x0800a3af   Thumb Code     2  stm32f1xx_hal_tim.o(i.HAL_TIM_OC_DelayElapsedCallback)
    HAL_TIM_PWM_PulseFinishedCallback        0x0800a3b1   Thumb Code     2  stm32f1xx_hal_tim.o(i.HAL_TIM_PWM_PulseFinishedCallback)
    HAL_TIM_PeriodElapsedCallback            0x0800a3b5   Thumb Code    90  main.o(i.HAL_TIM_PeriodElapsedCallback)
    HAL_TIM_TriggerCallback                  0x0800a419   Thumb Code     2  stm32f1xx_hal_tim.o(i.HAL_TIM_TriggerCallback)
    HAL_UART_DeInit                          0x0800a41b   Thumb Code    40  stm32f1xx_hal_uart.o(i.HAL_UART_DeInit)
    HAL_UART_ErrorCallback                   0x0800a445   Thumb Code    80  main.o(i.HAL_UART_ErrorCallback)
    HAL_UART_IRQHandler                      0x0800a4b1   Thumb Code   266  stm32f1xx_hal_uart.o(i.HAL_UART_IRQHandler)
    HAL_UART_Init                            0x0800a5c1   Thumb Code    98  stm32f1xx_hal_uart.o(i.HAL_UART_Init)
    HAL_UART_MspDeInit                       0x0800a625   Thumb Code    96  stm32f1xx_hal_msp.o(i.HAL_UART_MspDeInit)
    HAL_UART_MspInit                         0x0800a695   Thumb Code   346  stm32f1xx_hal_msp.o(i.HAL_UART_MspInit)
    HAL_UART_Receive_DMA                     0x0800a831   Thumb Code   138  stm32f1xx_hal_uart.o(i.HAL_UART_Receive_DMA)
    HAL_UART_RxCpltCallback                  0x0800a8c9   Thumb Code   100  main.o(i.HAL_UART_RxCpltCallback)
    HAL_UART_RxHalfCpltCallback              0x0800a949   Thumb Code     2  stm32f1xx_hal_uart.o(i.HAL_UART_RxHalfCpltCallback)
    HAL_UART_Transmit                        0x0800a94b   Thumb Code   186  stm32f1xx_hal_uart.o(i.HAL_UART_Transmit)
    HAL_UART_Transmit_DMA                    0x0800aa05   Thumb Code   114  stm32f1xx_hal_uart.o(i.HAL_UART_Transmit_DMA)
    HAL_UART_TxCpltCallback                  0x0800aa85   Thumb Code     2  stm32f1xx_hal_uart.o(i.HAL_UART_TxCpltCallback)
    HAL_UART_TxHalfCpltCallback              0x0800aa87   Thumb Code     2  stm32f1xx_hal_uart.o(i.HAL_UART_TxHalfCpltCallback)
    HardFault_Handler                        0x0800aa89   Thumb Code     2  stm32f1xx_it.o(i.HardFault_Handler)
    MX_USB_DEVICE_Init                       0x0800adc5   Thumb Code    38  usb_device.o(i.MX_USB_DEVICE_Init)
    MemManage_Handler                        0x0800adfd   Thumb Code     2  stm32f1xx_it.o(i.MemManage_Handler)
    NMI_Handler                              0x0800adff   Thumb Code     2  stm32f1xx_it.o(i.NMI_Handler)
    PendSV_Handler                           0x0800b183   Thumb Code     2  stm32f1xx_it.o(i.PendSV_Handler)
    SVC_Handler                              0x0800b185   Thumb Code     2  stm32f1xx_it.o(i.SVC_Handler)
    SysTick_Handler                          0x0800b187   Thumb Code    14  stm32f1xx_it.o(i.SysTick_Handler)
    SystemClock_Config                       0x0800b195   Thumb Code   144  main.o(i.SystemClock_Config)
    SystemInit                               0x0800b235   Thumb Code    56  system_stm32f1xx.o(i.SystemInit)
    TIM1_UP_IRQHandler                       0x0800b281   Thumb Code     6  stm32f1xx_it.o(i.TIM1_UP_IRQHandler)
    TIM_Base_SetConfig                       0x0800b28d   Thumb Code    94  stm32f1xx_hal_tim.o(i.TIM_Base_SetConfig)
    USART1_IRQHandler                        0x0800b739   Thumb Code     6  stm32f1xx_it.o(i.USART1_IRQHandler)
    USART2_IRQHandler                        0x0800b745   Thumb Code     6  stm32f1xx_it.o(i.USART2_IRQHandler)
    USBD_CDC_GetDeviceQualifierDescriptor    0x0800b815   Thumb Code     8  usbd_cdc.o(i.USBD_CDC_GetDeviceQualifierDescriptor)
    USBD_CDC_RegisterInterface               0x0800b8d1   Thumb Code    16  usbd_cdc.o(i.USBD_CDC_RegisterInterface)
    USBD_ClrClassConfig                      0x0800b95d   Thumb Code    14  usbd_core.o(i.USBD_ClrClassConfig)
    USBD_CtlContinueRx                       0x0800b96b   Thumb Code    16  usbd_ioreq.o(i.USBD_CtlContinueRx)
    USBD_CtlContinueSendData                 0x0800b97b   Thumb Code    16  usbd_ioreq.o(i.USBD_CtlContinueSendData)
    USBD_CtlError                            0x0800b98b   Thumb Code    22  usbd_ctlreq.o(i.USBD_CtlError)
    USBD_CtlPrepareRx                        0x0800b9a1   Thumb Code    30  usbd_ioreq.o(i.USBD_CtlPrepareRx)
    USBD_CtlReceiveStatus                    0x0800b9bf   Thumb Code    22  usbd_ioreq.o(i.USBD_CtlReceiveStatus)
    USBD_CtlSendData                         0x0800b9d5   Thumb Code    26  usbd_ioreq.o(i.USBD_CtlSendData)
    USBD_CtlSendStatus                       0x0800b9ef   Thumb Code    22  usbd_ioreq.o(i.USBD_CtlSendStatus)
    USBD_FS_ConfigStrDescriptor              0x0800ba05   Thumb Code    16  usbd_desc.o(i.USBD_FS_ConfigStrDescriptor)
    USBD_FS_DeviceDescriptor                 0x0800ba29   Thumb Code     8  usbd_desc.o(i.USBD_FS_DeviceDescriptor)
    USBD_FS_InterfaceStrDescriptor           0x0800ba35   Thumb Code    16  usbd_desc.o(i.USBD_FS_InterfaceStrDescriptor)
    USBD_FS_LangIDStrDescriptor              0x0800ba5d   Thumb Code     8  usbd_desc.o(i.USBD_FS_LangIDStrDescriptor)
    USBD_FS_ManufacturerStrDescriptor        0x0800ba69   Thumb Code    16  usbd_desc.o(i.USBD_FS_ManufacturerStrDescriptor)
    USBD_FS_ProductStrDescriptor             0x0800ba89   Thumb Code    16  usbd_desc.o(i.USBD_FS_ProductStrDescriptor)
    USBD_FS_SerialStrDescriptor              0x0800bab1   Thumb Code    16  usbd_desc.o(i.USBD_FS_SerialStrDescriptor)
    USBD_GetString                           0x0800bbb5   Thumb Code    70  usbd_ctlreq.o(i.USBD_GetString)
    USBD_Init                                0x0800bbfb   Thumb Code    42  usbd_core.o(i.USBD_Init)
    USBD_LL_ClearStallEP                     0x0800bc25   Thumb Code    32  usbd_conf.o(i.USBD_LL_ClearStallEP)
    USBD_LL_CloseEP                          0x0800bc45   Thumb Code    32  usbd_conf.o(i.USBD_LL_CloseEP)
    USBD_LL_DataInStage                      0x0800bc65   Thumb Code   170  usbd_core.o(i.USBD_LL_DataInStage)
    USBD_LL_DataOutStage                     0x0800bd0f   Thumb Code   106  usbd_core.o(i.USBD_LL_DataOutStage)
    USBD_LL_GetRxDataSize                    0x0800bd79   Thumb Code     8  usbd_conf.o(i.USBD_LL_GetRxDataSize)
    USBD_LL_Init                             0x0800bd81   Thumb Code   196  usbd_conf.o(i.USBD_LL_Init)
    USBD_LL_IsStallEP                        0x0800be61   Thumb Code    28  usbd_conf.o(i.USBD_LL_IsStallEP)
    USBD_LL_OpenEP                           0x0800be7d   Thumb Code    38  usbd_conf.o(i.USBD_LL_OpenEP)
    USBD_LL_PrepareReceive                   0x0800bea3   Thumb Code    32  usbd_conf.o(i.USBD_LL_PrepareReceive)
    USBD_LL_Reset                            0x0800bec3   Thumb Code    62  usbd_core.o(i.USBD_LL_Reset)
    USBD_LL_Resume                           0x0800bf01   Thumb Code    12  usbd_core.o(i.USBD_LL_Resume)
    USBD_LL_SOF                              0x0800bf0d   Thumb Code    24  usbd_core.o(i.USBD_LL_SOF)
    USBD_LL_SetSpeed                         0x0800bf25   Thumb Code     6  usbd_core.o(i.USBD_LL_SetSpeed)
    USBD_LL_SetUSBAddress                    0x0800bf2b   Thumb Code    32  usbd_conf.o(i.USBD_LL_SetUSBAddress)
    USBD_LL_SetupStage                       0x0800bf4b   Thumb Code    90  usbd_core.o(i.USBD_LL_SetupStage)
    USBD_LL_StallEP                          0x0800bfa5   Thumb Code    32  usbd_conf.o(i.USBD_LL_StallEP)
    USBD_LL_Start                            0x0800bfc5   Thumb Code    32  usbd_conf.o(i.USBD_LL_Start)
    USBD_LL_Suspend                          0x0800bfe5   Thumb Code    18  usbd_core.o(i.USBD_LL_Suspend)
    USBD_LL_Transmit                         0x0800bff7   Thumb Code    32  usbd_conf.o(i.USBD_LL_Transmit)
    USBD_ParseSetupRequest                   0x0800c017   Thumb Code    40  usbd_ctlreq.o(i.USBD_ParseSetupRequest)
    USBD_RegisterClass                       0x0800c03f   Thumb Code    16  usbd_core.o(i.USBD_RegisterClass)
    USBD_SetClassConfig                      0x0800c04f   Thumb Code    22  usbd_core.o(i.USBD_SetClassConfig)
    USBD_Start                               0x0800c0d9   Thumb Code    10  usbd_core.o(i.USBD_Start)
    USBD_StdDevReq                           0x0800c0e3   Thumb Code   242  usbd_ctlreq.o(i.USBD_StdDevReq)
    USBD_StdEPReq                            0x0800c1d5   Thumb Code   220  usbd_ctlreq.o(i.USBD_StdEPReq)
    USBD_StdItfReq                           0x0800c2b1   Thumb Code    52  usbd_ctlreq.o(i.USBD_StdItfReq)
    USBD_static_free                         0x0800c2e5   Thumb Code     2  usbd_conf.o(i.USBD_static_free)
    USBD_static_malloc                       0x0800c2e9   Thumb Code     4  usbd_conf.o(i.USBD_static_malloc)
    USB_ActivateEndpoint                     0x0800c2f1   Thumb Code   604  stm32f1xx_ll_usb.o(i.USB_ActivateEndpoint)
    USB_CoreInit                             0x0800c54d   Thumb Code     4  stm32f1xx_ll_usb.o(i.USB_CoreInit)
    USB_DeactivateEndpoint                   0x0800c551   Thumb Code   292  stm32f1xx_ll_usb.o(i.USB_DeactivateEndpoint)
    USB_DevConnect                           0x0800c675   Thumb Code     4  stm32f1xx_ll_usb.o(i.USB_DevConnect)
    USB_DevDisconnect                        0x0800c679   Thumb Code     4  stm32f1xx_ll_usb.o(i.USB_DevDisconnect)
    USB_DevInit                              0x0800c67d   Thumb Code    30  stm32f1xx_ll_usb.o(i.USB_DevInit)
    USB_DisableGlobalInt                     0x0800c69b   Thumb Code    14  stm32f1xx_ll_usb.o(i.USB_DisableGlobalInt)
    USB_EP0_OutStart                         0x0800c6a9   Thumb Code     4  stm32f1xx_ll_usb.o(i.USB_EP0_OutStart)
    USB_EPClearStall                         0x0800c6ad   Thumb Code   106  stm32f1xx_ll_usb.o(i.USB_EPClearStall)
    USB_EPSetStall                           0x0800c717   Thumb Code    74  stm32f1xx_ll_usb.o(i.USB_EPSetStall)
    USB_EPStartXfer                          0x0800c761   Thumb Code   426  stm32f1xx_ll_usb.o(i.USB_EPStartXfer)
    USB_EnableGlobalInt                      0x0800c90b   Thumb Code    14  stm32f1xx_ll_usb.o(i.USB_EnableGlobalInt)
    USB_LP_CAN1_RX0_IRQHandler               0x0800c919   Thumb Code     6  stm32f1xx_it.o(i.USB_LP_CAN1_RX0_IRQHandler)
    USB_ReadInterrupts                       0x0800c925   Thumb Code     6  stm32f1xx_ll_usb.o(i.USB_ReadInterrupts)
    USB_ReadPMA                              0x0800c92d   Thumb Code    30  stm32f1xx_ll_usb.o(i.USB_ReadPMA)
    USB_SetCurrentMode                       0x0800c94b   Thumb Code     4  stm32f1xx_ll_usb.o(i.USB_SetCurrentMode)
    USB_SetDevAddress                        0x0800c94f   Thumb Code    12  stm32f1xx_ll_usb.o(i.USB_SetDevAddress)
    USB_WritePMA                             0x0800c95b   Thumb Code    38  stm32f1xx_ll_usb.o(i.USB_WritePMA)
    UsageFault_Handler                       0x0800c981   Thumb Code     2  stm32f1xx_it.o(i.UsageFault_Handler)
    _Error_Handler                           0x0800c985   Thumb Code    26  main.o(i._Error_Handler)
    __0printf$3                              0x0800c9b9   Thumb Code    22  printf3.o(i.__0printf$3)
    __1printf$3                              0x0800c9b9   Thumb Code     0  printf3.o(i.__0printf$3)
    __2printf                                0x0800c9b9   Thumb Code     0  printf3.o(i.__0printf$3)
    __scatterload_copy                       0x0800c9d9   Thumb Code    14  handlers.o(i.__scatterload_copy)
    __scatterload_null                       0x0800c9e7   Thumb Code     2  handlers.o(i.__scatterload_null)
    __scatterload_zeroinit                   0x0800c9e9   Thumb Code    14  handlers.o(i.__scatterload_zeroinit)
    fputc                                    0x0800cbb1   Thumb Code    20  main.o(i.fputc)
    main                                     0x0800cbc9   Thumb Code    72  main.o(i.main)
    set_boot_dfu                             0x0800cc2d   Thumb Code    18  main.o(i.set_boot_dfu)
    writeusercfg                             0x0800cc41   Thumb Code   106  main.o(i.writeusercfg)
    AHBPrescTable                            0x0800cd30   Data          16  system_stm32f1xx.o(.constdata)
    APBPrescTable                            0x0800cd40   Data           8  system_stm32f1xx.o(.constdata)
    Region$$Table$$Base                      0x0800cd48   Number         0  anon$$obj.o(Region$$Table)
    Region$$Table$$Limit                     0x0800cd68   Number         0  anon$$obj.o(Region$$Table)
    USBD_Interface_fops_FS                   0x20000000   Data          16  usbd_cdc_if.o(.data)
    IoBuffer                                 0x20000010   Data           8  usbd_cdc_if.o(.data)
    FS_Desc                                  0x20000018   Data          28  usbd_desc.o(.data)
    USBD_LangIDDesc                          0x20000034   Data           4  usbd_desc.o(.data)
    USBD_FS_DeviceDesc                       0x20000038   Data          18  usbd_desc.o(.data)
    uwTick                                   0x2000004c   Data           4  stm32f1xx_hal.o(.data)
    USBD_CDC_CfgHSDesc                       0x20000064   Data         172  usbd_cdc.o(.data)
    USBD_CDC_CfgFSDesc                       0x20000110   Data         172  usbd_cdc.o(.data)
    USBD_CDC_OtherSpeedCfgDesc               0x200001bc   Data         172  usbd_cdc.o(.data)
    USBD_CDC                                 0x20000268   Data          56  usbd_cdc.o(.data)
    SystemCoreClock                          0x200002a0   Data           4  system_stm32f1xx.o(.data)
    __stdout                                 0x200002a4   Data           4  stdout.o(.data)
    hpcd_USB_FS                              0x200002f8   Data        1120  usbd_conf.o(.bss)
    hUsbDeviceFS                             0x20000758   Data         548  usb_device.o(.bss)
    hadc1                                    0x2000097c   Data          48  main.o(.bss)
    htim1                                    0x200009ac   Data          64  main.o(.bss)
    huart1                                   0x200009ec   Data          64  main.o(.bss)
    huart2                                   0x20000a2c   Data          64  main.o(.bss)
    hdma_adc1                                0x20000a6c   Data          68  main.o(.bss)
    hdma_usart1_rx                           0x20000ab0   Data          68  main.o(.bss)
    hdma_usart1_tx                           0x20000af4   Data          68  main.o(.bss)
    hdma_usart2_rx                           0x20000b38   Data          68  main.o(.bss)
    hdma_usart2_tx                           0x20000b7c   Data          68  main.o(.bss)
    LineCoding                               0x20000bc0   Data          16  usbd_cdc_if.o(.bss)
    RxBuffer                                 0x20000bd0   Data         128  usbd_cdc_if.o(.bss)
    TxQueue                                  0x20000c50   Data        1040  usbd_cdc_if.o(.bss)
    g_adcdata                                0x20001060   Data          64  usbd_cdc_if.o(.bss)
    USBD_StrDesc                             0x200010a0   Data         512  usbd_desc.o(.bss)
    pFlash                                   0x200012a0   Data          32  stm32f1xx_hal_flash.o(.bss)
    __initial_sp                             0x20001ec0   Data           0  startup_stm32f103xb.o(STACK)



==============================================================================

Memory Map of the image

  Image Entry point : 0x080080ed

  Load Region LR_IROM1 (Base: 0x08008000, Size: 0x00005010, Max: 0x00010000, ABSOLUTE, COMPRESSED[0x00004e6c])

    Execution Region ER_IROM1 (Exec base: 0x08008000, Load base: 0x08008000, Size: 0x00004d68, Max: 0x00010000, ABSOLUTE)

    Exec Addr    Load Addr    Size         Type   Attr      Idx    E Section Name        Object

    0x08008000   0x08008000   0x000000ec   Data   RO         4027    RESET               startup_stm32f103xb.o
    0x080080ec   0x080080ec   0x00000000   Code   RO         4032  * .ARM.Collect$$$$00000000  mc_w.l(entry.o)
    0x080080ec   0x080080ec   0x00000004   Code   RO         4304    .ARM.Collect$$$$00000001  mc_w.l(entry2.o)
    0x080080f0   0x080080f0   0x00000004   Code   RO         4307    .ARM.Collect$$$$00000004  mc_w.l(entry5.o)
    0x080080f4   0x080080f4   0x00000000   Code   RO         4309    .ARM.Collect$$$$00000008  mc_w.l(entry7b.o)
    0x080080f4   0x080080f4   0x00000000   Code   RO         4311    .ARM.Collect$$$$0000000A  mc_w.l(entry8b.o)
    0x080080f4   0x080080f4   0x00000008   Code   RO         4312    .ARM.Collect$$$$0000000B  mc_w.l(entry9a.o)
    0x080080fc   0x080080fc   0x00000000   Code   RO         4314    .ARM.Collect$$$$0000000D  mc_w.l(entry10a.o)
    0x080080fc   0x080080fc   0x00000000   Code   RO         4316    .ARM.Collect$$$$0000000F  mc_w.l(entry11a.o)
    0x080080fc   0x080080fc   0x00000004   Code   RO         4305    .ARM.Collect$$$$00002712  mc_w.l(entry2.o)
    0x08008100   0x08008100   0x00000024   Code   RO         4028    .text               startup_stm32f103xb.o
    0x08008124   0x08008124   0x00000020   Code   RO         4035    .text               mc_w.l(llushr.o)
    0x08008144   0x08008144   0x00000024   Code   RO         4037    .text               mc_w.l(memcpya.o)
    0x08008168   0x08008168   0x00000024   Code   RO         4039    .text               mc_w.l(memseta.o)
    0x0800818c   0x0800818c   0x0000002c   Code   RO         4319    .text               mc_w.l(uidiv.o)
    0x080081b8   0x080081b8   0x00000024   Code   RO         4334    .text               mc_w.l(init.o)
    0x080081dc   0x080081dc   0x00000056   Code   RO         4350    .text               mc_w.l(__dczerorl2.o)
    0x08008232   0x08008232   0x00000002   PAD
    0x08008234   0x08008234   0x0000000c   Code   RO          335    i.ADC1_2_IRQHandler  stm32f1xx_it.o
    0x08008240   0x08008240   0x0000004c   Code   RO         2356    i.ADC_ConversionStop_Disable  stm32f1xx_hal_adc.o
    0x0800828c   0x0800828c   0x0000004e   Code   RO         2357    i.ADC_DMAConvCplt   stm32f1xx_hal_adc.o
    0x080082da   0x080082da   0x0000001a   Code   RO         2358    i.ADC_DMAError      stm32f1xx_hal_adc.o
    0x080082f4   0x080082f4   0x0000000a   Code   RO         2359    i.ADC_DMAHalfConvCplt  stm32f1xx_hal_adc.o
    0x080082fe   0x080082fe   0x00000002   PAD
    0x08008300   0x08008300   0x00000070   Code   RO         2360    i.ADC_Enable        stm32f1xx_hal_adc.o
    0x08008370   0x08008370   0x00000002   Code   RO          336    i.BusFault_Handler  stm32f1xx_it.o
    0x08008372   0x08008372   0x00000002   PAD
    0x08008374   0x08008374   0x00000078   Code   RO          691    i.CDC_Control_FS    usbd_cdc_if.o
    0x080083ec   0x080083ec   0x00000004   Code   RO          692    i.CDC_DeInit_FS     usbd_cdc_if.o
    0x080083f0   0x080083f0   0x00000080   Code   RO          693    i.CDC_Init_FS       usbd_cdc_if.o
    0x08008470   0x08008470   0x00000118   Code   RO          694    i.CDC_IoReq_Process  usbd_cdc_if.o
    0x08008588   0x08008588   0x00000010   Code   RO          695    i.CDC_IoResponse    usbd_cdc_if.o
    0x08008598   0x08008598   0x00000074   Code   RO          696    i.CDC_Receive_FS    usbd_cdc_if.o
    0x0800860c   0x0800860c   0x00000030   Code   RO          697    i.CDC_Transmit_FS   usbd_cdc_if.o
    0x0800863c   0x0800863c   0x0000000c   Code   RO          337    i.DMA1_Channel1_IRQHandler  stm32f1xx_it.o
    0x08008648   0x08008648   0x0000000c   Code   RO          338    i.DMA1_Channel4_IRQHandler  stm32f1xx_it.o
    0x08008654   0x08008654   0x0000000c   Code   RO          339    i.DMA1_Channel5_IRQHandler  stm32f1xx_it.o
    0x08008660   0x08008660   0x0000000c   Code   RO          340    i.DMA1_Channel6_IRQHandler  stm32f1xx_it.o
    0x0800866c   0x0800866c   0x0000000c   Code   RO          341    i.DMA1_Channel7_IRQHandler  stm32f1xx_it.o
    0x08008678   0x08008678   0x0000002a   Code   RO         2572    i.DMA_SetConfig     stm32f1xx_hal_dma.o
    0x080086a2   0x080086a2   0x00000002   Code   RO          342    i.DebugMon_Handler  stm32f1xx_it.o
    0x080086a4   0x080086a4   0x00000024   Code   RO         2792    i.FLASH_MassErase   stm32f1xx_hal_flash_ex.o
    0x080086c8   0x080086c8   0x00000024   Code   RO         2797    i.FLASH_PageErase   stm32f1xx_hal_flash_ex.o
    0x080086ec   0x080086ec   0x0000001c   Code   RO         3203    i.FLASH_Program_HalfWord  stm32f1xx_hal_flash.o
    0x08008708   0x08008708   0x0000005c   Code   RO         3204    i.FLASH_SetErrorCode  stm32f1xx_hal_flash.o
    0x08008764   0x08008764   0x00000054   Code   RO         3205    i.FLASH_WaitForLastOperation  stm32f1xx_hal_flash.o
    0x080087b8   0x080087b8   0x00000002   Code   RO         3308    i.HAL_ADCEx_InjectedConvCpltCallback  stm32f1xx_hal_adc_ex.o
    0x080087ba   0x080087ba   0x00000002   PAD
    0x080087bc   0x080087bc   0x000000fc   Code   RO         2362    i.HAL_ADC_ConfigChannel  stm32f1xx_hal_adc.o
    0x080088b8   0x080088b8   0x00000030   Code   RO          698    i.HAL_ADC_ConvCpltCallback  usbd_cdc_if.o
    0x080088e8   0x080088e8   0x00000002   Code   RO         2364    i.HAL_ADC_ConvHalfCpltCallback  stm32f1xx_hal_adc.o
    0x080088ea   0x080088ea   0x00000002   Code   RO         2366    i.HAL_ADC_ErrorCallback  stm32f1xx_hal_adc.o
    0x080088ec   0x080088ec   0x000000e6   Code   RO         2370    i.HAL_ADC_IRQHandler  stm32f1xx_hal_adc.o
    0x080089d2   0x080089d2   0x00000002   PAD
    0x080089d4   0x080089d4   0x0000011c   Code   RO         2371    i.HAL_ADC_Init      stm32f1xx_hal_adc.o
    0x08008af0   0x08008af0   0x00000002   Code   RO         2372    i.HAL_ADC_LevelOutOfWindowCallback  stm32f1xx_hal_adc.o
    0x08008af2   0x08008af2   0x00000002   PAD
    0x08008af4   0x08008af4   0x000000a4   Code   RO          631    i.HAL_ADC_MspInit   stm32f1xx_hal_msp.o
    0x08008b98   0x08008b98   0x0000010c   Code   RO         2378    i.HAL_ADC_Start_DMA  stm32f1xx_hal_adc.o
    0x08008ca4   0x08008ca4   0x00000098   Code   RO         2574    i.HAL_DMA_Abort_IT  stm32f1xx_hal_dma.o
    0x08008d3c   0x08008d3c   0x00000054   Code   RO         2575    i.HAL_DMA_DeInit    stm32f1xx_hal_dma.o
    0x08008d90   0x08008d90   0x00000154   Code   RO         2578    i.HAL_DMA_IRQHandler  stm32f1xx_hal_dma.o
    0x08008ee4   0x08008ee4   0x00000064   Code   RO         2579    i.HAL_DMA_Init      stm32f1xx_hal_dma.o
    0x08008f48   0x08008f48   0x00000070   Code   RO         2583    i.HAL_DMA_Start_IT  stm32f1xx_hal_dma.o
    0x08008fb8   0x08008fb8   0x0000001c   Code   RO         3409    i.HAL_Delay         stm32f1xx_hal.o
    0x08008fd4   0x08008fd4   0x000000a8   Code   RO         2798    i.HAL_FLASHEx_Erase  stm32f1xx_hal_flash_ex.o
    0x0800907c   0x0800907c   0x00000014   Code   RO         3209    i.HAL_FLASH_Lock    stm32f1xx_hal_flash.o
    0x08009090   0x08009090   0x00000080   Code   RO         3214    i.HAL_FLASH_Program  stm32f1xx_hal_flash.o
    0x08009110   0x08009110   0x00000024   Code   RO         3216    i.HAL_FLASH_Unlock  stm32f1xx_hal_flash.o
    0x08009134   0x08009134   0x000000e4   Code   RO         2068    i.HAL_GPIO_DeInit   stm32f1xx_hal_gpio.o
    0x08009218   0x08009218   0x000001bc   Code   RO         2071    i.HAL_GPIO_Init     stm32f1xx_hal_gpio.o
    0x080093d4   0x080093d4   0x0000000a   Code   RO         2073    i.HAL_GPIO_ReadPin  stm32f1xx_hal_gpio.o
    0x080093de   0x080093de   0x00000008   Code   RO         2074    i.HAL_GPIO_TogglePin  stm32f1xx_hal_gpio.o
    0x080093e6   0x080093e6   0x0000000a   Code   RO         2075    i.HAL_GPIO_WritePin  stm32f1xx_hal_gpio.o
    0x080093f0   0x080093f0   0x0000000c   Code   RO         3413    i.HAL_GetTick       stm32f1xx_hal.o
    0x080093fc   0x080093fc   0x00000010   Code   RO         3415    i.HAL_IncTick       stm32f1xx_hal.o
    0x0800940c   0x0800940c   0x00000024   Code   RO         3416    i.HAL_Init          stm32f1xx_hal.o
    0x08009430   0x08009430   0x00000028   Code   RO         3417    i.HAL_InitTick      stm32f1xx_hal.o
    0x08009458   0x08009458   0x00000084   Code   RO          632    i.HAL_MspInit       stm32f1xx_hal_msp.o
    0x080094dc   0x080094dc   0x00000016   Code   RO         1719    i.HAL_NVIC_DisableIRQ  stm32f1xx_hal_cortex.o
    0x080094f2   0x080094f2   0x00000016   Code   RO         1720    i.HAL_NVIC_EnableIRQ  stm32f1xx_hal_cortex.o
    0x08009508   0x08009508   0x00000040   Code   RO         1726    i.HAL_NVIC_SetPriority  stm32f1xx_hal_cortex.o
    0x08009548   0x08009548   0x00000024   Code   RO         1727    i.HAL_NVIC_SetPriorityGrouping  stm32f1xx_hal_cortex.o
    0x0800956c   0x0800956c   0x00000024   Code   RO         1728    i.HAL_NVIC_SystemReset  stm32f1xx_hal_cortex.o
    0x08009590   0x08009590   0x00000034   Code   RO         2134    i.HAL_PCDEx_PMAConfig  stm32f1xx_hal_pcd_ex.o
    0x080095c4   0x080095c4   0x00000002   Code   RO            4    i.HAL_PCDEx_SetConnectionState  usbd_conf.o
    0x080095c6   0x080095c6   0x0000000e   Code   RO            6    i.HAL_PCD_DataInStageCallback  usbd_conf.o
    0x080095d4   0x080095d4   0x00000010   Code   RO            7    i.HAL_PCD_DataOutStageCallback  usbd_conf.o
    0x080095e4   0x080095e4   0x00000040   Code   RO          845    i.HAL_PCD_EP_Close  stm32f1xx_hal_pcd.o
    0x08009624   0x08009624   0x00000048   Code   RO          846    i.HAL_PCD_EP_ClrStall  stm32f1xx_hal_pcd.o
    0x0800966c   0x0800966c   0x00000010   Code   RO          848    i.HAL_PCD_EP_GetRxCount  stm32f1xx_hal_pcd.o
    0x0800967c   0x0800967c   0x00000044   Code   RO          849    i.HAL_PCD_EP_Open   stm32f1xx_hal_pcd.o
    0x080096c0   0x080096c0   0x0000002e   Code   RO          850    i.HAL_PCD_EP_Receive  stm32f1xx_hal_pcd.o
    0x080096ee   0x080096ee   0x00000056   Code   RO          851    i.HAL_PCD_EP_SetStall  stm32f1xx_hal_pcd.o
    0x08009744   0x08009744   0x0000002a   Code   RO          852    i.HAL_PCD_EP_Transmit  stm32f1xx_hal_pcd.o
    0x0800976e   0x0800976e   0x0000010c   Code   RO          854    i.HAL_PCD_IRQHandler  stm32f1xx_hal_pcd.o
    0x0800987a   0x0800987a   0x00000002   PAD
    0x0800987c   0x0800987c   0x000000c0   Code   RO          857    i.HAL_PCD_Init      stm32f1xx_hal_pcd.o
    0x0800993c   0x0800993c   0x0000003c   Code   RO           12    i.HAL_PCD_MspInit   usbd_conf.o
    0x08009978   0x08009978   0x0000001a   Code   RO           13    i.HAL_PCD_ResetCallback  usbd_conf.o
    0x08009992   0x08009992   0x00000008   Code   RO           14    i.HAL_PCD_ResumeCallback  usbd_conf.o
    0x0800999a   0x0800999a   0x00000008   Code   RO           15    i.HAL_PCD_SOFCallback  usbd_conf.o
    0x080099a2   0x080099a2   0x00000028   Code   RO          863    i.HAL_PCD_SetAddress  stm32f1xx_hal_pcd.o
    0x080099ca   0x080099ca   0x0000000e   Code   RO           16    i.HAL_PCD_SetupStageCallback  usbd_conf.o
    0x080099d8   0x080099d8   0x00000032   Code   RO          865    i.HAL_PCD_Start     stm32f1xx_hal_pcd.o
    0x08009a0a   0x08009a0a   0x00000002   PAD
    0x08009a0c   0x08009a0c   0x00000024   Code   RO           17    i.HAL_PCD_SuspendCallback  usbd_conf.o
    0x08009a30   0x08009a30   0x000000ec   Code   RO         2538    i.HAL_RCCEx_PeriphCLKConfig  stm32f1xx_hal_rcc_ex.o
    0x08009b1c   0x08009b1c   0x00000154   Code   RO         3544    i.HAL_RCC_ClockConfig  stm32f1xx_hal_rcc.o
    0x08009c70   0x08009c70   0x0000000c   Code   RO         3549    i.HAL_RCC_GetHCLKFreq  stm32f1xx_hal_rcc.o
    0x08009c7c   0x08009c7c   0x00000020   Code   RO         3551    i.HAL_RCC_GetPCLK1Freq  stm32f1xx_hal_rcc.o
    0x08009c9c   0x08009c9c   0x00000020   Code   RO         3552    i.HAL_RCC_GetPCLK2Freq  stm32f1xx_hal_rcc.o
    0x08009cbc   0x08009cbc   0x0000006c   Code   RO         3553    i.HAL_RCC_GetSysClockFreq  stm32f1xx_hal_rcc.o
    0x08009d28   0x08009d28   0x00000304   Code   RO         3556    i.HAL_RCC_OscConfig  stm32f1xx_hal_rcc.o
    0x0800a02c   0x0800a02c   0x00000018   Code   RO         1729    i.HAL_SYSTICK_CLKSourceConfig  stm32f1xx_hal_cortex.o
    0x0800a044   0x0800a044   0x00000002   Code   RO         1730    i.HAL_SYSTICK_Callback  stm32f1xx_hal_cortex.o
    0x0800a046   0x0800a046   0x00000028   Code   RO         1731    i.HAL_SYSTICK_Config  stm32f1xx_hal_cortex.o
    0x0800a06e   0x0800a06e   0x00000008   Code   RO         1732    i.HAL_SYSTICK_IRQHandler  stm32f1xx_hal_cortex.o
    0x0800a076   0x0800a076   0x00000002   Code   RO         1835    i.HAL_TIMEx_BreakCallback  stm32f1xx_hal_tim_ex.o
    0x0800a078   0x0800a078   0x00000002   Code   RO         1836    i.HAL_TIMEx_CommutationCallback  stm32f1xx_hal_tim_ex.o
    0x0800a07a   0x0800a07a   0x00000050   Code   RO         1852    i.HAL_TIMEx_MasterConfigSynchronization  stm32f1xx_hal_tim_ex.o
    0x0800a0ca   0x0800a0ca   0x00000036   Code   RO         1053    i.HAL_TIM_Base_Init  stm32f1xx_hal_tim.o
    0x0800a100   0x0800a100   0x0000003c   Code   RO          634    i.HAL_TIM_Base_MspInit  stm32f1xx_hal_msp.o
    0x0800a13c   0x0800a13c   0x00000018   Code   RO         1058    i.HAL_TIM_Base_Start_IT  stm32f1xx_hal_tim.o
    0x0800a154   0x0800a154   0x000000f2   Code   RO         1062    i.HAL_TIM_ConfigClockSource  stm32f1xx_hal_tim.o
    0x0800a246   0x0800a246   0x00000002   Code   RO         1082    i.HAL_TIM_IC_CaptureCallback  stm32f1xx_hal_tim.o
    0x0800a248   0x0800a248   0x00000166   Code   RO         1095    i.HAL_TIM_IRQHandler  stm32f1xx_hal_tim.o
    0x0800a3ae   0x0800a3ae   0x00000002   Code   RO         1098    i.HAL_TIM_OC_DelayElapsedCallback  stm32f1xx_hal_tim.o
    0x0800a3b0   0x0800a3b0   0x00000002   Code   RO         1125    i.HAL_TIM_PWM_PulseFinishedCallback  stm32f1xx_hal_tim.o
    0x0800a3b2   0x0800a3b2   0x00000002   PAD
    0x0800a3b4   0x0800a3b4   0x00000064   Code   RO          509    i.HAL_TIM_PeriodElapsedCallback  main.o
    0x0800a418   0x0800a418   0x00000002   Code   RO         1136    i.HAL_TIM_TriggerCallback  stm32f1xx_hal_tim.o
    0x0800a41a   0x0800a41a   0x00000028   Code   RO         2897    i.HAL_UART_DeInit   stm32f1xx_hal_uart.o
    0x0800a442   0x0800a442   0x00000002   PAD
    0x0800a444   0x0800a444   0x0000006c   Code   RO          510    i.HAL_UART_ErrorCallback  main.o
    0x0800a4b0   0x0800a4b0   0x00000110   Code   RO         2901    i.HAL_UART_IRQHandler  stm32f1xx_hal_uart.o
    0x0800a5c0   0x0800a5c0   0x00000062   Code   RO         2902    i.HAL_UART_Init     stm32f1xx_hal_uart.o
    0x0800a622   0x0800a622   0x00000002   PAD
    0x0800a624   0x0800a624   0x00000070   Code   RO          635    i.HAL_UART_MspDeInit  stm32f1xx_hal_msp.o
    0x0800a694   0x0800a694   0x0000019c   Code   RO          636    i.HAL_UART_MspInit  stm32f1xx_hal_msp.o
    0x0800a830   0x0800a830   0x00000098   Code   RO         2906    i.HAL_UART_Receive_DMA  stm32f1xx_hal_uart.o
    0x0800a8c8   0x0800a8c8   0x00000080   Code   RO          511    i.HAL_UART_RxCpltCallback  main.o
    0x0800a948   0x0800a948   0x00000002   Code   RO         2909    i.HAL_UART_RxHalfCpltCallback  stm32f1xx_hal_uart.o
    0x0800a94a   0x0800a94a   0x000000ba   Code   RO         2910    i.HAL_UART_Transmit  stm32f1xx_hal_uart.o
    0x0800aa04   0x0800aa04   0x00000080   Code   RO         2911    i.HAL_UART_Transmit_DMA  stm32f1xx_hal_uart.o
    0x0800aa84   0x0800aa84   0x00000002   Code   RO         2913    i.HAL_UART_TxCpltCallback  stm32f1xx_hal_uart.o
    0x0800aa86   0x0800aa86   0x00000002   Code   RO         2914    i.HAL_UART_TxHalfCpltCallback  stm32f1xx_hal_uart.o
    0x0800aa88   0x0800aa88   0x00000002   Code   RO          343    i.HardFault_Handler  stm32f1xx_it.o
    0x0800aa8a   0x0800aa8a   0x00000002   PAD
    0x0800aa8c   0x0800aa8c   0x00000060   Code   RO          512    i.MX_ADC1_Init      main.o
    0x0800aaec   0x0800aaec   0x0000006c   Code   RO          513    i.MX_DMA_Init       main.o
    0x0800ab58   0x0800ab58   0x00000078   Code   RO          514    i.MX_GPIO_Init      main.o
    0x0800abd0   0x0800abd0   0x00000084   Code   RO          515    i.MX_TIM1_Init      main.o
    0x0800ac54   0x0800ac54   0x00000040   Code   RO          516    i.MX_USART1_UART_Init  main.o
    0x0800ac94   0x0800ac94   0x00000040   Code   RO          517    i.MX_USART2_UART_Init  main.o
    0x0800acd4   0x0800acd4   0x000000f0   Code   RO          699    i.MX_USART_UART_CfgSet  usbd_cdc_if.o
    0x0800adc4   0x0800adc4   0x00000038   Code   RO          471    i.MX_USB_DEVICE_Init  usb_device.o
    0x0800adfc   0x0800adfc   0x00000002   Code   RO          344    i.MemManage_Handler  stm32f1xx_it.o
    0x0800adfe   0x0800adfe   0x00000002   Code   RO          345    i.NMI_Handler       stm32f1xx_it.o
    0x0800ae00   0x0800ae00   0x00000020   Code   RO         1733    i.NVIC_SetPriority  stm32f1xx_hal_cortex.o
    0x0800ae20   0x0800ae20   0x00000362   Code   RO          868    i.PCD_EP_ISR_Handler  stm32f1xx_hal_pcd.o
    0x0800b182   0x0800b182   0x00000002   Code   RO          346    i.PendSV_Handler    stm32f1xx_it.o
    0x0800b184   0x0800b184   0x00000002   Code   RO          347    i.SVC_Handler       stm32f1xx_it.o
    0x0800b186   0x0800b186   0x0000000e   Code   RO          348    i.SysTick_Handler   stm32f1xx_it.o
    0x0800b194   0x0800b194   0x000000a0   Code   RO          518    i.SystemClock_Config  main.o
    0x0800b234   0x0800b234   0x0000004c   Code   RO         3991    i.SystemInit        system_stm32f1xx.o
    0x0800b280   0x0800b280   0x0000000c   Code   RO          349    i.TIM1_UP_IRQHandler  stm32f1xx_it.o
    0x0800b28c   0x0800b28c   0x0000006c   Code   RO         1137    i.TIM_Base_SetConfig  stm32f1xx_hal_tim.o
    0x0800b2f8   0x0800b2f8   0x00000014   Code   RO         1144    i.TIM_ETR_SetConfig  stm32f1xx_hal_tim.o
    0x0800b30c   0x0800b30c   0x00000010   Code   RO         1145    i.TIM_ITRx_SetConfig  stm32f1xx_hal_tim.o
    0x0800b31c   0x0800b31c   0x00000022   Code   RO         1151    i.TIM_TI1_ConfigInputStage  stm32f1xx_hal_tim.o
    0x0800b33e   0x0800b33e   0x00000024   Code   RO         1153    i.TIM_TI2_ConfigInputStage  stm32f1xx_hal_tim.o
    0x0800b362   0x0800b362   0x00000010   Code   RO         2915    i.UART_DMAAbortOnError  stm32f1xx_hal_uart.o
    0x0800b372   0x0800b372   0x0000004a   Code   RO         2916    i.UART_DMAError     stm32f1xx_hal_uart.o
    0x0800b3bc   0x0800b3bc   0x0000003c   Code   RO         2917    i.UART_DMAReceiveCplt  stm32f1xx_hal_uart.o
    0x0800b3f8   0x0800b3f8   0x0000000a   Code   RO         2919    i.UART_DMARxHalfCplt  stm32f1xx_hal_uart.o
    0x0800b402   0x0800b402   0x0000002e   Code   RO         2921    i.UART_DMATransmitCplt  stm32f1xx_hal_uart.o
    0x0800b430   0x0800b430   0x0000000a   Code   RO         2923    i.UART_DMATxHalfCplt  stm32f1xx_hal_uart.o
    0x0800b43a   0x0800b43a   0x0000001c   Code   RO         2925    i.UART_EndRxTransfer  stm32f1xx_hal_uart.o
    0x0800b456   0x0800b456   0x00000012   Code   RO         2926    i.UART_EndTxTransfer  stm32f1xx_hal_uart.o
    0x0800b468   0x0800b468   0x00000096   Code   RO         2927    i.UART_Receive_IT   stm32f1xx_hal_uart.o
    0x0800b4fe   0x0800b4fe   0x00000002   PAD
    0x0800b500   0x0800b500   0x00000170   Code   RO         2928    i.UART_SetConfig    stm32f1xx_hal_uart.o
    0x0800b670   0x0800b670   0x00000062   Code   RO         2929    i.UART_Transmit_IT  stm32f1xx_hal_uart.o
    0x0800b6d2   0x0800b6d2   0x00000064   Code   RO         2930    i.UART_WaitOnFlagUntilTimeout  stm32f1xx_hal_uart.o
    0x0800b736   0x0800b736   0x00000002   PAD
    0x0800b738   0x0800b738   0x0000000c   Code   RO          350    i.USART1_IRQHandler  stm32f1xx_it.o
    0x0800b744   0x0800b744   0x0000000c   Code   RO          351    i.USART2_IRQHandler  stm32f1xx_it.o
    0x0800b750   0x0800b750   0x00000012   Code   RO         3770    i.USBD_CDC_DataIn   usbd_cdc.o
    0x0800b762   0x0800b762   0x00000026   Code   RO         3771    i.USBD_CDC_DataOut  usbd_cdc.o
    0x0800b788   0x0800b788   0x00000064   Code   RO         3772    i.USBD_CDC_DeInit   usbd_cdc.o
    0x0800b7ec   0x0800b7ec   0x00000028   Code   RO         3773    i.USBD_CDC_EP0_RxReady  usbd_cdc.o
    0x0800b814   0x0800b814   0x0000000c   Code   RO         3774    i.USBD_CDC_GetDeviceQualifierDescriptor  usbd_cdc.o
    0x0800b820   0x0800b820   0x0000000c   Code   RO         3775    i.USBD_CDC_GetFSCfgDesc  usbd_cdc.o
    0x0800b82c   0x0800b82c   0x0000000c   Code   RO         3776    i.USBD_CDC_GetHSCfgDesc  usbd_cdc.o
    0x0800b838   0x0800b838   0x0000000c   Code   RO         3777    i.USBD_CDC_GetOtherSpeedCfgDesc  usbd_cdc.o
    0x0800b844   0x0800b844   0x0000008c   Code   RO         3778    i.USBD_CDC_Init     usbd_cdc.o
    0x0800b8d0   0x0800b8d0   0x00000010   Code   RO         3779    i.USBD_CDC_RegisterInterface  usbd_cdc.o
    0x0800b8e0   0x0800b8e0   0x0000007c   Code   RO         3780    i.USBD_CDC_Setup    usbd_cdc.o
    0x0800b95c   0x0800b95c   0x0000000e   Code   RO         3852    i.USBD_ClrClassConfig  usbd_core.o
    0x0800b96a   0x0800b96a   0x00000010   Code   RO         3710    i.USBD_CtlContinueRx  usbd_ioreq.o
    0x0800b97a   0x0800b97a   0x00000010   Code   RO         3711    i.USBD_CtlContinueSendData  usbd_ioreq.o
    0x0800b98a   0x0800b98a   0x00000016   Code   RO         3645    i.USBD_CtlError     usbd_ctlreq.o
    0x0800b9a0   0x0800b9a0   0x0000001e   Code   RO         3712    i.USBD_CtlPrepareRx  usbd_ioreq.o
    0x0800b9be   0x0800b9be   0x00000016   Code   RO         3713    i.USBD_CtlReceiveStatus  usbd_ioreq.o
    0x0800b9d4   0x0800b9d4   0x0000001a   Code   RO         3714    i.USBD_CtlSendData  usbd_ioreq.o
    0x0800b9ee   0x0800b9ee   0x00000016   Code   RO         3715    i.USBD_CtlSendStatus  usbd_ioreq.o
    0x0800ba04   0x0800ba04   0x00000024   Code   RO          768    i.USBD_FS_ConfigStrDescriptor  usbd_desc.o
    0x0800ba28   0x0800ba28   0x0000000c   Code   RO          769    i.USBD_FS_DeviceDescriptor  usbd_desc.o
    0x0800ba34   0x0800ba34   0x00000028   Code   RO          770    i.USBD_FS_InterfaceStrDescriptor  usbd_desc.o
    0x0800ba5c   0x0800ba5c   0x0000000c   Code   RO          771    i.USBD_FS_LangIDStrDescriptor  usbd_desc.o
    0x0800ba68   0x0800ba68   0x00000020   Code   RO          772    i.USBD_FS_ManufacturerStrDescriptor  usbd_desc.o
    0x0800ba88   0x0800ba88   0x00000028   Code   RO          773    i.USBD_FS_ProductStrDescriptor  usbd_desc.o
    0x0800bab0   0x0800bab0   0x00000024   Code   RO          774    i.USBD_FS_SerialStrDescriptor  usbd_desc.o
    0x0800bad4   0x0800bad4   0x000000e0   Code   RO         3646    i.USBD_GetDescriptor  usbd_ctlreq.o
    0x0800bbb4   0x0800bbb4   0x00000046   Code   RO         3647    i.USBD_GetString    usbd_ctlreq.o
    0x0800bbfa   0x0800bbfa   0x0000002a   Code   RO         3854    i.USBD_Init         usbd_core.o
    0x0800bc24   0x0800bc24   0x00000020   Code   RO           18    i.USBD_LL_ClearStallEP  usbd_conf.o
    0x0800bc44   0x0800bc44   0x00000020   Code   RO           19    i.USBD_LL_CloseEP   usbd_conf.o
    0x0800bc64   0x0800bc64   0x000000aa   Code   RO         3855    i.USBD_LL_DataInStage  usbd_core.o
    0x0800bd0e   0x0800bd0e   0x0000006a   Code   RO         3856    i.USBD_LL_DataOutStage  usbd_core.o
    0x0800bd78   0x0800bd78   0x00000008   Code   RO           23    i.USBD_LL_GetRxDataSize  usbd_conf.o
    0x0800bd80   0x0800bd80   0x000000e0   Code   RO           24    i.USBD_LL_Init      usbd_conf.o
    0x0800be60   0x0800be60   0x0000001c   Code   RO           25    i.USBD_LL_IsStallEP  usbd_conf.o
    0x0800be7c   0x0800be7c   0x00000026   Code   RO           26    i.USBD_LL_OpenEP    usbd_conf.o
    0x0800bea2   0x0800bea2   0x00000020   Code   RO           27    i.USBD_LL_PrepareReceive  usbd_conf.o
    0x0800bec2   0x0800bec2   0x0000003e   Code   RO         3861    i.USBD_LL_Reset     usbd_core.o
    0x0800bf00   0x0800bf00   0x0000000c   Code   RO         3862    i.USBD_LL_Resume    usbd_core.o
    0x0800bf0c   0x0800bf0c   0x00000018   Code   RO         3863    i.USBD_LL_SOF       usbd_core.o
    0x0800bf24   0x0800bf24   0x00000006   Code   RO         3864    i.USBD_LL_SetSpeed  usbd_core.o
    0x0800bf2a   0x0800bf2a   0x00000020   Code   RO           28    i.USBD_LL_SetUSBAddress  usbd_conf.o
    0x0800bf4a   0x0800bf4a   0x0000005a   Code   RO         3865    i.USBD_LL_SetupStage  usbd_core.o
    0x0800bfa4   0x0800bfa4   0x00000020   Code   RO           29    i.USBD_LL_StallEP   usbd_conf.o
    0x0800bfc4   0x0800bfc4   0x00000020   Code   RO           30    i.USBD_LL_Start     usbd_conf.o
    0x0800bfe4   0x0800bfe4   0x00000012   Code   RO         3866    i.USBD_LL_Suspend   usbd_core.o
    0x0800bff6   0x0800bff6   0x00000020   Code   RO           32    i.USBD_LL_Transmit  usbd_conf.o
    0x0800c016   0x0800c016   0x00000028   Code   RO         3648    i.USBD_ParseSetupRequest  usbd_ctlreq.o
    0x0800c03e   0x0800c03e   0x00000010   Code   RO         3867    i.USBD_RegisterClass  usbd_core.o
    0x0800c04e   0x0800c04e   0x00000016   Code   RO         3869    i.USBD_SetClassConfig  usbd_core.o
    0x0800c064   0x0800c064   0x00000074   Code   RO         3649    i.USBD_SetConfig    usbd_ctlreq.o
    0x0800c0d8   0x0800c0d8   0x0000000a   Code   RO         3870    i.USBD_Start        usbd_core.o
    0x0800c0e2   0x0800c0e2   0x000000f2   Code   RO         3650    i.USBD_StdDevReq    usbd_ctlreq.o
    0x0800c1d4   0x0800c1d4   0x000000dc   Code   RO         3651    i.USBD_StdEPReq     usbd_ctlreq.o
    0x0800c2b0   0x0800c2b0   0x00000034   Code   RO         3652    i.USBD_StdItfReq    usbd_ctlreq.o
    0x0800c2e4   0x0800c2e4   0x00000002   Code   RO           33    i.USBD_static_free  usbd_conf.o
    0x0800c2e6   0x0800c2e6   0x00000002   PAD
    0x0800c2e8   0x0800c2e8   0x00000008   Code   RO           34    i.USBD_static_malloc  usbd_conf.o
    0x0800c2f0   0x0800c2f0   0x0000025c   Code   RO         2164    i.USB_ActivateEndpoint  stm32f1xx_ll_usb.o
    0x0800c54c   0x0800c54c   0x00000004   Code   RO         2167    i.USB_CoreInit      stm32f1xx_ll_usb.o
    0x0800c550   0x0800c550   0x00000124   Code   RO         2169    i.USB_DeactivateEndpoint  stm32f1xx_ll_usb.o
    0x0800c674   0x0800c674   0x00000004   Code   RO         2170    i.USB_DevConnect    stm32f1xx_ll_usb.o
    0x0800c678   0x0800c678   0x00000004   Code   RO         2171    i.USB_DevDisconnect  stm32f1xx_ll_usb.o
    0x0800c67c   0x0800c67c   0x0000001e   Code   RO         2172    i.USB_DevInit       stm32f1xx_ll_usb.o
    0x0800c69a   0x0800c69a   0x0000000e   Code   RO         2173    i.USB_DisableGlobalInt  stm32f1xx_ll_usb.o
    0x0800c6a8   0x0800c6a8   0x00000004   Code   RO         2174    i.USB_EP0_OutStart  stm32f1xx_ll_usb.o
    0x0800c6ac   0x0800c6ac   0x0000006a   Code   RO         2175    i.USB_EPClearStall  stm32f1xx_ll_usb.o
    0x0800c716   0x0800c716   0x0000004a   Code   RO         2176    i.USB_EPSetStall    stm32f1xx_ll_usb.o
    0x0800c760   0x0800c760   0x000001aa   Code   RO         2177    i.USB_EPStartXfer   stm32f1xx_ll_usb.o
    0x0800c90a   0x0800c90a   0x0000000e   Code   RO         2178    i.USB_EnableGlobalInt  stm32f1xx_ll_usb.o
    0x0800c918   0x0800c918   0x0000000c   Code   RO          352    i.USB_LP_CAN1_RX0_IRQHandler  stm32f1xx_it.o
    0x0800c924   0x0800c924   0x00000006   Code   RO         2185    i.USB_ReadInterrupts  stm32f1xx_ll_usb.o
    0x0800c92a   0x0800c92a   0x00000002   PAD
    0x0800c92c   0x0800c92c   0x0000001e   Code   RO         2186    i.USB_ReadPMA       stm32f1xx_ll_usb.o
    0x0800c94a   0x0800c94a   0x00000004   Code   RO         2188    i.USB_SetCurrentMode  stm32f1xx_ll_usb.o
    0x0800c94e   0x0800c94e   0x0000000c   Code   RO         2189    i.USB_SetDevAddress  stm32f1xx_ll_usb.o
    0x0800c95a   0x0800c95a   0x00000026   Code   RO         2191    i.USB_WritePMA      stm32f1xx_ll_usb.o
    0x0800c980   0x0800c980   0x00000002   Code   RO          353    i.UsageFault_Handler  stm32f1xx_it.o
    0x0800c982   0x0800c982   0x00000002   PAD
    0x0800c984   0x0800c984   0x00000034   Code   RO          519    i._Error_Handler    main.o
    0x0800c9b8   0x0800c9b8   0x00000020   Code   RO         4132    i.__0printf$3       mc_w.l(printf3.o)
    0x0800c9d8   0x0800c9d8   0x0000000e   Code   RO         4344    i.__scatterload_copy  mc_w.l(handlers.o)
    0x0800c9e6   0x0800c9e6   0x00000002   Code   RO         4345    i.__scatterload_null  mc_w.l(handlers.o)
    0x0800c9e8   0x0800c9e8   0x0000000e   Code   RO         4346    i.__scatterload_zeroinit  mc_w.l(handlers.o)
    0x0800c9f6   0x0800c9f6   0x00000002   PAD
    0x0800c9f8   0x0800c9f8   0x000001b8   Code   RO         4139    i._printf_core      mc_w.l(printf3.o)
    0x0800cbb0   0x0800cbb0   0x00000018   Code   RO          520    i.fputc             main.o
    0x0800cbc8   0x0800cbc8   0x00000064   Code   RO          521    i.main              main.o
    0x0800cc2c   0x0800cc2c   0x00000012   Code   RO          523    i.set_boot_dfu      main.o
    0x0800cc3e   0x0800cc3e   0x00000002   PAD
    0x0800cc40   0x0800cc40   0x000000c8   Code   RO          524    i.writeusercfg      main.o
    0x0800cd08   0x0800cd08   0x00000005   Data   RO          531    .constdata          main.o
    0x0800cd0d   0x0800cd0d   0x00000003   PAD
    0x0800cd10   0x0800cd10   0x00000020   Data   RO          701    .constdata          usbd_cdc_if.o
    0x0800cd30   0x0800cd30   0x00000010   Data   RO         3992    .constdata          system_stm32f1xx.o
    0x0800cd40   0x0800cd40   0x00000008   Data   RO         3993    .constdata          system_stm32f1xx.o
    0x0800cd48   0x0800cd48   0x00000020   Data   RO         4342    Region$$Table       anon$$obj.o


    Execution Region RW_IRAM1 (Exec base: 0x20000000, Load base: 0x0800cd68, Size: 0x00001ec0, Max: 0x00005000, ABSOLUTE, COMPRESSED[0x00000104])

    Exec Addr    Load Addr    Size         Type   Attr      Idx    E Section Name        Object

    0x20000000   COMPRESSED   0x00000010   Data   RW          702    .data               usbd_cdc_if.o
    0x20000010   COMPRESSED   0x00000008   Data   RW          703    .data               usbd_cdc_if.o
    0x20000018   COMPRESSED   0x0000001c   Data   RW          776    .data               usbd_desc.o
    0x20000034   COMPRESSED   0x00000016   Data   RW          777    .data               usbd_desc.o
    0x2000004a   COMPRESSED   0x00000002   PAD
    0x2000004c   COMPRESSED   0x00000004   Data   RW         3422    .data               stm32f1xx_hal.o
    0x20000050   COMPRESSED   0x00000001   Data   RW         3653    .data               usbd_ctlreq.o
    0x20000051   COMPRESSED   0x00000003   PAD
    0x20000054   COMPRESSED   0x00000214   Data   RW         3781    .data               usbd_cdc.o
    0x20000268   COMPRESSED   0x00000038   Data   RW         3782    .data               usbd_cdc.o
    0x200002a0   COMPRESSED   0x00000004   Data   RW         3994    .data               system_stm32f1xx.o
    0x200002a4   COMPRESSED   0x00000004   Data   RW         4318    .data               mc_w.l(stdout.o)
    0x200002a8        -       0x000004b0   Zero   RW           35    .bss                usbd_conf.o
    0x20000758        -       0x00000224   Zero   RW          472    .bss                usb_device.o
    0x2000097c        -       0x000000f0   Zero   RW          525    .bss                main.o
    0x20000a6c        -       0x00000044   Zero   RW          526    .bss                main.o
    0x20000ab0        -       0x00000044   Zero   RW          527    .bss                main.o
    0x20000af4        -       0x00000044   Zero   RW          528    .bss                main.o
    0x20000b38        -       0x00000044   Zero   RW          529    .bss                main.o
    0x20000b7c        -       0x00000044   Zero   RW          530    .bss                main.o
    0x20000bc0        -       0x000004e0   Zero   RW          700    .bss                usbd_cdc_if.o
    0x200010a0        -       0x00000200   Zero   RW          775    .bss                usbd_desc.o
    0x200012a0        -       0x00000020   Zero   RW         3217    .bss                stm32f1xx_hal_flash.o
    0x200012c0        -       0x00000c00   Zero   RW         4025    STACK               startup_stm32f103xb.o


==============================================================================

Image component sizes


      Code (inc. data)   RO Data    RW Data    ZI Data      Debug   Object Name

      1474        324          5          0        580       9236   main.o
        36          8        236          0       3072        764   startup_stm32f103xb.o
       132         22          0          4          0       3611   stm32f1xx_hal.o
      1342         54          0          0          0       9179   stm32f1xx_hal_adc.o
         2          0          0          0          0       1045   stm32f1xx_hal_adc_ex.o
       286         24          0          0          0      28538   stm32f1xx_hal_cortex.o
       830         44          0          0          0       4943   stm32f1xx_hal_dma.o
       388         46          0          0         32       4666   stm32f1xx_hal_flash.o
       240         26          0          0          0       3221   stm32f1xx_hal_flash_ex.o
       700         60          0          0          0       4998   stm32f1xx_hal_gpio.o
       880        150          0          0          0       3847   stm32f1xx_hal_msp.o
      1810          0          0          0          0       9933   stm32f1xx_hal_pcd.o
        52          0          0          0          0       1158   stm32f1xx_hal_pcd_ex.o
      1296        104          0          0          0       5576   stm32f1xx_hal_rcc.o
       236         12          0          0          0       1376   stm32f1xx_hal_rcc_ex.o
       900         14          0          0          0       9327   stm32f1xx_hal_tim.o
        84          0          0          0          0       2302   stm32f1xx_hal_tim_ex.o
      1860         38          0          0          0      14625   stm32f1xx_hal_uart.o
       150         60          0          0          0       8039   stm32f1xx_it.o
      1666          0          0          0          0      12503   stm32f1xx_ll_usb.o
        76         20         24          4          0       1139   system_stm32f1xx.o
        56         18          0          0        548        692   usb_device.o
       524         20          0        588          0       9737   usbd_cdc.o
      1000        108         32         24       1248      10534   usbd_cdc_if.o
       716         48          0          0       1200     489696   usbd_conf.o
       592          0          0          0          0       9056   usbd_core.o
       986         30          0          1          0       7676   usbd_ctlreq.o
       208        112          0         50        512       4859   usbd_desc.o
       132          0          0          0          0       4276   usbd_ioreq.o

    ----------------------------------------------------------------------
     18688       1342        332        676       7192     676552   Object Totals
         0          0         32          0          0          0   (incl. Generated)
        34          0          3          5          0          0   (incl. Padding)

    ----------------------------------------------------------------------

      Code (inc. data)   RO Data    RW Data    ZI Data      Debug   Library Member Name

        86          0          0          0          0          0   __dczerorl2.o
         0          0          0          0          0          0   entry.o
         0          0          0          0          0          0   entry10a.o
         0          0          0          0          0          0   entry11a.o
         8          4          0          0          0          0   entry2.o
         4          0          0          0          0          0   entry5.o
         0          0          0          0          0          0   entry7b.o
         0          0          0          0          0          0   entry8b.o
         8          4          0          0          0          0   entry9a.o
        30          0          0          0          0          0   handlers.o
        36          8          0          0          0         68   init.o
        32          0          0          0          0         68   llushr.o
        36          0          0          0          0         68   memcpya.o
        36          0          0          0          0        108   memseta.o
       472         14          0          0          0        184   printf3.o
         0          0          0          4          0          0   stdout.o
        44          0          0          0          0         80   uidiv.o

    ----------------------------------------------------------------------
       796         30          0          4          0        576   Library Totals
         4          0          0          0          0          0   (incl. Padding)

    ----------------------------------------------------------------------

      Code (inc. data)   RO Data    RW Data    ZI Data      Debug   Library Name

       792         30          0          4          0        576   mc_w.l

    ----------------------------------------------------------------------
       796         30          0          4          0        576   Library Totals

    ----------------------------------------------------------------------

==============================================================================


      Code (inc. data)   RO Data    RW Data    ZI Data      Debug   

     19484       1372        332        680       7192     664932   Grand Totals
     19484       1372        332        260       7192     664932   ELF Image Totals (compressed)
     19484       1372        332        260          0          0   ROM Totals

==============================================================================

    Total RO  Size (Code + RO Data)                19816 (  19.35kB)
    Total RW  Size (RW Data + ZI Data)              7872 (   7.69kB)
    Total ROM Size (Code + RO Data + RW Data)      20076 (  19.61kB)

==============================================================================

