Component: ARM Compiler 5.06 update 5 (build 528) Tool: armlink [4d35e2]

==============================================================================

Section Cross References

    usbd_conf.o(i.HAL_PCD_ConnectCallback) refers to usbd_core.o(i.USBD_LL_DevConnected) for USBD_LL_DevConnected
    usbd_conf.o(i.HAL_PCD_DataInStageCallback) refers to usbd_core.o(i.USBD_LL_DataInStage) for USBD_LL_DataInStage
    usbd_conf.o(i.HAL_PCD_DataOutStageCallback) refers to usbd_core.o(i.USBD_LL_DataOutStage) for USBD_LL_DataOutStage
    usbd_conf.o(i.HAL_PCD_DisconnectCallback) refers to usbd_core.o(i.USBD_LL_DevDisconnected) for USBD_LL_DevDisconnected
    usbd_conf.o(i.HAL_PCD_ISOINIncompleteCallback) refers to usbd_core.o(i.USBD_LL_IsoINIncomplete) for USBD_LL_IsoINIncomplete
    usbd_conf.o(i.HAL_PCD_ISOOUTIncompleteCallback) refers to usbd_core.o(i.USBD_LL_IsoOUTIncomplete) for USBD_LL_IsoOUTIncomplete
    usbd_conf.o(i.HAL_PCD_MspDeInit) refers to stm32f1xx_hal_cortex.o(i.HAL_NVIC_DisableIRQ) for HAL_NVIC_DisableIRQ
    usbd_conf.o(i.HAL_PCD_MspInit) refers to stm32f1xx_hal_cortex.o(i.HAL_NVIC_SetPriority) for HAL_NVIC_SetPriority
    usbd_conf.o(i.HAL_PCD_MspInit) refers to stm32f1xx_hal_cortex.o(i.HAL_NVIC_EnableIRQ) for HAL_NVIC_EnableIRQ
    usbd_conf.o(i.HAL_PCD_ResetCallback) refers to usbd_core.o(i.USBD_LL_SetSpeed) for USBD_LL_SetSpeed
    usbd_conf.o(i.HAL_PCD_ResetCallback) refers to usbd_core.o(i.USBD_LL_Reset) for USBD_LL_Reset
    usbd_conf.o(i.HAL_PCD_ResumeCallback) refers to usbd_core.o(i.USBD_LL_Resume) for USBD_LL_Resume
    usbd_conf.o(i.HAL_PCD_SOFCallback) refers to usbd_core.o(i.USBD_LL_SOF) for USBD_LL_SOF
    usbd_conf.o(i.HAL_PCD_SetupStageCallback) refers to usbd_core.o(i.USBD_LL_SetupStage) for USBD_LL_SetupStage
    usbd_conf.o(i.HAL_PCD_SuspendCallback) refers to usbd_core.o(i.USBD_LL_Suspend) for USBD_LL_Suspend
    usbd_conf.o(i.USBD_LL_ClearStallEP) refers to stm32f1xx_hal_pcd.o(i.HAL_PCD_EP_ClrStall) for HAL_PCD_EP_ClrStall
    usbd_conf.o(i.USBD_LL_CloseEP) refers to stm32f1xx_hal_pcd.o(i.HAL_PCD_EP_Close) for HAL_PCD_EP_Close
    usbd_conf.o(i.USBD_LL_DeInit) refers to stm32f1xx_hal_pcd.o(i.HAL_PCD_DeInit) for HAL_PCD_DeInit
    usbd_conf.o(i.USBD_LL_Delay) refers to stm32f1xx_hal.o(i.HAL_Delay) for HAL_Delay
    usbd_conf.o(i.USBD_LL_FlushEP) refers to stm32f1xx_hal_pcd.o(i.HAL_PCD_EP_Flush) for HAL_PCD_EP_Flush
    usbd_conf.o(i.USBD_LL_GetRxDataSize) refers to stm32f1xx_hal_pcd.o(i.HAL_PCD_EP_GetRxCount) for HAL_PCD_EP_GetRxCount
    usbd_conf.o(i.USBD_LL_Init) refers to stm32f1xx_hal_pcd.o(i.HAL_PCD_Init) for HAL_PCD_Init
    usbd_conf.o(i.USBD_LL_Init) refers to main.o(i._Error_Handler) for _Error_Handler
    usbd_conf.o(i.USBD_LL_Init) refers to stm32f1xx_hal_pcd_ex.o(i.HAL_PCDEx_PMAConfig) for HAL_PCDEx_PMAConfig
    usbd_conf.o(i.USBD_LL_Init) refers to usbd_conf.o(.bss) for .bss
    usbd_conf.o(i.USBD_LL_OpenEP) refers to stm32f1xx_hal_pcd.o(i.HAL_PCD_EP_Open) for HAL_PCD_EP_Open
    usbd_conf.o(i.USBD_LL_PrepareReceive) refers to stm32f1xx_hal_pcd.o(i.HAL_PCD_EP_Receive) for HAL_PCD_EP_Receive
    usbd_conf.o(i.USBD_LL_SetUSBAddress) refers to stm32f1xx_hal_pcd.o(i.HAL_PCD_SetAddress) for HAL_PCD_SetAddress
    usbd_conf.o(i.USBD_LL_StallEP) refers to stm32f1xx_hal_pcd.o(i.HAL_PCD_EP_SetStall) for HAL_PCD_EP_SetStall
    usbd_conf.o(i.USBD_LL_Start) refers to stm32f1xx_hal_pcd.o(i.HAL_PCD_Start) for HAL_PCD_Start
    usbd_conf.o(i.USBD_LL_Stop) refers to stm32f1xx_hal_pcd.o(i.HAL_PCD_Stop) for HAL_PCD_Stop
    usbd_conf.o(i.USBD_LL_Transmit) refers to stm32f1xx_hal_pcd.o(i.HAL_PCD_EP_Transmit) for HAL_PCD_EP_Transmit
    usbd_conf.o(i.USBD_static_malloc) refers to usbd_conf.o(.bss) for .bss
    stm32f1xx_it.o(i.DMA1_Channel4_IRQHandler) refers to stm32f1xx_hal_dma.o(i.HAL_DMA_IRQHandler) for HAL_DMA_IRQHandler
    stm32f1xx_it.o(i.DMA1_Channel4_IRQHandler) refers to main.o(.bss) for hdma_usart1_tx
    stm32f1xx_it.o(i.DMA1_Channel5_IRQHandler) refers to stm32f1xx_hal_dma.o(i.HAL_DMA_IRQHandler) for HAL_DMA_IRQHandler
    stm32f1xx_it.o(i.DMA1_Channel5_IRQHandler) refers to main.o(.bss) for hdma_usart1_rx
    stm32f1xx_it.o(i.DMA1_Channel6_IRQHandler) refers to stm32f1xx_hal_dma.o(i.HAL_DMA_IRQHandler) for HAL_DMA_IRQHandler
    stm32f1xx_it.o(i.DMA1_Channel6_IRQHandler) refers to main.o(.bss) for hdma_usart2_rx
    stm32f1xx_it.o(i.DMA1_Channel7_IRQHandler) refers to stm32f1xx_hal_dma.o(i.HAL_DMA_IRQHandler) for HAL_DMA_IRQHandler
    stm32f1xx_it.o(i.DMA1_Channel7_IRQHandler) refers to main.o(.bss) for hdma_usart2_tx
    stm32f1xx_it.o(i.SysTick_Handler) refers to stm32f1xx_hal.o(i.HAL_IncTick) for HAL_IncTick
    stm32f1xx_it.o(i.SysTick_Handler) refers to stm32f1xx_hal_cortex.o(i.HAL_SYSTICK_IRQHandler) for HAL_SYSTICK_IRQHandler
    stm32f1xx_it.o(i.USART1_IRQHandler) refers to stm32f1xx_hal_uart.o(i.HAL_UART_IRQHandler) for HAL_UART_IRQHandler
    stm32f1xx_it.o(i.USART1_IRQHandler) refers to main.o(.bss) for huart1
[...]
    Removing usbd_ioreq.o(.rev16_text), (4 bytes).
    Removing usbd_ioreq.o(.revsh_text), (4 bytes).
    Removing usbd_ioreq.o(.rrx_text), (6 bytes).
    Removing usbd_ioreq.o(i.USBD_GetRxCount), (10 bytes).
    Removing usbd_cdc.o(.rev16_text), (4 bytes).
    Removing usbd_cdc.o(.revsh_text), (4 bytes).
    Removing usbd_cdc.o(.rrx_text), (6 bytes).
    Removing usbd_core.o(.rev16_text), (4 bytes).
    Removing usbd_core.o(.revsh_text), (4 bytes).
    Removing usbd_core.o(.rrx_text), (6 bytes).
    Removing usbd_core.o(i.USBD_DeInit), (38 bytes).
    Removing usbd_core.o(i.USBD_LL_DevConnected), (4 bytes).
    Removing usbd_core.o(i.USBD_LL_DevDisconnected), (22 bytes).
    Removing usbd_core.o(i.USBD_LL_IsoINIncomplete), (4 bytes).
    Removing usbd_core.o(i.USBD_LL_IsoOUTIncomplete), (4 bytes).
    Removing usbd_core.o(i.USBD_RunTestMode), (4 bytes).
    Removing usbd_core.o(i.USBD_Stop), (26 bytes).
    Removing system_stm32f1xx.o(.rev16_text), (4 bytes).
    Removing system_stm32f1xx.o(.revsh_text), (4 bytes).
    Removing system_stm32f1xx.o(.rrx_text), (6 bytes).
    Removing system_stm32f1xx.o(i.SystemCoreClockUpdate), (104 bytes).
    Removing startup_stm32f103xb.o(HEAP), (3072 bytes).

262 unused section(s) (total 10974 bytes) removed from the image.

==============================================================================

Image Symbol Table

    Local Symbols

    Symbol Name                              Value     Ov Type        Size  Object(Section)

    ../Drivers/STM32F1xx_HAL_Driver/Src/stm32f1xx_hal.c 0x00000000   Number         0  stm32f1xx_hal.o ABSOLUTE
    ../Drivers/STM32F1xx_HAL_Driver/Src/stm32f1xx_hal_cortex.c 0x00000000   Number         0  stm32f1xx_hal_cortex.o ABSOLUTE
    ../Drivers/STM32F1xx_HAL_Driver/Src/stm32f1xx_hal_dma.c 0x00000000   Number         0  stm32f1xx_hal_dma.o ABSOLUTE
    ../Drivers/STM32F1xx_HAL_Driver/Src/stm32f1xx_hal_flash.c 0x00000000   Number         0  stm32f1xx_hal_flash.o ABSOLUTE
    ../Drivers/STM32F1xx_HAL_Driver/Src/stm32f1xx_hal_flash_ex.c 0x00000000   Number         0  stm32f1xx_hal_flash_ex.o ABSOLUTE
    ../Drivers/STM32F1xx_HAL_Driver/Src/stm32f1xx_hal_gpio.c 0x00000000   Number         0  stm32f1xx_hal_gpio.o ABSOLUTE
    ../Drivers/STM32F1xx_HAL_Driver/Src/stm32f1xx_hal_gpio_ex.c 0x00000000   Number         0  stm32f1xx_hal_gpio_ex.o ABSOLUTE
    ../Drivers/STM32F1xx_HAL_Driver/Src/stm32f1xx_hal_pcd.c 0x00000000   Number         0  stm32f1xx_hal_pcd.o ABSOLUTE
    ../Drivers/STM32F1xx_HAL_Driver/Src/stm32f1xx_hal_pcd_ex.c 0x00000000   Number         0  stm32f1xx_hal_pcd_ex.o ABSOLUTE
    ../Drivers/STM32F1xx_HAL_Driver/Src/stm32f1xx_hal_pwr.c 0x00000000   Number         0  stm32f1xx_hal_pwr.o ABSOLUTE
    ../Drivers/STM32F1xx_HAL_Driver/Src/stm32f1xx_hal_rcc.c 0x00000000   Number         0  stm32f1xx_hal_rcc.o ABSOLUTE
    ../Drivers/STM32F1xx_HAL_Driver/Src/stm32f1xx_hal_rcc_ex.c 0x00000000   Number         0  stm32f1xx_hal_rcc_ex.o ABSOLUTE
    ../Drivers/STM32F1xx_HAL_Driver/Src/stm32f1xx_hal_tim.c 0x00000000   Number         0  stm32f1xx_hal_tim.o ABSOLUTE
    ../Drivers/STM32F1xx_HAL_Driver/Src/stm32f1xx_hal_tim_ex.c 0x00000000   Number         0  stm32f1xx_hal_tim_ex.o ABSOLUTE
    ../Drivers/STM32F1xx_HAL_Driver/Src/stm32f1xx_hal_uart.c 0x00000000   Number         0  stm32f1xx_hal_uart.o ABSOLUTE
    ../Drivers/STM32F1xx_HAL_Driver/Src/stm32f1xx_ll_usb.c 0x00000000   Number         0  stm32f1xx_ll_usb.o ABSOLUTE
    ../Middlewares/ST/STM32_USB_Device_Library/Class/CDC/Src/usbd_cdc.c 0x00000000   Number         0  usbd_cdc.o ABSOLUTE
    ../Middlewares/ST/STM32_USB_Device_Library/Core/Src/usbd_core.c 0x00000000   Number         0  usbd_core.o ABSOLUTE
    ../Middlewares/ST/STM32_USB_Device_Library/Core/Src/usbd_ctlreq.c 0x00000000   Number         0  usbd_ctlreq.o ABSOLUTE
    ../Middlewares/ST/STM32_USB_Device_Library/Core/Src/usbd_ioreq.c 0x00000000   Number         0  usbd_ioreq.o ABSOLUTE
    ../Src/main.c                            0x00000000   Number         0  main.o ABSOLUTE
    ../Src/stm32f1xx_hal_msp.c               0x00000000   Number         0  stm32f1xx_hal_msp.o ABSOLUTE
    ../Src/stm32f1xx_it.c                    0x00000000   Number         0  stm32f1xx_it.o ABSOLUTE
    ../Src/system_stm32f1xx.c                0x00000000   Number         0  system_stm32f1xx.o ABSOLUTE
    ../Src/usb_device.c                      0x00000000   Number         0  usb_device.o ABSOLUTE
    ../Src/usbd_cdc_if.c                     0x00000000   Number         0  usbd_cdc_if.o ABSOLUTE
    ../Src/usbd_conf.c                       0x00000000   Number         0  usbd_conf.o ABSOLUTE
    ../Src/usbd_desc.c                       0x00000000   Number         0  usbd_desc.o ABSOLUTE
    ../clib/../cmprslib/zerorunl2.c          0x00000000   Number         0  __dczerorl2.o ABSOLUTE
    ../clib/microlib/init/entry.s            0x00000000   Number         0  entry8b.o ABSOLUTE
    ../clib/microlib/init/entry.s            0x00000000   Number         0  entry9a.o ABSOLUTE
    ../clib/microlib/init/entry.s            0x00000000   Number         0  entry5.o ABSOLUTE
    ../clib/microlib/init/entry.s            0x00000000   Number         0  entry9b.o ABSOLUTE
    ../clib/microlib/init/entry.s            0x00000000   Number         0  entry10a.o ABSOLUTE
    ../clib/microlib/init/entry.s            0x00000000   Number         0  entry10b.o ABSOLUTE
    ../clib/microlib/init/entry.s            0x00000000   Number         0  entry11a.o ABSOLUTE
    ../clib/microlib/init/entry.s            0x00000000   Number         0  entry2.o ABSOLUTE
    ../clib/microlib/init/entry.s            0x00000000   Number         0  entry11b.o ABSOLUTE
    ../clib/microlib/init/entry.s            0x00000000   Number         0  entry.o ABSOLUTE
    ../clib/microlib/init/entry.s            0x00000000   Number         0  entry7b.o ABSOLUTE
    ../clib/microlib/init/entry.s            0x00000000   Number         0  entry8a.o ABSOLUTE
    ../clib/microlib/init/entry.s            0x00000000   Number         0  entry7a.o ABSOLUTE
    ../clib/microlib/longlong.c              0x00000000   Number         0  llushr.o ABSOLUTE
    ../clib/microlib/string/memcpy.c         0x00000000   Number         0  memcpya.o ABSOLUTE
    ../clib/microlib/string/memcpy.c         0x00000000   Number         0  memcpyb.o ABSOLUTE
    ..\Drivers\STM32F1xx_HAL_Driver\Src\stm32f1xx_hal.c 0x00000000   Number         0  stm32f1xx_hal.o ABSOLUTE
    ..\Drivers\STM32F1xx_HAL_Driver\Src\stm32f1xx_hal_cortex.c 0x00000000   Number         0  stm32f1xx_hal_cortex.o ABSOLUTE
    ..\Drivers\STM32F1xx_HAL_Driver\Src\stm32f1xx_hal_dma.c 0x00000000   Number         0  stm32f1xx_hal_dma.o ABSOLUTE
    ..\Drivers\STM32F1xx_HAL_Driver\Src\stm32f1xx_hal_flash.c 0x00000000   Number         0  stm32f1xx_hal_flash.o ABSOLUTE
    ..\Drivers\STM32F1xx_HAL_Driver\Src\stm32f1xx_hal_flash_ex.c 0x00000000   Number         0  stm32f1xx_hal_flash_ex.o ABSOLUTE
    ..\Drivers\STM32F1xx_HAL_Driver\Src\stm32f1xx_hal_gpio.c 0x00000000   Number         0  stm32f1xx_hal_gpio.o ABSOLUTE
    ..\Drivers\STM32F1xx_HAL_Driver\Src\stm32f1xx_hal_gpio_ex.c 0x00000000   Number         0  stm32f1xx_hal_gpio_ex.o ABSOLUTE
    ..\Drivers\STM32F1xx_HAL_Driver\Src\stm32f1xx_hal_pcd.c 0x00000000   Number         0  stm32f1xx_hal_pcd.o ABSOLUTE
    ..\Drivers\STM32F1xx_HAL_Driver\Src\stm32f1xx_hal_pcd_ex.c 0x00000000   Number         0  stm32f1xx_hal_pcd_ex.o ABSOLUTE
    ..\Drivers\STM32F1xx_HAL_Driver\Src\stm32f1xx_hal_pwr.c 0x00000000   Number         0  stm32f1xx_hal_pwr.o ABSOLUTE
    ..\Drivers\STM32F1xx_HAL_Driver\Src\stm32f1xx_hal_rcc.c 0x00000000   Number         0  stm32f1xx_hal_rcc.o ABSOLUTE
    ..\Drivers\STM32F1xx_HAL_Driver\Src\stm32f1xx_hal_rcc_ex.c 0x00000000   Number         0  stm32f1xx_hal_rcc_ex.o ABSOLUTE
    ..\Drivers\STM32F1xx_HAL_Driver\Src\stm32f1xx_hal_tim.c 0x00000000   Number         0  stm32f1xx_hal_tim.o ABSOLUTE
    ..\Drivers\STM32F1xx_HAL_Driver\Src\stm32f1xx_hal_tim_ex.c 0x00000000   Number         0  stm32f1xx_hal_tim_ex.o ABSOLUTE
    ..\Drivers\STM32F1xx_HAL_Driver\Src\stm32f1xx_hal_uart.c 0x00000000   Number         0  stm32f1xx_hal_uart.o ABSOLUTE
    ..\Drivers\STM32F1xx_HAL_Driver\Src\stm32f1xx_ll_usb.c 0x00000000   Number         0  stm32f1xx_ll_usb.o ABSOLUTE
    ..\Middlewares\ST\STM32_USB_Device_Library\Class\CDC\Src\usbd_cdc.c 0x00000000   Number         0  usbd_cdc.o ABSOLUTE
    ..\Middlewares\ST\STM32_USB_Device_Library\Core\Src\usbd_core.c 0x00000000   Number         0  usbd_core.o ABSOLUTE
    ..\Middlewares\ST\STM32_USB_Device_Library\Core\Src\usbd_ctlreq.c 0x00000000   Number         0  usbd_ctlreq.o ABSOLUTE
    ..\Middlewares\ST\STM32_USB_Device_Library\Core\Src\usbd_ioreq.c 0x00000000   Number         0  usbd_ioreq.o ABSOLUTE
    ..\Src\main.c                            0x00000000   Number         0  main.o ABSOLUTE
    ..\Src\stm32f1xx_hal_msp.c               0x00000000   Number         0  stm32f1xx_hal_msp.o ABSOLUTE
    ..\Src\stm32f1xx_it.c                    0x00000000   Number         0  stm32f1xx_it.o ABSOLUTE
    ..\Src\system_stm32f1xx.c                0x00000000   Number         0  system_stm32f1xx.o ABSOLUTE
    ..\Src\usb_device.c                      0x00000000   Number         0  usb_device.o ABSOLUTE
    ..\Src\usbd_cdc_if.c                     0x00000000   Number         0  usbd_cdc_if.o ABSOLUTE
    ..\Src\usbd_conf.c                       0x00000000   Number         0  usbd_conf.o ABSOLUTE
    ..\Src\usbd_desc.c                       0x00000000   Number         0  usbd_desc.o ABSOLUTE
    dc.s                                     0x00000000   Number         0  dc.o ABSOLUTE
    handlers.s                               0x00000000   Number         0  handlers.o ABSOLUTE
    init.s                                   0x00000000   Number         0  init.o ABSOLUTE
    startup_stm32f103xb.s                    0x00000000   Number         0  startup_stm32f103xb.o ABSOLUTE
    RESET                                    0x08000000   Section      236  startup_stm32f103xb.o(RESET)
    .ARM.Collect$$$$00000000                 0x080000ec   Section        0  entry.o(.ARM.Collect$$$$00000000)
    .ARM.Collect$$$$00000001                 0x080000ec   Section        4  entry2.o(.ARM.Collect$$$$00000001)
    .ARM.Collect$$$$00000004                 0x080000f0   Section        4  entry5.o(.ARM.Collect$$$$00000004)
    .ARM.Collect$$$$00000008                 0x080000f4   Section        0  entry7b.o(.ARM.Collect$$$$00000008)
    .ARM.Collect$$$$0000000A                 0x080000f4   Section        0  entry8b.o(.ARM.Collect$$$$0000000A)
    .ARM.Collect$$$$0000000B                 0x080000f4   Section        8  entry9a.o(.ARM.Collect$$$$0000000B)
    .ARM.Collect$$$$0000000D                 0x080000fc   Section        0  entry10a.o(.ARM.Collect$$$$0000000D)
    .ARM.Collect$$$$0000000F                 0x080000fc   Section        0  entry11a.o(.ARM.Collect$$$$0000000F)
    .ARM.Collect$$$$00002712                 0x080000fc   Section        4  entry2.o(.ARM.Collect$$$$00002712)
    __lit__00000000                          0x080000fc   Data           4  entry2.o(.ARM.Collect$$$$00002712)
    .text                                    0x08000100   Section       36  startup_stm32f103xb.o(.text)
    .text                                    0x08000124   Section        0  memcpya.o(.text)
    .text                                    0x08000148   Section       36  init.o(.text)
    .text                                    0x0800016c   Section        0  __dczerorl2.o(.text)
    i.BusFault_Handler                       0x080001c2   Section        0  stm32f1xx_it.o(i.BusFault_Handler)
    i.CDC_Control_FS                         0x080001c4   Section        0  usbd_cdc_if.o(i.CDC_Control_FS)
    CDC_Control_FS                           0x080001c5   Thumb Code   106  usbd_cdc_if.o(i.CDC_Control_FS)
    i.CDC_DeInit_FS                          0x08000234   Section        0  usbd_cdc_if.o(i.CDC_DeInit_FS)
    CDC_DeInit_FS                            0x08000235   Thumb Code     4  usbd_cdc_if.o(i.CDC_DeInit_FS)
    i.CDC_Init_FS                            0x08000238   Section        0  usbd_cdc_if.o(i.CDC_Init_FS)
    CDC_Init_FS                              0x08000239   Thumb Code   108  usbd_cdc_if.o(i.CDC_Init_FS)
    i.CDC_Receive_FS                         0x080002cc   Section        0  usbd_cdc_if.o(i.CDC_Receive_FS)
    CDC_Receive_FS                           0x080002cd   Thumb Code    64  usbd_cdc_if.o(i.CDC_Receive_FS)
    i.CDC_Transmit_FS                        0x08000318   Section        0  usbd_cdc_if.o(i.CDC_Transmit_FS)
    i.DMA1_Channel4_IRQHandler               0x08000360   Section        0  stm32f1xx_it.o(i.DMA1_Channel4_IRQHandler)
    i.DMA1_Channel5_IRQHandler               0x0800036c   Section        0  stm32f1xx_it.o(i.DMA1_Channel5_IRQHandler)
    i.DMA1_Channel6_IRQHandler               0x08000378   Section        0  stm32f1xx_it.o(i.DMA1_Channel6_IRQHandler)
    i.DMA1_Channel7_IRQHandler               0x08000384   Section        0  stm32f1xx_it.o(i.DMA1_Channel7_IRQHandler)
    i.DMA_SetConfig                          0x08000390   Section        0  stm32f1xx_hal_dma.o(i.DMA_SetConfig)
    DMA_SetConfig                            0x08000391   Thumb Code    42  stm32f1xx_hal_dma.o(i.DMA_SetConfig)
    i.DebugMon_Handler                       0x080003ba   Section        0  stm32f1xx_it.o(i.DebugMon_Handler)
    i.HAL_DMA_Abort_IT                       0x080003bc   Section        0  stm32f1xx_hal_dma.o(i.HAL_DMA_Abort_IT)
    i.HAL_DMA_DeInit                         0x08000454   Section        0  stm32f1xx_hal_dma.o(i.HAL_DMA_DeInit)
    i.HAL_DMA_IRQHandler                     0x080004a8   Section        0  stm32f1xx_hal_dma.o(i.HAL_DMA_IRQHandler)
    i.HAL_DMA_Init                           0x080005fc   Section        0  stm32f1xx_hal_dma.o(i.HAL_DMA_Init)
    i.HAL_DMA_Start_IT                       0x08000660   Section        0  stm32f1xx_hal_dma.o(i.HAL_DMA_Start_IT)
    i.HAL_Delay                              0x080006d0   Section        0  stm32f1xx_hal.o(i.HAL_Delay)
    i.HAL_GPIO_DeInit                        0x080006ec   Section        0  stm32f1xx_hal_gpio.o(i.HAL_GPIO_DeInit)
    i.HAL_GPIO_Init                          0x080007d0   Section        0  stm32f1xx_hal_gpio.o(i.HAL_GPIO_Init)
    i.HAL_GPIO_TogglePin                     0x0800098c   Section        0  stm32f1xx_hal_gpio.o(i.HAL_GPIO_TogglePin)
    i.HAL_GPIO_WritePin                      0x08000994   Section        0  stm32f1xx_hal_gpio.o(i.HAL_GPIO_WritePin)
    i.HAL_GetTick                            0x080009a0   Section        0  stm32f1xx_hal.o(i.HAL_GetTick)
    i.HAL_IncTick                            0x080009ac   Section        0  stm32f1xx_hal.o(i.HAL_IncTick)
    i.HAL_Init                               0x080009bc   Section        0  stm32f1xx_hal.o(i.HAL_Init)
    i.HAL_InitTick                           0x080009e0   Section        0  stm32f1xx_hal.o(i.HAL_InitTick)
    i.HAL_MspInit                            0x08000a08   Section        0  stm32f1xx_hal_msp.o(i.HAL_MspInit)
    i.HAL_NVIC_DisableIRQ                    0x08000a8c   Section        0  stm32f1xx_hal_cortex.o(i.HAL_NVIC_DisableIRQ)
    i.HAL_NVIC_EnableIRQ                     0x08000aa2   Section        0  stm32f1xx_hal_cortex.o(i.HAL_NVIC_EnableIRQ)
    i.HAL_NVIC_SetPriority                   0x08000ab8   Section        0  stm32f1xx_hal_cortex.o(i.HAL_NVIC_SetPriority)
    i.HAL_NVIC_SetPriorityGrouping           0x08000af8   Section        0  stm32f1xx_hal_cortex.o(i.HAL_NVIC_SetPriorityGrouping)
    i.HAL_PCDEx_PMAConfig                    0x08000b1c   Section        0  stm32f1xx_hal_pcd_ex.o(i.HAL_PCDEx_PMAConfig)
    i.HAL_PCDEx_SetConnectionState           0x08000b50   Section        0  usbd_conf.o(i.HAL_PCDEx_SetConnectionState)
    i.HAL_PCD_DataInStageCallback            0x08000b52   Section        0  usbd_conf.o(i.HAL_PCD_DataInStageCallback)
    i.HAL_PCD_DataOutStageCallback           0x08000b60   Section        0  usbd_conf.o(i.HAL_PCD_DataOutStageCallback)
    i.HAL_PCD_EP_Close                       0x08000b70   Section        0  stm32f1xx_hal_pcd.o(i.HAL_PCD_EP_Close)
    i.HAL_PCD_EP_ClrStall                    0x08000bb0   Section        0  stm32f1xx_hal_pcd.o(i.HAL_PCD_EP_ClrStall)
    i.HAL_PCD_EP_GetRxCount                  0x08000bf8   Section        0  stm32f1xx_hal_pcd.o(i.HAL_PCD_EP_GetRxCount)
    i.HAL_PCD_EP_Open                        0x08000c08   Section        0  stm32f1xx_hal_pcd.o(i.HAL_PCD_EP_Open)
    i.HAL_PCD_EP_Receive                     0x08000c4c   Section        0  stm32f1xx_hal_pcd.o(i.HAL_PCD_EP_Receive)
    i.HAL_PCD_EP_SetStall                    0x08000c7a   Section        0  stm32f1xx_hal_pcd.o(i.HAL_PCD_EP_SetStall)
    i.HAL_PCD_EP_Transmit                    0x08000cd0   Section        0  stm32f1xx_hal_pcd.o(i.HAL_PCD_EP_Transmit)
    i.HAL_PCD_IRQHandler                     0x08000cfa   Section        0  stm32f1xx_hal_pcd.o(i.HAL_PCD_IRQHandler)
    i.HAL_PCD_Init                           0x08000e08   Section        0  stm32f1xx_hal_pcd.o(i.HAL_PCD_Init)
    i.HAL_PCD_MspInit                        0x08000ec8   Section        0  usbd_conf.o(i.HAL_PCD_MspInit)
    i.HAL_PCD_ResetCallback                  0x08000f04   Section        0  usbd_conf.o(i.HAL_PCD_ResetCallback)
    i.HAL_PCD_ResumeCallback                 0x08000f1e   Section        0  usbd_conf.o(i.HAL_PCD_ResumeCallback)
    i.HAL_PCD_SOFCallback                    0x08000f26   Section        0  usbd_conf.o(i.HAL_PCD_SOFCallback)
    i.HAL_PCD_SetAddress                     0x08000f2e   Section        0  stm32f1xx_hal_pcd.o(i.HAL_PCD_SetAddress)
    i.HAL_PCD_SetupStageCallback             0x08000f56   Section        0  usbd_conf.o(i.HAL_PCD_SetupStageCallback)
    i.HAL_PCD_Start                          0x08000f64   Section        0  stm32f1xx_hal_pcd.o(i.HAL_PCD_Start)
    i.HAL_PCD_SuspendCallback                0x08000f98   Section        0  usbd_conf.o(i.HAL_PCD_SuspendCallback)
    i.HAL_RCCEx_PeriphCLKConfig              0x08000fbc   Section        0  stm32f1xx_hal_rcc_ex.o(i.HAL_RCCEx_PeriphCLKConfig)
    i.HAL_RCC_ClockConfig                    0x080010a8   Section        0  stm32f1xx_hal_rcc.o(i.HAL_RCC_ClockConfig)
    i.HAL_RCC_GetHCLKFreq                    0x080011fc   Section        0  stm32f1xx_hal_rcc.o(i.HAL_RCC_GetHCLKFreq)
    i.HAL_RCC_GetPCLK1Freq                   0x08001208   Section        0  stm32f1xx_hal_rcc.o(i.HAL_RCC_GetPCLK1Freq)
    i.HAL_RCC_GetPCLK2Freq                   0x08001228   Section        0  stm32f1xx_hal_rcc.o(i.HAL_RCC_GetPCLK2Freq)
    i.HAL_RCC_GetSysClockFreq                0x08001248   Section        0  stm32f1xx_hal_rcc.o(i.HAL_RCC_GetSysClockFreq)
    i.HAL_RCC_OscConfig                      0x080012b4   Section        0  stm32f1xx_hal_rcc.o(i.HAL_RCC_OscConfig)
    i.HAL_SYSTICK_CLKSourceConfig            0x080015b8   Section        0  stm32f1xx_hal_cortex.o(i.HAL_SYSTICK_CLKSourceConfig)
    i.HAL_SYSTICK_Callback                   0x080015d0   Section        0  stm32f1xx_hal_cortex.o(i.HAL_SYSTICK_Callback)
    i.HAL_SYSTICK_Config                     0x080015d2   Section        0  stm32f1xx_hal_cortex.o(i.HAL_SYSTICK_Config)
    i.HAL_SYSTICK_IRQHandler                 0x080015fa   Section        0  stm32f1xx_hal_cortex.o(i.HAL_SYSTICK_IRQHandler)
    i.HAL_UART_DeInit                        0x08001602   Section        0  stm32f1xx_hal_uart.o(i.HAL_UART_DeInit)
    i.HAL_UART_ErrorCallback                 0x0800162a   Section        0  stm32f1xx_hal_uart.o(i.HAL_UART_ErrorCallback)
    i.HAL_UART_IRQHandler                    0x0800162c   Section        0  stm32f1xx_hal_uart.o(i.HAL_UART_IRQHandler)
    i.HAL_UART_Init                          0x0800173c   Section        0  stm32f1xx_hal_uart.o(i.HAL_UART_Init)
    i.HAL_UART_MspDeInit                     0x080017a0   Section        0  stm32f1xx_hal_msp.o(i.HAL_UART_MspDeInit)
    i.HAL_UART_MspInit                       0x08001810   Section        0  stm32f1xx_hal_msp.o(i.HAL_UART_MspInit)
    i.HAL_UART_Receive_DMA                   0x080019a4   Section        0  stm32f1xx_hal_uart.o(i.HAL_UART_Receive_DMA)
    i.HAL_UART_RxCpltCallback                0x08001a3c   Section        0  main.o(i.HAL_UART_RxCpltCallback)
    i.HAL_UART_RxHalfCpltCallback            0x08001a78   Section        0  stm32f1xx_hal_uart.o(i.HAL_UART_RxHalfCpltCallback)
    i.HAL_UART_Transmit_DMA                  0x08001a7c   Section        0  stm32f1xx_hal_uart.o(i.HAL_UART_Transmit_DMA)
    i.HAL_UART_TxCpltCallback                0x08001afc   Section        0  stm32f1xx_hal_uart.o(i.HAL_UART_TxCpltCallback)
    i.HAL_UART_TxHalfCpltCallback            0x08001afe   Section        0  stm32f1xx_hal_uart.o(i.HAL_UART_TxHalfCpltCallback)
    i.HardFault_Handler                      0x08001b00   Section        0  stm32f1xx_it.o(i.HardFault_Handler)
    i.MX_GPIO_Init                           0x08001b04   Section        0  main.o(i.MX_GPIO_Init)
    MX_GPIO_Init                             0x08001b05   Thumb Code    96  main.o(i.MX_GPIO_Init)
    i.MX_USART_UART_CfgSet                   0x08001b6c   Section        0  usbd_cdc_if.o(i.MX_USART_UART_CfgSet)
    MX_USART_UART_CfgSet                     0x08001b6d   Thumb Code   190  usbd_cdc_if.o(i.MX_USART_UART_CfgSet)
    i.MX_USB_DEVICE_Init                     0x08001c4c   Section        0  usb_device.o(i.MX_USB_DEVICE_Init)
    i.MemManage_Handler                      0x08001c84   Section        0  stm32f1xx_it.o(i.MemManage_Handler)
    i.NMI_Handler                            0x08001c86   Section        0  stm32f1xx_it.o(i.NMI_Handler)
    i.NVIC_SetPriority                       0x08001c88   Section        0  stm32f1xx_hal_cortex.o(i.NVIC_SetPriority)
    NVIC_SetPriority                         0x08001c89   Thumb Code    32  stm32f1xx_hal_cortex.o(i.NVIC_SetPriority)
    i.PCD_EP_ISR_Handler                     0x08001ca8   Section        0  stm32f1xx_hal_pcd.o(i.PCD_EP_ISR_Handler)
    PCD_EP_ISR_Handler                       0x08001ca9   Thumb Code   866  stm32f1xx_hal_pcd.o(i.PCD_EP_ISR_Handler)
    i.PendSV_Handler                         0x0800200a   Section        0  stm32f1xx_it.o(i.PendSV_Handler)
    i.SVC_Handler                            0x0800200c   Section        0  stm32f1xx_it.o(i.SVC_Handler)
    i.SysTick_Handler                        0x0800200e   Section        0  stm32f1xx_it.o(i.SysTick_Handler)
    i.SystemClock_Config                     0x0800201c   Section        0  main.o(i.SystemClock_Config)
    i.SystemInit                             0x08002094   Section        0  system_stm32f1xx.o(i.SystemInit)
    i.UART_DMAAbortOnError                   0x080020dc   Section        0  stm32f1xx_hal_uart.o(i.UART_DMAAbortOnError)
    UART_DMAAbortOnError                     0x080020dd   Thumb Code    16  stm32f1xx_hal_uart.o(i.UART_DMAAbortOnError)
    i.UART_DMAError                          0x080020ec   Section        0  stm32f1xx_hal_uart.o(i.UART_DMAError)
    UART_DMAError                            0x080020ed   Thumb Code    74  stm32f1xx_hal_uart.o(i.UART_DMAError)
    i.UART_DMAReceiveCplt                    0x08002136   Section        0  stm32f1xx_hal_uart.o(i.UART_DMAReceiveCplt)
    UART_DMAReceiveCplt                      0x08002137   Thumb Code    60  stm32f1xx_hal_uart.o(i.UART_DMAReceiveCplt)
    i.UART_DMARxHalfCplt                     0x08002172   Section        0  stm32f1xx_hal_uart.o(i.UART_DMARxHalfCplt)
    UART_DMARxHalfCplt                       0x08002173   Thumb Code    10  stm32f1xx_hal_uart.o(i.UART_DMARxHalfCplt)
    i.UART_DMATransmitCplt                   0x0800217c   Section        0  stm32f1xx_hal_uart.o(i.UART_DMATransmitCplt)
    UART_DMATransmitCplt                     0x0800217d   Thumb Code    46  stm32f1xx_hal_uart.o(i.UART_DMATransmitCplt)
    i.UART_DMATxHalfCplt                     0x080021aa   Section        0  stm32f1xx_hal_uart.o(i.UART_DMATxHalfCplt)
    UART_DMATxHalfCplt                       0x080021ab   Thumb Code    10  stm32f1xx_hal_uart.o(i.UART_DMATxHalfCplt)
    i.UART_EndRxTransfer                     0x080021b4   Section        0  stm32f1xx_hal_uart.o(i.UART_EndRxTransfer)
    UART_EndRxTransfer                       0x080021b5   Thumb Code    28  stm32f1xx_hal_uart.o(i.UART_EndRxTransfer)
    i.UART_EndTxTransfer                     0x080021d0   Section        0  stm32f1xx_hal_uart.o(i.UART_EndTxTransfer)
    UART_EndTxTransfer                       0x080021d1   Thumb Code    18  stm32f1xx_hal_uart.o(i.UART_EndTxTransfer)
    i.UART_Receive_IT                        0x080021e2   Section        0  stm32f1xx_hal_uart.o(i.UART_Receive_IT)
    UART_Receive_IT                          0x080021e3   Thumb Code   150  stm32f1xx_hal_uart.o(i.UART_Receive_IT)
    i.UART_SetConfig                         0x08002278   Section        0  stm32f1xx_hal_uart.o(i.UART_SetConfig)
    UART_SetConfig                           0x08002279   Thumb Code   364  stm32f1xx_hal_uart.o(i.UART_SetConfig)
    i.UART_Transmit_IT                       0x080023e8   Section        0  stm32f1xx_hal_uart.o(i.UART_Transmit_IT)
    UART_Transmit_IT                         0x080023e9   Thumb Code    98  stm32f1xx_hal_uart.o(i.UART_Transmit_IT)
    i.USART1_IRQHandler                      0x0800244c   Section        0  stm32f1xx_it.o(i.USART1_IRQHandler)
    i.USART2_IRQHandler                      0x08002458   Section        0  stm32f1xx_it.o(i.USART2_IRQHandler)
    i.USBD_CDC_DataIn                        0x08002464   Section        0  usbd_cdc.o(i.USBD_CDC_DataIn)
    USBD_CDC_DataIn                          0x08002465   Thumb Code    20  usbd_cdc.o(i.USBD_CDC_DataIn)
    i.USBD_CDC_DataOut                       0x08002478   Section        0  usbd_cdc.o(i.USBD_CDC_DataOut)
    USBD_CDC_DataOut                         0x08002479   Thumb Code    38  usbd_cdc.o(i.USBD_CDC_DataOut)
    i.USBD_CDC_DeInit                        0x0800249e   Section        0  usbd_cdc.o(i.USBD_CDC_DeInit)
    USBD_CDC_DeInit                          0x0800249f   Thumb Code    84  usbd_cdc.o(i.USBD_CDC_DeInit)
    i.USBD_CDC_EP0_RxReady                   0x080024f2   Section        0  usbd_cdc.o(i.USBD_CDC_EP0_RxReady)
    USBD_CDC_EP0_RxReady                     0x080024f3   Thumb Code    40  usbd_cdc.o(i.USBD_CDC_EP0_RxReady)
    i.USBD_CDC_GetDeviceQualifierDescriptor  0x0800251c   Section        0  usbd_cdc.o(i.USBD_CDC_GetDeviceQualifierDescriptor)
    i.USBD_CDC_GetFSCfgDesc                  0x08002528   Section        0  usbd_cdc.o(i.USBD_CDC_GetFSCfgDesc)
    USBD_CDC_GetFSCfgDesc                    0x08002529   Thumb Code     8  usbd_cdc.o(i.USBD_CDC_GetFSCfgDesc)
    i.USBD_CDC_GetHSCfgDesc                  0x08002534   Section        0  usbd_cdc.o(i.USBD_CDC_GetHSCfgDesc)
    USBD_CDC_GetHSCfgDesc                    0x08002535   Thumb Code     8  usbd_cdc.o(i.USBD_CDC_GetHSCfgDesc)
    i.USBD_CDC_GetOtherSpeedCfgDesc          0x08002540   Section        0  usbd_cdc.o(i.USBD_CDC_GetOtherSpeedCfgDesc)
    USBD_CDC_GetOtherSpeedCfgDesc            0x08002541   Thumb Code     8  usbd_cdc.o(i.USBD_CDC_GetOtherSpeedCfgDesc)
    i.USBD_CDC_Init                          0x0800254c   Section        0  usbd_cdc.o(i.USBD_CDC_Init)
    USBD_CDC_Init                            0x0800254d   Thumb Code   170  usbd_cdc.o(i.USBD_CDC_Init)
    i.USBD_CDC_RegisterInterface             0x080025f6   Section        0  usbd_cdc.o(i.USBD_CDC_RegisterInterface)
    i.USBD_CDC_Setup                         0x08002608   Section        0  usbd_cdc.o(i.USBD_CDC_Setup)
    USBD_CDC_Setup                           0x08002609   Thumb Code   120  usbd_cdc.o(i.USBD_CDC_Setup)
    i.USBD_ClrClassConfig                    0x08002684   Section        0  usbd_core.o(i.USBD_ClrClassConfig)
    i.USBD_CtlContinueRx                     0x08002692   Section        0  usbd_ioreq.o(i.USBD_CtlContinueRx)
    i.USBD_CtlContinueSendData               0x080026a2   Section        0  usbd_ioreq.o(i.USBD_CtlContinueSendData)
    i.USBD_CtlError                          0x080026b2   Section        0  usbd_ctlreq.o(i.USBD_CtlError)
    i.USBD_CtlPrepareRx                      0x080026c8   Section        0  usbd_ioreq.o(i.USBD_CtlPrepareRx)
    i.USBD_CtlReceiveStatus                  0x080026e6   Section        0  usbd_ioreq.o(i.USBD_CtlReceiveStatus)
    i.USBD_CtlSendData                       0x080026fc   Section        0  usbd_ioreq.o(i.USBD_CtlSendData)
    i.USBD_CtlSendStatus                     0x08002716   Section        0  usbd_ioreq.o(i.USBD_CtlSendStatus)
    i.USBD_FS_ConfigStrDescriptor            0x0800272c   Section        0  usbd_desc.o(i.USBD_FS_ConfigStrDescriptor)
    i.USBD_FS_DeviceDescriptor               0x0800274c   Section        0  usbd_desc.o(i.USBD_FS_DeviceDescriptor)
    i.USBD_FS_InterfaceStrDescriptor         0x08002758   Section        0  usbd_desc.o(i.USBD_FS_InterfaceStrDescriptor)
    i.USBD_FS_LangIDStrDescriptor            0x0800277c   Section        0  usbd_desc.o(i.USBD_FS_LangIDStrDescriptor)
    i.USBD_FS_ManufacturerStrDescriptor      0x08002788   Section        0  usbd_desc.o(i.USBD_FS_ManufacturerStrDescriptor)
    i.USBD_FS_ProductStrDescriptor           0x080027b0   Section        0  usbd_desc.o(i.USBD_FS_ProductStrDescriptor)
    i.USBD_FS_SerialStrDescriptor            0x080027dc   Section        0  usbd_desc.o(i.USBD_FS_SerialStrDescriptor)
    i.USBD_GetDescriptor                     0x08002800   Section        0  usbd_ctlreq.o(i.USBD_GetDescriptor)
    USBD_GetDescriptor                       0x08002801   Thumb Code   224  usbd_ctlreq.o(i.USBD_GetDescriptor)
    i.USBD_GetString                         0x080028e0   Section        0  usbd_ctlreq.o(i.USBD_GetString)
    i.USBD_Init                              0x08002926   Section        0  usbd_core.o(i.USBD_Init)
    i.USBD_LL_ClearStallEP                   0x08002950   Section        0  usbd_conf.o(i.USBD_LL_ClearStallEP)
    i.USBD_LL_CloseEP                        0x08002970   Section        0  usbd_conf.o(i.USBD_LL_CloseEP)
    i.USBD_LL_DataInStage                    0x08002990   Section        0  usbd_core.o(i.USBD_LL_DataInStage)
    i.USBD_LL_DataOutStage                   0x08002a3a   Section        0  usbd_core.o(i.USBD_LL_DataOutStage)
    i.USBD_LL_GetRxDataSize                  0x08002aa4   Section        0  usbd_conf.o(i.USBD_LL_GetRxDataSize)
    i.USBD_LL_Init                           0x08002aac   Section        0  usbd_conf.o(i.USBD_LL_Init)
    i.USBD_LL_IsStallEP                      0x08002b70   Section        0  usbd_conf.o(i.USBD_LL_IsStallEP)
    i.USBD_LL_OpenEP                         0x08002b8c   Section        0  usbd_conf.o(i.USBD_LL_OpenEP)
    i.USBD_LL_PrepareReceive                 0x08002bb2   Section        0  usbd_conf.o(i.USBD_LL_PrepareReceive)
    i.USBD_LL_Reset                          0x08002bd2   Section        0  usbd_core.o(i.USBD_LL_Reset)
    i.USBD_LL_Resume                         0x08002c10   Section        0  usbd_core.o(i.USBD_LL_Resume)
    i.USBD_LL_SOF                            0x08002c1c   Section        0  usbd_core.o(i.USBD_LL_SOF)
    i.USBD_LL_SetSpeed                       0x08002c34   Section        0  usbd_core.o(i.USBD_LL_SetSpeed)
    i.USBD_LL_SetUSBAddress                  0x08002c3a   Section        0  usbd_conf.o(i.USBD_LL_SetUSBAddress)
    i.USBD_LL_SetupStage                     0x08002c5a   Section        0  usbd_core.o(i.USBD_LL_SetupStage)
    i.USBD_LL_StallEP                        0x08002cb4   Section        0  usbd_conf.o(i.USBD_LL_StallEP)
    i.USBD_LL_Start                          0x08002cd4   Section        0  usbd_conf.o(i.USBD_LL_Start)
    i.USBD_LL_Suspend                        0x08002cf4   Section        0  usbd_core.o(i.USBD_LL_Suspend)
    i.USBD_LL_Transmit                       0x08002d06   Section        0  usbd_conf.o(i.USBD_LL_Transmit)
    i.USBD_ParseSetupRequest                 0x08002d26   Section        0  usbd_ctlreq.o(i.USBD_ParseSetupRequest)
    i.USBD_RegisterClass                     0x08002d4e   Section        0  usbd_core.o(i.USBD_RegisterClass)
    i.USBD_SetClassConfig                    0x08002d5e   Section        0  usbd_core.o(i.USBD_SetClassConfig)
    i.USBD_SetConfig                         0x08002d74   Section        0  usbd_ctlreq.o(i.USBD_SetConfig)
    USBD_SetConfig                           0x08002d75   Thumb Code   110  usbd_ctlreq.o(i.USBD_SetConfig)
    i.USBD_Start                             0x08002de8   Section        0  usbd_core.o(i.USBD_Start)
    i.USBD_StdDevReq                         0x08002df2   Section        0  usbd_ctlreq.o(i.USBD_StdDevReq)
    i.USBD_StdEPReq                          0x08002ee4   Section        0  usbd_ctlreq.o(i.USBD_StdEPReq)
    i.USBD_StdItfReq                         0x08002fc0   Section        0  usbd_ctlreq.o(i.USBD_StdItfReq)
    i.USBD_static_free                       0x08002ff4   Section        0  usbd_conf.o(i.USBD_static_free)
    i.USBD_static_malloc                     0x08002ff8   Section        0  usbd_conf.o(i.USBD_static_malloc)
    i.USB_ActivateEndpoint                   0x08003000   Section        0  stm32f1xx_ll_usb.o(i.USB_ActivateEndpoint)
    i.USB_CoreInit                           0x0800325c   Section        0  stm32f1xx_ll_usb.o(i.USB_CoreInit)
    i.USB_DeactivateEndpoint                 0x08003260   Section        0  stm32f1xx_ll_usb.o(i.USB_DeactivateEndpoint)
    i.USB_DevConnect                         0x08003384   Section        0  stm32f1xx_ll_usb.o(i.USB_DevConnect)
    i.USB_DevDisconnect                      0x08003388   Section        0  stm32f1xx_ll_usb.o(i.USB_DevDisconnect)
    i.USB_DevInit                            0x0800338c   Section        0  stm32f1xx_ll_usb.o(i.USB_DevInit)
    i.USB_DisableGlobalInt                   0x080033aa   Section        0  stm32f1xx_ll_usb.o(i.USB_DisableGlobalInt)
    i.USB_EP0_OutStart                       0x080033b8   Section        0  stm32f1xx_ll_usb.o(i.USB_EP0_OutStart)
    i.USB_EPClearStall                       0x080033bc   Section        0  stm32f1xx_ll_usb.o(i.USB_EPClearStall)
    i.USB_EPSetStall                         0x08003426   Section        0  stm32f1xx_ll_usb.o(i.USB_EPSetStall)
    i.USB_EPStartXfer                        0x08003470   Section        0  stm32f1xx_ll_usb.o(i.USB_EPStartXfer)
    i.USB_EnableGlobalInt                    0x0800361a   Section        0  stm32f1xx_ll_usb.o(i.USB_EnableGlobalInt)
    i.USB_LP_CAN1_RX0_IRQHandler             0x08003628   Section        0  stm32f1xx_it.o(i.USB_LP_CAN1_RX0_IRQHandler)
    i.USB_ReadInterrupts                     0x08003634   Section        0  stm32f1xx_ll_usb.o(i.USB_ReadInterrupts)
    i.USB_ReadPMA                            0x0800363c   Section        0  stm32f1xx_ll_usb.o(i.USB_ReadPMA)
    i.USB_SetCurrentMode                     0x0800365a   Section        0  stm32f1xx_ll_usb.o(i.USB_SetCurrentMode)
    i.USB_SetDevAddress                      0x0800365e   Section        0  stm32f1xx_ll_usb.o(i.USB_SetDevAddress)
    i.USB_WritePMA                           0x0800366a   Section        0  stm32f1xx_ll_usb.o(i.USB_WritePMA)
    i.UsageFault_Handler                     0x08003690   Section        0  stm32f1xx_it.o(i.UsageFault_Handler)
    i._Error_Handler                         0x08003692   Section        0  main.o(i._Error_Handler)
    i.__scatterload_copy                     0x08003694   Section       14  handlers.o(i.__scatterload_copy)
    i.__scatterload_null                     0x080036a2   Section        2  handlers.o(i.__scatterload_null)
    i.__scatterload_zeroinit                 0x080036a4   Section       14  handlers.o(i.__scatterload_zeroinit)
    i.main                                   0x080036b4   Section        0  main.o(i.main)
    .constdata                               0x08003788   Section       24  usbd_cdc_if.o(.constdata)
    .constdata                               0x080037a0   Section       16  system_stm32f1xx.o(.constdata)
    .constdata                               0x080037b0   Section        8  system_stm32f1xx.o(.constdata)
    .data                                    0x20000000   Section       16  usbd_cdc_if.o(.data)
    .data                                    0x20000010   Section       28  usbd_desc.o(.data)
    .data                                    0x2000002c   Section       22  usbd_desc.o(.data)
    .data                                    0x20000044   Section        4  stm32f1xx_hal.o(.data)
    .data                                    0x20000048   Section        1  usbd_ctlreq.o(.data)
    cfgidx                                   0x20000048   Data           1  usbd_ctlreq.o(.data)
    .data                                    0x2000004c   Section      445  usbd_cdc.o(.data)
    ifalt                                    0x2000004c   Data           1  usbd_cdc.o(.data)
    USBD_CDC_DeviceQualifierDesc             0x20000050   Data          10  usbd_cdc.o(.data)
    .data                                    0x2000020c   Section       56  usbd_cdc.o(.data)
    .data                                    0x20000244   Section        4  system_stm32f1xx.o(.data)
    .bss                                     0x20000248   Section     1648  usbd_conf.o(.bss)
    mem                                      0x20000248   Data         528  usbd_conf.o(.bss)
    .bss                                     0x200008b8   Section      548  usb_device.o(.bss)
    .bss                                     0x20000adc   Section      128  main.o(.bss)
    .bss                                     0x20000b5c   Section       68  main.o(.bss)
    .bss                                     0x20000ba0   Section       68  main.o(.bss)
    .bss                                     0x20000be4   Section       68  main.o(.bss)
    .bss                                     0x20000c28   Section       68  main.o(.bss)
    .bss                                     0x20000c6c   Section      144  usbd_cdc_if.o(.bss)
    .bss                                     0x20000cfc   Section      512  usbd_desc.o(.bss)
    STACK                                    0x20000f00   Section     3072  startup_stm32f103xb.o(STACK)

    Global Symbols

    Symbol Name                              Value     Ov Type        Size  Object(Section)

    BuildAttributes$$THM_ISAv4$P$D$K$B$S$PE$A:L22UL41UL21$X:L11$S22US41US21$IEEE1$IW$USESV6$~STKCKD$USESV7$~SHL$OSPACE$EBA8$MICROLIB$REQ8$PRES8$EABIv2 0x00000000   Number         0  anon$$obj.o ABSOLUTE
    __ARM_use_no_argv                        0x00000000   Number         0  main.o ABSOLUTE
    __cpp_initialize__aeabi_                  - Undefined Weak Reference
    __cxa_finalize                            - Undefined Weak Reference
    _clock_init                               - Undefined Weak Reference
    _microlib_exit                            - Undefined Weak Reference
    __Vectors_Size                           0x000000ec   Number         0  startup_stm32f103xb.o ABSOLUTE
    __Vectors                                0x08000000   Data           4  startup_stm32f103xb.o(RESET)
    __Vectors_End                            0x080000ec   Data           0  startup_stm32f103xb.o(RESET)
    __main                                   0x080000ed   Thumb Code     0  entry.o(.ARM.Collect$$$$00000000)
    _main_stk                                0x080000ed   Thumb Code     0  entry2.o(.ARM.Collect$$$$00000001)
    _main_scatterload                        0x080000f1   Thumb Code     0  entry5.o(.ARM.Collect$$$$00000004)
    __main_after_scatterload                 0x080000f5   Thumb Code     0  entry5.o(.ARM.Collect$$$$00000004)
    _main_clock                              0x080000f5   Thumb Code     0  entry7b.o(.ARM.Collect$$$$00000008)
    _main_cpp_init                           0x080000f5   Thumb Code     0  entry8b.o(.ARM.Collect$$$$0000000A)
    _main_init                               0x080000f5   Thumb Code     0  entry9a.o(.ARM.Collect$$$$0000000B)
    __rt_final_cpp                           0x080000fd   Thumb Code     0  entry10a.o(.ARM.Collect$$$$0000000D)
    __rt_final_exit                          0x080000fd   Thumb Code     0  entry11a.o(.ARM.Collect$$$$0000000F)
    Reset_Handler                            0x08000101   Thumb Code     8  startup_stm32f103xb.o(.text)
    ADC1_2_IRQHandler                        0x0800011b   Thumb Code     0  startup_stm32f103xb.o(.text)
    CAN1_RX1_IRQHandler                      0x0800011b   Thumb Code     0  startup_stm32f103xb.o(.text)
    CAN1_SCE_IRQHandler                      0x0800011b   Thumb Code     0  startup_stm32f103xb.o(.text)
    DMA1_Channel1_IRQHandler                 0x0800011b   Thumb Code     0  startup_stm32f103xb.o(.text)
    DMA1_Channel2_IRQHandler                 0x0800011b   Thumb Code     0  startup_stm32f103xb.o(.text)
    DMA1_Channel3_IRQHandler                 0x0800011b   Thumb Code     0  startup_stm32f103xb.o(.text)
    EXTI0_IRQHandler                         0x0800011b   Thumb Code     0  startup_stm32f103xb.o(.text)
    EXTI15_10_IRQHandler                     0x0800011b   Thumb Code     0  startup_stm32f103xb.o(.text)
    EXTI1_IRQHandler                         0x0800011b   Thumb Code     0  startup_stm32f103xb.o(.text)
    EXTI2_IRQHandler                         0x0800011b   Thumb Code     0  startup_stm32f103xb.o(.text)
    EXTI3_IRQHandler                         0x0800011b   Thumb Code     0  startup_stm32f103xb.o(.text)
    EXTI4_IRQHandler                         0x0800011b   Thumb Code     0  startup_stm32f103xb.o(.text)
    EXTI9_5_IRQHandler                       0x0800011b   Thumb Code     0  startup_stm32f103xb.o(.text)
    FLASH_IRQHandler                         0x0800011b   Thumb Code     0  startup_stm32f103xb.o(.text)
    I2C1_ER_IRQHandler                       0x0800011b   Thumb Code     0  startup_stm32f103xb.o(.text)
    I2C1_EV_IRQHandler                       0x0800011b   Thumb Code     0  startup_stm32f103xb.o(.text)
    I2C2_ER_IRQHandler                       0x0800011b   Thumb Code     0  startup_stm32f103xb.o(.text)
    I2C2_EV_IRQHandler                       0x0800011b   Thumb Code     0  startup_stm32f103xb.o(.text)
    PVD_IRQHandler                           0x0800011b   Thumb Code     0  startup_stm32f103xb.o(.text)
    RCC_IRQHandler                           0x0800011b   Thumb Code     0  startup_stm32f103xb.o(.text)
    RTC_Alarm_IRQHandler                     0x0800011b   Thumb Code     0  startup_stm32f103xb.o(.text)
    RTC_IRQHandler                           0x0800011b   Thumb Code     0  startup_stm32f103xb.o(.text)
    SPI1_IRQHandler                          0x0800011b   Thumb Code     0  startup_stm32f103xb.o(.text)
    SPI2_IRQHandler                          0x0800011b   Thumb Code     0  startup_stm32f103xb.o(.text)
    TAMPER_IRQHandler                        0x0800011b   Thumb Code     0  startup_stm32f103xb.o(.text)
    TIM1_BRK_IRQHandler                      0x0800011b   Thumb Code     0  startup_stm32f103xb.o(.text)
    TIM1_CC_IRQHandler                       0x0800011b   Thumb Code     0  startup_stm32f103xb.o(.text)
    TIM1_TRG_COM_IRQHandler                  0x0800011b   Thumb Code     0  startup_stm32f103xb.o(.text)
    TIM1_UP_IRQHandler                       0x0800011b   Thumb Code     0  startup_stm32f103xb.o(.text)
    TIM2_IRQHandler                          0x0800011b   Thumb Code     0  startup_stm32f103xb.o(.text)
    TIM3_IRQHandler                          0x0800011b   Thumb Code     0  startup_stm32f103xb.o(.text)
    TIM4_IRQHandler                          0x0800011b   Thumb Code     0  startup_stm32f103xb.o(.text)
    USART3_IRQHandler                        0x0800011b   Thumb Code     0  startup_stm32f103xb.o(.text)
    USBWakeUp_IRQHandler                     0x0800011b   Thumb Code     0  startup_stm32f103xb.o(.text)
    USB_HP_CAN1_TX_IRQHandler                0x0800011b   Thumb Code     0  startup_stm32f103xb.o(.text)
    WWDG_IRQHandler                          0x0800011b   Thumb Code     0  startup_stm32f103xb.o(.text)
    __aeabi_memcpy                           0x08000125   Thumb Code    36  memcpya.o(.text)
    __aeabi_memcpy4                          0x08000125   Thumb Code     0  memcpya.o(.text)
    __aeabi_memcpy8                          0x08000125   Thumb Code     0  memcpya.o(.text)
    __scatterload                            0x08000149   Thumb Code    28  init.o(.text)
    __scatterload_rt2                        0x08000149   Thumb Code     0  init.o(.text)
    __decompress                             0x0800016d   Thumb Code     0  __dczerorl2.o(.text)
    __decompress1                            0x0800016d   Thumb Code    86  __dczerorl2.o(.text)
    BusFault_Handler                         0x080001c3   Thumb Code     2  stm32f1xx_it.o(i.BusFault_Handler)
    CDC_Transmit_FS                          0x08000319   Thumb Code    62  usbd_cdc_if.o(i.CDC_Transmit_FS)
    DMA1_Channel4_IRQHandler                 0x08000361   Thumb Code     6  stm32f1xx_it.o(i.DMA1_Channel4_IRQHandler)
    DMA1_Channel5_IRQHandler                 0x0800036d   Thumb Code     6  stm32f1xx_it.o(i.DMA1_Channel5_IRQHandler)
    DMA1_Channel6_IRQHandler                 0x08000379   Thumb Code     6  stm32f1xx_it.o(i.DMA1_Channel6_IRQHandler)
    DMA1_Channel7_IRQHandler                 0x08000385   Thumb Code     6  stm32f1xx_it.o(i.DMA1_Channel7_IRQHandler)
    DebugMon_Handler                         0x080003bb   Thumb Code     2  stm32f1xx_it.o(i.DebugMon_Handler)
    HAL_DMA_Abort_IT                         0x080003bd   Thumb Code   148  stm32f1xx_hal_dma.o(i.HAL_DMA_Abort_IT)
    HAL_DMA_DeInit                           0x08000455   Thumb Code    76  stm32f1xx_hal_dma.o(i.HAL_DMA_DeInit)
    HAL_DMA_IRQHandler                       0x080004a9   Thumb Code   316  stm32f1xx_hal_dma.o(i.HAL_DMA_IRQHandler)
    HAL_DMA_Init                             0x080005fd   Thumb Code    92  stm32f1xx_hal_dma.o(i.HAL_DMA_Init)
    HAL_DMA_Start_IT                         0x08000661   Thumb Code   112  stm32f1xx_hal_dma.o(i.HAL_DMA_Start_IT)
    HAL_Delay                                0x080006d1   Thumb Code    28  stm32f1xx_hal.o(i.HAL_Delay)
    HAL_GPIO_DeInit                          0x080006ed   Thumb Code   204  stm32f1xx_hal_gpio.o(i.HAL_GPIO_DeInit)
    HAL_GPIO_Init                            0x080007d1   Thumb Code   408  stm32f1xx_hal_gpio.o(i.HAL_GPIO_Init)
    HAL_GPIO_TogglePin                       0x0800098d   Thumb Code     8  stm32f1xx_hal_gpio.o(i.HAL_GPIO_TogglePin)
    HAL_GPIO_WritePin                        0x08000995   Thumb Code    10  stm32f1xx_hal_gpio.o(i.HAL_GPIO_WritePin)
    HAL_GetTick                              0x080009a1   Thumb Code     6  stm32f1xx_hal.o(i.HAL_GetTick)
    HAL_IncTick                              0x080009ad   Thumb Code    10  stm32f1xx_hal.o(i.HAL_IncTick)
    HAL_Init                                 0x080009bd   Thumb Code    32  stm32f1xx_hal.o(i.HAL_Init)
    HAL_InitTick                             0x080009e1   Thumb Code    34  stm32f1xx_hal.o(i.HAL_InitTick)
    HAL_MspInit                              0x08000a09   Thumb Code   122  stm32f1xx_hal_msp.o(i.HAL_MspInit)
    HAL_NVIC_DisableIRQ                      0x08000a8d   Thumb Code    22  stm32f1xx_hal_cortex.o(i.HAL_NVIC_DisableIRQ)
    HAL_NVIC_EnableIRQ                       0x08000aa3   Thumb Code    22  stm32f1xx_hal_cortex.o(i.HAL_NVIC_EnableIRQ)
    HAL_NVIC_SetPriority                     0x08000ab9   Thumb Code    60  stm32f1xx_hal_cortex.o(i.HAL_NVIC_SetPriority)
    HAL_NVIC_SetPriorityGrouping             0x08000af9   Thumb Code    26  stm32f1xx_hal_cortex.o(i.HAL_NVIC_SetPriorityGrouping)
    HAL_PCDEx_PMAConfig                      0x08000b1d   Thumb Code    52  stm32f1xx_hal_pcd_ex.o(i.HAL_PCDEx_PMAConfig)
    HAL_PCDEx_SetConnectionState             0x08000b51   Thumb Code     2  usbd_conf.o(i.HAL_PCDEx_SetConnectionState)
    HAL_PCD_DataInStageCallback              0x08000b53   Thumb Code    14  usbd_conf.o(i.HAL_PCD_DataInStageCallback)
    HAL_PCD_DataOutStageCallback             0x08000b61   Thumb Code    16  usbd_conf.o(i.HAL_PCD_DataOutStageCallback)
    HAL_PCD_EP_Close                         0x08000b71   Thumb Code    64  stm32f1xx_hal_pcd.o(i.HAL_PCD_EP_Close)
    HAL_PCD_EP_ClrStall                      0x08000bb1   Thumb Code    72  stm32f1xx_hal_pcd.o(i.HAL_PCD_EP_ClrStall)
    HAL_PCD_EP_GetRxCount                    0x08000bf9   Thumb Code    16  stm32f1xx_hal_pcd.o(i.HAL_PCD_EP_GetRxCount)
    HAL_PCD_EP_Open                          0x08000c09   Thumb Code    68  stm32f1xx_hal_pcd.o(i.HAL_PCD_EP_Open)
    HAL_PCD_EP_Receive                       0x08000c4d   Thumb Code    46  stm32f1xx_hal_pcd.o(i.HAL_PCD_EP_Receive)
    HAL_PCD_EP_SetStall                      0x08000c7b   Thumb Code    86  stm32f1xx_hal_pcd.o(i.HAL_PCD_EP_SetStall)
    HAL_PCD_EP_Transmit                      0x08000cd1   Thumb Code    42  stm32f1xx_hal_pcd.o(i.HAL_PCD_EP_Transmit)
    HAL_PCD_IRQHandler                       0x08000cfb   Thumb Code   268  stm32f1xx_hal_pcd.o(i.HAL_PCD_IRQHandler)
    HAL_PCD_Init                             0x08000e09   Thumb Code   192  stm32f1xx_hal_pcd.o(i.HAL_PCD_Init)
    HAL_PCD_MspInit                          0x08000ec9   Thumb Code    50  usbd_conf.o(i.HAL_PCD_MspInit)
    HAL_PCD_ResetCallback                    0x08000f05   Thumb Code    26  usbd_conf.o(i.HAL_PCD_ResetCallback)
    HAL_PCD_ResumeCallback                   0x08000f1f   Thumb Code     8  usbd_conf.o(i.HAL_PCD_ResumeCallback)
    HAL_PCD_SOFCallback                      0x08000f27   Thumb Code     8  usbd_conf.o(i.HAL_PCD_SOFCallback)
    HAL_PCD_SetAddress                       0x08000f2f   Thumb Code    40  stm32f1xx_hal_pcd.o(i.HAL_PCD_SetAddress)
    HAL_PCD_SetupStageCallback               0x08000f57   Thumb Code    14  usbd_conf.o(i.HAL_PCD_SetupStageCallback)
    HAL_PCD_Start                            0x08000f65   Thumb Code    50  stm32f1xx_hal_pcd.o(i.HAL_PCD_Start)
    HAL_PCD_SuspendCallback                  0x08000f99   Thumb Code    30  usbd_conf.o(i.HAL_PCD_SuspendCallback)
    HAL_RCCEx_PeriphCLKConfig                0x08000fbd   Thumb Code   224  stm32f1xx_hal_rcc_ex.o(i.HAL_RCCEx_PeriphCLKConfig)
    HAL_RCC_ClockConfig                      0x080010a9   Thumb Code   322  stm32f1xx_hal_rcc.o(i.HAL_RCC_ClockConfig)
    HAL_RCC_GetHCLKFreq                      0x080011fd   Thumb Code     6  stm32f1xx_hal_rcc.o(i.HAL_RCC_GetHCLKFreq)
    HAL_RCC_GetPCLK1Freq                     0x08001209   Thumb Code    20  stm32f1xx_hal_rcc.o(i.HAL_RCC_GetPCLK1Freq)
    HAL_RCC_GetPCLK2Freq                     0x08001229   Thumb Code    20  stm32f1xx_hal_rcc.o(i.HAL_RCC_GetPCLK2Freq)
    HAL_RCC_GetSysClockFreq                  0x08001249   Thumb Code    74  stm32f1xx_hal_rcc.o(i.HAL_RCC_GetSysClockFreq)
    HAL_RCC_OscConfig                        0x080012b5   Thumb Code   750  stm32f1xx_hal_rcc.o(i.HAL_RCC_OscConfig)
    HAL_SYSTICK_CLKSourceConfig              0x080015b9   Thumb Code    24  stm32f1xx_hal_cortex.o(i.HAL_SYSTICK_CLKSourceConfig)
    HAL_SYSTICK_Callback                     0x080015d1   Thumb Code     2  stm32f1xx_hal_cortex.o(i.HAL_SYSTICK_Callback)
    HAL_SYSTICK_Config                       0x080015d3   Thumb Code    40  stm32f1xx_hal_cortex.o(i.HAL_SYSTICK_Config)
    HAL_SYSTICK_IRQHandler                   0x080015fb   Thumb Code     8  stm32f1xx_hal_cortex.o(i.HAL_SYSTICK_IRQHandler)
    HAL_UART_DeInit                          0x08001603   Thumb Code    40  stm32f1xx_hal_uart.o(i.HAL_UART_DeInit)
    HAL_UART_ErrorCallback                   0x0800162b   Thumb Code     2  stm32f1xx_hal_uart.o(i.HAL_UART_ErrorCallback)
    HAL_UART_IRQHandler                      0x0800162d   Thumb Code   266  stm32f1xx_hal_uart.o(i.HAL_UART_IRQHandler)
    HAL_UART_Init                            0x0800173d   Thumb Code    98  stm32f1xx_hal_uart.o(i.HAL_UART_Init)
    HAL_UART_MspDeInit                       0x080017a1   Thumb Code    96  stm32f1xx_hal_msp.o(i.HAL_UART_MspDeInit)
    HAL_UART_MspInit                         0x08001811   Thumb Code   340  stm32f1xx_hal_msp.o(i.HAL_UART_MspInit)
    HAL_UART_Receive_DMA                     0x080019a5   Thumb Code   138  stm32f1xx_hal_uart.o(i.HAL_UART_Receive_DMA)
    HAL_UART_RxCpltCallback                  0x08001a3d   Thumb Code    48  main.o(i.HAL_UART_RxCpltCallback)
    HAL_UART_RxHalfCpltCallback              0x08001a79   Thumb Code     2  stm32f1xx_hal_uart.o(i.HAL_UART_RxHalfCpltCallback)
    HAL_UART_Transmit_DMA                    0x08001a7d   Thumb Code   114  stm32f1xx_hal_uart.o(i.HAL_UART_Transmit_DMA)
    HAL_UART_TxCpltCallback                  0x08001afd   Thumb Code     2  stm32f1xx_hal_uart.o(i.HAL_UART_TxCpltCallback)
    HAL_UART_TxHalfCpltCallback              0x08001aff   Thumb Code     2  stm32f1xx_hal_uart.o(i.HAL_UART_TxHalfCpltCallback)
    HardFault_Handler                        0x08001b01   Thumb Code     2  stm32f1xx_it.o(i.HardFault_Handler)
    MX_USB_DEVICE_Init                       0x08001c4d   Thumb Code    38  usb_device.o(i.MX_USB_DEVICE_Init)
    MemManage_Handler                        0x08001c85   Thumb Code     2  stm32f1xx_it.o(i.MemManage_Handler)
    NMI_Handler                              0x08001c87   Thumb Code     2  stm32f1xx_it.o(i.NMI_Handler)
    PendSV_Handler                           0x0800200b   Thumb Code     2  stm32f1xx_it.o(i.PendSV_Handler)
    SVC_Handler                              0x0800200d   Thumb Code     2  stm32f1xx_it.o(i.SVC_Handler)
    SysTick_Handler                          0x0800200f   Thumb Code    14  stm32f1xx_it.o(i.SysTick_Handler)
    SystemClock_Config                       0x0800201d   Thumb Code   120  main.o(i.SystemClock_Config)
    SystemInit                               0x08002095   Thumb Code    56  system_stm32f1xx.o(i.SystemInit)
    USART1_IRQHandler                        0x0800244d   Thumb Code     6  stm32f1xx_it.o(i.USART1_IRQHandler)
    USART2_IRQHandler                        0x08002459   Thumb Code     6  stm32f1xx_it.o(i.USART2_IRQHandler)
    USBD_CDC_GetDeviceQualifierDescriptor    0x0800251d   Thumb Code     8  usbd_cdc.o(i.USBD_CDC_GetDeviceQualifierDescriptor)
    USBD_CDC_RegisterInterface               0x080025f7   Thumb Code    16  usbd_cdc.o(i.USBD_CDC_RegisterInterface)
    USBD_ClrClassConfig                      0x08002685   Thumb Code    14  usbd_core.o(i.USBD_ClrClassConfig)
    USBD_CtlContinueRx                       0x08002693   Thumb Code    16  usbd_ioreq.o(i.USBD_CtlContinueRx)
    USBD_CtlContinueSendData                 0x080026a3   Thumb Code    16  usbd_ioreq.o(i.USBD_CtlContinueSendData)
    USBD_CtlError                            0x080026b3   Thumb Code    22  usbd_ctlreq.o(i.USBD_CtlError)
    USBD_CtlPrepareRx                        0x080026c9   Thumb Code    30  usbd_ioreq.o(i.USBD_CtlPrepareRx)
    USBD_CtlReceiveStatus                    0x080026e7   Thumb Code    22  usbd_ioreq.o(i.USBD_CtlReceiveStatus)
    USBD_CtlSendData                         0x080026fd   Thumb Code    26  usbd_ioreq.o(i.USBD_CtlSendData)
    USBD_CtlSendStatus                       0x08002717   Thumb Code    22  usbd_ioreq.o(i.USBD_CtlSendStatus)
    USBD_FS_ConfigStrDescriptor              0x0800272d   Thumb Code    16  usbd_desc.o(i.USBD_FS_ConfigStrDescriptor)
    USBD_FS_DeviceDescriptor                 0x0800274d   Thumb Code     8  usbd_desc.o(i.USBD_FS_DeviceDescriptor)
    USBD_FS_InterfaceStrDescriptor           0x08002759   Thumb Code    16  usbd_desc.o(i.USBD_FS_InterfaceStrDescriptor)
    USBD_FS_LangIDStrDescriptor              0x0800277d   Thumb Code     8  usbd_desc.o(i.USBD_FS_LangIDStrDescriptor)
    USBD_FS_ManufacturerStrDescriptor        0x08002789   Thumb Code    16  usbd_desc.o(i.USBD_FS_ManufacturerStrDescriptor)
    USBD_FS_ProductStrDescriptor             0x080027b1   Thumb Code    16  usbd_desc.o(i.USBD_FS_ProductStrDescriptor)
    USBD_FS_SerialStrDescriptor              0x080027dd   Thumb Code    16  usbd_desc.o(i.USBD_FS_SerialStrDescriptor)
    USBD_GetString                           0x080028e1   Thumb Code    70  usbd_ctlreq.o(i.USBD_GetString)
    USBD_Init                                0x08002927   Thumb Code    42  usbd_core.o(i.USBD_Init)
    USBD_LL_ClearStallEP                     0x08002951   Thumb Code    32  usbd_conf.o(i.USBD_LL_ClearStallEP)
    USBD_LL_CloseEP                          0x08002971   Thumb Code    32  usbd_conf.o(i.USBD_LL_CloseEP)
    USBD_LL_DataInStage                      0x08002991   Thumb Code   170  usbd_core.o(i.USBD_LL_DataInStage)
    USBD_LL_DataOutStage                     0x08002a3b   Thumb Code   106  usbd_core.o(i.USBD_LL_DataOutStage)
    USBD_LL_GetRxDataSize                    0x08002aa5   Thumb Code     8  usbd_conf.o(i.USBD_LL_GetRxDataSize)
    USBD_LL_Init                             0x08002aad   Thumb Code   168  usbd_conf.o(i.USBD_LL_Init)
    USBD_LL_IsStallEP                        0x08002b71   Thumb Code    28  usbd_conf.o(i.USBD_LL_IsStallEP)
    USBD_LL_OpenEP                           0x08002b8d   Thumb Code    38  usbd_conf.o(i.USBD_LL_OpenEP)
    USBD_LL_PrepareReceive                   0x08002bb3   Thumb Code    32  usbd_conf.o(i.USBD_LL_PrepareReceive)
    USBD_LL_Reset                            0x08002bd3   Thumb Code    62  usbd_core.o(i.USBD_LL_Reset)
    USBD_LL_Resume                           0x08002c11   Thumb Code    12  usbd_core.o(i.USBD_LL_Resume)
    USBD_LL_SOF                              0x08002c1d   Thumb Code    24  usbd_core.o(i.USBD_LL_SOF)
    USBD_LL_SetSpeed                         0x08002c35   Thumb Code     6  usbd_core.o(i.USBD_LL_SetSpeed)
    USBD_LL_SetUSBAddress                    0x08002c3b   Thumb Code    32  usbd_conf.o(i.USBD_LL_SetUSBAddress)
    USBD_LL_SetupStage                       0x08002c5b   Thumb Code    90  usbd_core.o(i.USBD_LL_SetupStage)
    USBD_LL_StallEP                          0x08002cb5   Thumb Code    32  usbd_conf.o(i.USBD_LL_StallEP)
    USBD_LL_Start                            0x08002cd5   Thumb Code    32  usbd_conf.o(i.USBD_LL_Start)
    USBD_LL_Suspend                          0x08002cf5   Thumb Code    18  usbd_core.o(i.USBD_LL_Suspend)
    USBD_LL_Transmit                         0x08002d07   Thumb Code    32  usbd_conf.o(i.USBD_LL_Transmit)
    USBD_ParseSetupRequest                   0x08002d27   Thumb Code    40  usbd_ctlreq.o(i.USBD_ParseSetupRequest)
    USBD_RegisterClass                       0x08002d4f   Thumb Code    16  usbd_core.o(i.USBD_RegisterClass)
    USBD_SetClassConfig                      0x08002d5f   Thumb Code    22  usbd_core.o(i.USBD_SetClassConfig)
    USBD_Start                               0x08002de9   Thumb Code    10  usbd_core.o(i.USBD_Start)
    USBD_StdDevReq                           0x08002df3   Thumb Code   242  usbd_ctlreq.o(i.USBD_StdDevReq)
    USBD_StdEPReq                            0x08002ee5   Thumb Code   220  usbd_ctlreq.o(i.USBD_StdEPReq)
    USBD_StdItfReq                           0x08002fc1   Thumb Code    52  usbd_ctlreq.o(i.USBD_StdItfReq)
    USBD_static_free                         0x08002ff5   Thumb Code     2  usbd_conf.o(i.USBD_static_free)
    USBD_static_malloc                       0x08002ff9   Thumb Code     4  usbd_conf.o(i.USBD_static_malloc)
    USB_ActivateEndpoint                     0x08003001   Thumb Code   604  stm32f1xx_ll_usb.o(i.USB_ActivateEndpoint)
    USB_CoreInit                             0x0800325d   Thumb Code     4  stm32f1xx_ll_usb.o(i.USB_CoreInit)
    USB_DeactivateEndpoint                   0x08003261   Thumb Code   292  stm32f1xx_ll_usb.o(i.USB_DeactivateEndpoint)
    USB_DevConnect                           0x08003385   Thumb Code     4  stm32f1xx_ll_usb.o(i.USB_DevConnect)
    USB_DevDisconnect                        0x08003389   Thumb Code     4  stm32f1xx_ll_usb.o(i.USB_DevDisconnect)
    USB_DevInit                              0x0800338d   Thumb Code    30  stm32f1xx_ll_usb.o(i.USB_DevInit)
    USB_DisableGlobalInt                     0x080033ab   Thumb Code    14  stm32f1xx_ll_usb.o(i.USB_DisableGlobalInt)
    USB_EP0_OutStart                         0x080033b9   Thumb Code     4  stm32f1xx_ll_usb.o(i.USB_EP0_OutStart)
    USB_EPClearStall                         0x080033bd   Thumb Code   106  stm32f1xx_ll_usb.o(i.USB_EPClearStall)
    USB_EPSetStall                           0x08003427   Thumb Code    74  stm32f1xx_ll_usb.o(i.USB_EPSetStall)
    USB_EPStartXfer                          0x08003471   Thumb Code   426  stm32f1xx_ll_usb.o(i.USB_EPStartXfer)
    USB_EnableGlobalInt                      0x0800361b   Thumb Code    14  stm32f1xx_ll_usb.o(i.USB_EnableGlobalInt)
    USB_LP_CAN1_RX0_IRQHandler               0x08003629   Thumb Code     6  stm32f1xx_it.o(i.USB_LP_CAN1_RX0_IRQHandler)
    USB_ReadInterrupts                       0x08003635   Thumb Code     6  stm32f1xx_ll_usb.o(i.USB_ReadInterrupts)
    USB_ReadPMA                              0x0800363d   Thumb Code    30  stm32f1xx_ll_usb.o(i.USB_ReadPMA)
    USB_SetCurrentMode                       0x0800365b   Thumb Code     4  stm32f1xx_ll_usb.o(i.USB_SetCurrentMode)
    USB_SetDevAddress                        0x0800365f   Thumb Code    12  stm32f1xx_ll_usb.o(i.USB_SetDevAddress)
    USB_WritePMA                             0x0800366b   Thumb Code    38  stm32f1xx_ll_usb.o(i.USB_WritePMA)
    UsageFault_Handler                       0x08003691   Thumb Code     2  stm32f1xx_it.o(i.UsageFault_Handler)
    _Error_Handler                           0x08003693   Thumb Code     2  main.o(i._Error_Handler)
    __scatterload_copy                       0x08003695   Thumb Code    14  handlers.o(i.__scatterload_copy)
    __scatterload_null                       0x080036a3   Thumb Code     2  handlers.o(i.__scatterload_null)
    __scatterload_zeroinit                   0x080036a5   Thumb Code    14  handlers.o(i.__scatterload_zeroinit)
    main                                     0x080036b5   Thumb Code   192  main.o(i.main)
    AHBPrescTable                            0x080037a0   Data          16  system_stm32f1xx.o(.constdata)
    APBPrescTable                            0x080037b0   Data           8  system_stm32f1xx.o(.constdata)
    Region$$Table$$Base                      0x080037b8   Number         0  anon$$obj.o(Region$$Table)
    Region$$Table$$Limit                     0x080037d8   Number         0  anon$$obj.o(Region$$Table)
    USBD_Interface_fops_FS                   0x20000000   Data          16  usbd_cdc_if.o(.data)
    FS_Desc                                  0x20000010   Data          28  usbd_desc.o(.data)
    USBD_LangIDDesc                          0x2000002c   Data           4  usbd_desc.o(.data)
    USBD_FS_DeviceDesc                       0x20000030   Data          18  usbd_desc.o(.data)
    uwTick                                   0x20000044   Data           4  stm32f1xx_hal.o(.data)
    USBD_CDC_CfgHSDesc                       0x2000005c   Data         141  usbd_cdc.o(.data)
    USBD_CDC_CfgFSDesc                       0x200000ec   Data         141  usbd_cdc.o(.data)
    USBD_CDC_OtherSpeedCfgDesc               0x2000017c   Data         141  usbd_cdc.o(.data)
    USBD_CDC                                 0x2000020c   Data          56  usbd_cdc.o(.data)
    SystemCoreClock                          0x20000244   Data           4  system_stm32f1xx.o(.data)
    hpcd_USB_FS                              0x20000458   Data        1120  usbd_conf.o(.bss)
    hUsbDeviceFS                             0x200008b8   Data         548  usb_device.o(.bss)
    huart1                                   0x20000adc   Data          64  main.o(.bss)
    huart2                                   0x20000b1c   Data          64  main.o(.bss)
    hdma_usart1_rx                           0x20000b5c   Data          68  main.o(.bss)
    hdma_usart1_tx                           0x20000ba0   Data          68  main.o(.bss)
    hdma_usart2_rx                           0x20000be4   Data          68  main.o(.bss)
    hdma_usart2_tx                           0x20000c28   Data          68  main.o(.bss)
    LineCoding                               0x20000c6c   Data          16  usbd_cdc_if.o(.bss)
    RxBuffer                                 0x20000c7c   Data          64  usbd_cdc_if.o(.bss)
    TxBuffer                                 0x20000cbc   Data          64  usbd_cdc_if.o(.bss)
    USBD_StrDesc                             0x20000cfc   Data         512  usbd_desc.o(.bss)
    __initial_sp                             0x20001b00   Data           0  startup_stm32f103xb.o(STACK)



==============================================================================

Memory Map of the image

  Image Entry point : 0x080000ed

  Load Region LR_IROM1 (Base: 0x08000000, Size: 0x00003a20, Max: 0x00010000, ABSOLUTE, COMPRESSED[0x000038d0])

    Execution Region ER_IROM1 (Exec base: 0x08000000, Load base: 0x08000000, Size: 0x000037d8, Max: 0x00010000, ABSOLUTE)

    Exec Addr    Load Addr    Size         Type   Attr      Idx    E Section Name        Object

    0x08000000   0x08000000   0x000000ec   Data   RO         2787    RESET               startup_stm32f103xb.o
    0x080000ec   0x080000ec   0x00000000   Code   RO         2792  * .ARM.Collect$$$$00000000  mc_w.l(entry.o)
    0x080000ec   0x080000ec   0x00000004   Code   RO         2801    .ARM.Collect$$$$00000001  mc_w.l(entry2.o)
    0x080000f0   0x080000f0   0x00000004   Code   RO         2804    .ARM.Collect$$$$00000004  mc_w.l(entry5.o)
    0x080000f4   0x080000f4   0x00000000   Code   RO         2806    .ARM.Collect$$$$00000008  mc_w.l(entry7b.o)
    0x080000f4   0x080000f4   0x00000000   Code   RO         2808    .ARM.Collect$$$$0000000A  mc_w.l(entry8b.o)
    0x080000f4   0x080000f4   0x00000008   Code   RO         2809    .ARM.Collect$$$$0000000B  mc_w.l(entry9a.o)
    0x080000fc   0x080000fc   0x00000000   Code   RO         2811    .ARM.Collect$$$$0000000D  mc_w.l(entry10a.o)
    0x080000fc   0x080000fc   0x00000000   Code   RO         2813    .ARM.Collect$$$$0000000F  mc_w.l(entry11a.o)
    0x080000fc   0x080000fc   0x00000004   Code   RO         2802    .ARM.Collect$$$$00002712  mc_w.l(entry2.o)
    0x08000100   0x08000100   0x00000024   Code   RO         2788    .text               startup_stm32f103xb.o
    0x08000124   0x08000124   0x00000024   Code   RO         2797    .text               mc_w.l(memcpya.o)
    0x08000148   0x08000148   0x00000024   Code   RO         2815    .text               mc_w.l(init.o)
    0x0800016c   0x0800016c   0x00000056   Code   RO         2825    .text               mc_w.l(__dczerorl2.o)
    0x080001c2   0x080001c2   0x00000002   Code   RO          323    i.BusFault_Handler  stm32f1xx_it.o
    0x080001c4   0x080001c4   0x00000070   Code   RO          574    i.CDC_Control_FS    usbd_cdc_if.o
    0x08000234   0x08000234   0x00000004   Code   RO          575    i.CDC_DeInit_FS     usbd_cdc_if.o
    0x08000238   0x08000238   0x00000094   Code   RO          576    i.CDC_Init_FS       usbd_cdc_if.o
    0x080002cc   0x080002cc   0x0000004c   Code   RO          577    i.CDC_Receive_FS    usbd_cdc_if.o
    0x08000318   0x08000318   0x00000048   Code   RO          578    i.CDC_Transmit_FS   usbd_cdc_if.o
    0x08000360   0x08000360   0x0000000c   Code   RO          324    i.DMA1_Channel4_IRQHandler  stm32f1xx_it.o
    0x0800036c   0x0800036c   0x0000000c   Code   RO          325    i.DMA1_Channel5_IRQHandler  stm32f1xx_it.o
    0x08000378   0x08000378   0x0000000c   Code   RO          326    i.DMA1_Channel6_IRQHandler  stm32f1xx_it.o
    0x08000384   0x08000384   0x0000000c   Code   RO          327    i.DMA1_Channel7_IRQHandler  stm32f1xx_it.o
    0x08000390   0x08000390   0x0000002a   Code   RO         1428    i.DMA_SetConfig     stm32f1xx_hal_dma.o
    0x080003ba   0x080003ba   0x00000002   Code   RO          328    i.DebugMon_Handler  stm32f1xx_it.o
    0x080003bc   0x080003bc   0x00000098   Code   RO         1430    i.HAL_DMA_Abort_IT  stm32f1xx_hal_dma.o
    0x08000454   0x08000454   0x00000054   Code   RO         1431    i.HAL_DMA_DeInit    stm32f1xx_hal_dma.o
    0x080004a8   0x080004a8   0x00000154   Code   RO         1434    i.HAL_DMA_IRQHandler  stm32f1xx_hal_dma.o
    0x080005fc   0x080005fc   0x00000064   Code   RO         1435    i.HAL_DMA_Init      stm32f1xx_hal_dma.o
    0x08000660   0x08000660   0x00000070   Code   RO         1439    i.HAL_DMA_Start_IT  stm32f1xx_hal_dma.o
    0x080006d0   0x080006d0   0x0000001c   Code   RO         2169    i.HAL_Delay         stm32f1xx_hal.o
    0x080006ec   0x080006ec   0x000000e4   Code   RO         1104    i.HAL_GPIO_DeInit   stm32f1xx_hal_gpio.o
    0x080007d0   0x080007d0   0x000001bc   Code   RO         1107    i.HAL_GPIO_Init     stm32f1xx_hal_gpio.o
    0x0800098c   0x0800098c   0x00000008   Code   RO         1110    i.HAL_GPIO_TogglePin  stm32f1xx_hal_gpio.o
    0x08000994   0x08000994   0x0000000a   Code   RO         1111    i.HAL_GPIO_WritePin  stm32f1xx_hal_gpio.o
    0x0800099e   0x0800099e   0x00000002   PAD
    0x080009a0   0x080009a0   0x0000000c   Code   RO         2173    i.HAL_GetTick       stm32f1xx_hal.o
    0x080009ac   0x080009ac   0x00000010   Code   RO         2175    i.HAL_IncTick       stm32f1xx_hal.o
    0x080009bc   0x080009bc   0x00000024   Code   RO         2176    i.HAL_Init          stm32f1xx_hal.o
    0x080009e0   0x080009e0   0x00000028   Code   RO         2177    i.HAL_InitTick      stm32f1xx_hal.o
    0x08000a08   0x08000a08   0x00000084   Code   RO          537    i.HAL_MspInit       stm32f1xx_hal_msp.o
    0x08000a8c   0x08000a8c   0x00000016   Code   RO          970    i.HAL_NVIC_DisableIRQ  stm32f1xx_hal_cortex.o
    0x08000aa2   0x08000aa2   0x00000016   Code   RO          971    i.HAL_NVIC_EnableIRQ  stm32f1xx_hal_cortex.o
    0x08000ab8   0x08000ab8   0x00000040   Code   RO          977    i.HAL_NVIC_SetPriority  stm32f1xx_hal_cortex.o
    0x08000af8   0x08000af8   0x00000024   Code   RO          978    i.HAL_NVIC_SetPriorityGrouping  stm32f1xx_hal_cortex.o
    0x08000b1c   0x08000b1c   0x00000034   Code   RO         1170    i.HAL_PCDEx_PMAConfig  stm32f1xx_hal_pcd_ex.o
    0x08000b50   0x08000b50   0x00000002   Code   RO            4    i.HAL_PCDEx_SetConnectionState  usbd_conf.o
    0x08000b52   0x08000b52   0x0000000e   Code   RO            6    i.HAL_PCD_DataInStageCallback  usbd_conf.o
    0x08000b60   0x08000b60   0x00000010   Code   RO            7    i.HAL_PCD_DataOutStageCallback  usbd_conf.o
    0x08000b70   0x08000b70   0x00000040   Code   RO          709    i.HAL_PCD_EP_Close  stm32f1xx_hal_pcd.o
    0x08000bb0   0x08000bb0   0x00000048   Code   RO          710    i.HAL_PCD_EP_ClrStall  stm32f1xx_hal_pcd.o
    0x08000bf8   0x08000bf8   0x00000010   Code   RO          712    i.HAL_PCD_EP_GetRxCount  stm32f1xx_hal_pcd.o
    0x08000c08   0x08000c08   0x00000044   Code   RO          713    i.HAL_PCD_EP_Open   stm32f1xx_hal_pcd.o
    0x08000c4c   0x08000c4c   0x0000002e   Code   RO          714    i.HAL_PCD_EP_Receive  stm32f1xx_hal_pcd.o
    0x08000c7a   0x08000c7a   0x00000056   Code   RO          715    i.HAL_PCD_EP_SetStall  stm32f1xx_hal_pcd.o
    0x08000cd0   0x08000cd0   0x0000002a   Code   RO          716    i.HAL_PCD_EP_Transmit  stm32f1xx_hal_pcd.o
    0x08000cfa   0x08000cfa   0x0000010c   Code   RO          718    i.HAL_PCD_IRQHandler  stm32f1xx_hal_pcd.o
    0x08000e06   0x08000e06   0x00000002   PAD
    0x08000e08   0x08000e08   0x000000c0   Code   RO          721    i.HAL_PCD_Init      stm32f1xx_hal_pcd.o
    0x08000ec8   0x08000ec8   0x0000003c   Code   RO           12    i.HAL_PCD_MspInit   usbd_conf.o
    0x08000f04   0x08000f04   0x0000001a   Code   RO           13    i.HAL_PCD_ResetCallback  usbd_conf.o
    0x08000f1e   0x08000f1e   0x00000008   Code   RO           14    i.HAL_PCD_ResumeCallback  usbd_conf.o
    0x08000f26   0x08000f26   0x00000008   Code   RO           15    i.HAL_PCD_SOFCallback  usbd_conf.o
    0x08000f2e   0x08000f2e   0x00000028   Code   RO          727    i.HAL_PCD_SetAddress  stm32f1xx_hal_pcd.o
    0x08000f56   0x08000f56   0x0000000e   Code   RO           16    i.HAL_PCD_SetupStageCallback  usbd_conf.o
    0x08000f64   0x08000f64   0x00000032   Code   RO          729    i.HAL_PCD_Start     stm32f1xx_hal_pcd.o
    0x08000f96   0x08000f96   0x00000002   PAD
    0x08000f98   0x08000f98   0x00000024   Code   RO           17    i.HAL_PCD_SuspendCallback  usbd_conf.o
    0x08000fbc   0x08000fbc   0x000000ec   Code   RO         1394    i.HAL_RCCEx_PeriphCLKConfig  stm32f1xx_hal_rcc_ex.o
    0x080010a8   0x080010a8   0x00000154   Code   RO         2304    i.HAL_RCC_ClockConfig  stm32f1xx_hal_rcc.o
    0x080011fc   0x080011fc   0x0000000c   Code   RO         2309    i.HAL_RCC_GetHCLKFreq  stm32f1xx_hal_rcc.o
    0x08001208   0x08001208   0x00000020   Code   RO         2311    i.HAL_RCC_GetPCLK1Freq  stm32f1xx_hal_rcc.o
    0x08001228   0x08001228   0x00000020   Code   RO         2312    i.HAL_RCC_GetPCLK2Freq  stm32f1xx_hal_rcc.o
    0x08001248   0x08001248   0x0000006c   Code   RO         2313    i.HAL_RCC_GetSysClockFreq  stm32f1xx_hal_rcc.o
    0x080012b4   0x080012b4   0x00000304   Code   RO         2316    i.HAL_RCC_OscConfig  stm32f1xx_hal_rcc.o
    0x080015b8   0x080015b8   0x00000018   Code   RO          980    i.HAL_SYSTICK_CLKSourceConfig  stm32f1xx_hal_cortex.o
    0x080015d0   0x080015d0   0x00000002   Code   RO          981    i.HAL_SYSTICK_Callback  stm32f1xx_hal_cortex.o
    0x080015d2   0x080015d2   0x00000028   Code   RO          982    i.HAL_SYSTICK_Config  stm32f1xx_hal_cortex.o
    0x080015fa   0x080015fa   0x00000008   Code   RO          983    i.HAL_SYSTICK_IRQHandler  stm32f1xx_hal_cortex.o
    0x08001602   0x08001602   0x00000028   Code   RO         1753    i.HAL_UART_DeInit   stm32f1xx_hal_uart.o
    0x0800162a   0x0800162a   0x00000002   Code   RO         1754    i.HAL_UART_ErrorCallback  stm32f1xx_hal_uart.o
    0x0800162c   0x0800162c   0x00000110   Code   RO         1757    i.HAL_UART_IRQHandler  stm32f1xx_hal_uart.o
    0x0800173c   0x0800173c   0x00000062   Code   RO         1758    i.HAL_UART_Init     stm32f1xx_hal_uart.o
    0x0800179e   0x0800179e   0x00000002   PAD
    0x080017a0   0x080017a0   0x00000070   Code   RO          538    i.HAL_UART_MspDeInit  stm32f1xx_hal_msp.o
    0x08001810   0x08001810   0x00000194   Code   RO          539    i.HAL_UART_MspInit  stm32f1xx_hal_msp.o
    0x080019a4   0x080019a4   0x00000098   Code   RO         1762    i.HAL_UART_Receive_DMA  stm32f1xx_hal_uart.o
    0x08001a3c   0x08001a3c   0x0000003c   Code   RO          479    i.HAL_UART_RxCpltCallback  main.o
    0x08001a78   0x08001a78   0x00000002   Code   RO         1765    i.HAL_UART_RxHalfCpltCallback  stm32f1xx_hal_uart.o
    0x08001a7a   0x08001a7a   0x00000002   PAD
    0x08001a7c   0x08001a7c   0x00000080   Code   RO         1767    i.HAL_UART_Transmit_DMA  stm32f1xx_hal_uart.o
    0x08001afc   0x08001afc   0x00000002   Code   RO         1769    i.HAL_UART_TxCpltCallback  stm32f1xx_hal_uart.o
    0x08001afe   0x08001afe   0x00000002   Code   RO         1770    i.HAL_UART_TxHalfCpltCallback  stm32f1xx_hal_uart.o
    0x08001b00   0x08001b00   0x00000002   Code   RO          329    i.HardFault_Handler  stm32f1xx_it.o
    0x08001b02   0x08001b02   0x00000002   PAD
    0x08001b04   0x08001b04   0x00000068   Code   RO          480    i.MX_GPIO_Init      main.o
    0x08001b6c   0x08001b6c   0x000000e0   Code   RO          579    i.MX_USART_UART_CfgSet  usbd_cdc_if.o
    0x08001c4c   0x08001c4c   0x00000038   Code   RO          441    i.MX_USB_DEVICE_Init  usb_device.o
    0x08001c84   0x08001c84   0x00000002   Code   RO          330    i.MemManage_Handler  stm32f1xx_it.o
    0x08001c86   0x08001c86   0x00000002   Code   RO          331    i.NMI_Handler       stm32f1xx_it.o
    0x08001c88   0x08001c88   0x00000020   Code   RO          984    i.NVIC_SetPriority  stm32f1xx_hal_cortex.o
    0x08001ca8   0x08001ca8   0x00000362   Code   RO          732    i.PCD_EP_ISR_Handler  stm32f1xx_hal_pcd.o
    0x0800200a   0x0800200a   0x00000002   Code   RO          332    i.PendSV_Handler    stm32f1xx_it.o
    0x0800200c   0x0800200c   0x00000002   Code   RO          333    i.SVC_Handler       stm32f1xx_it.o
    0x0800200e   0x0800200e   0x0000000e   Code   RO          334    i.SysTick_Handler   stm32f1xx_it.o
    0x0800201c   0x0800201c   0x00000078   Code   RO          481    i.SystemClock_Config  main.o
    0x08002094   0x08002094   0x00000048   Code   RO         2751    i.SystemInit        system_stm32f1xx.o
    0x080020dc   0x080020dc   0x00000010   Code   RO         1771    i.UART_DMAAbortOnError  stm32f1xx_hal_uart.o
    0x080020ec   0x080020ec   0x0000004a   Code   RO         1772    i.UART_DMAError     stm32f1xx_hal_uart.o
    0x08002136   0x08002136   0x0000003c   Code   RO         1773    i.UART_DMAReceiveCplt  stm32f1xx_hal_uart.o
    0x08002172   0x08002172   0x0000000a   Code   RO         1775    i.UART_DMARxHalfCplt  stm32f1xx_hal_uart.o
    0x0800217c   0x0800217c   0x0000002e   Code   RO         1777    i.UART_DMATransmitCplt  stm32f1xx_hal_uart.o
    0x080021aa   0x080021aa   0x0000000a   Code   RO         1779    i.UART_DMATxHalfCplt  stm32f1xx_hal_uart.o
    0x080021b4   0x080021b4   0x0000001c   Code   RO         1781    i.UART_EndRxTransfer  stm32f1xx_hal_uart.o
    0x080021d0   0x080021d0   0x00000012   Code   RO         1782    i.UART_EndTxTransfer  stm32f1xx_hal_uart.o
    0x080021e2   0x080021e2   0x00000096   Code   RO         1783    i.UART_Receive_IT   stm32f1xx_hal_uart.o
    0x08002278   0x08002278   0x00000170   Code   RO         1784    i.UART_SetConfig    stm32f1xx_hal_uart.o
    0x080023e8   0x080023e8   0x00000062   Code   RO         1785    i.UART_Transmit_IT  stm32f1xx_hal_uart.o
    0x0800244a   0x0800244a   0x00000002   PAD
    0x0800244c   0x0800244c   0x0000000c   Code   RO          335    i.USART1_IRQHandler  stm32f1xx_it.o
    0x08002458   0x08002458   0x0000000c   Code   RO          336    i.USART2_IRQHandler  stm32f1xx_it.o
    0x08002464   0x08002464   0x00000014   Code   RO         2530    i.USBD_CDC_DataIn   usbd_cdc.o
    0x08002478   0x08002478   0x00000026   Code   RO         2531    i.USBD_CDC_DataOut  usbd_cdc.o
    0x0800249e   0x0800249e   0x00000054   Code   RO         2532    i.USBD_CDC_DeInit   usbd_cdc.o
    0x080024f2   0x080024f2   0x00000028   Code   RO         2533    i.USBD_CDC_EP0_RxReady  usbd_cdc.o
    0x0800251a   0x0800251a   0x00000002   PAD
    0x0800251c   0x0800251c   0x0000000c   Code   RO         2534    i.USBD_CDC_GetDeviceQualifierDescriptor  usbd_cdc.o
    0x08002528   0x08002528   0x0000000c   Code   RO         2535    i.USBD_CDC_GetFSCfgDesc  usbd_cdc.o
    0x08002534   0x08002534   0x0000000c   Code   RO         2536    i.USBD_CDC_GetHSCfgDesc  usbd_cdc.o
    0x08002540   0x08002540   0x0000000c   Code   RO         2537    i.USBD_CDC_GetOtherSpeedCfgDesc  usbd_cdc.o
    0x0800254c   0x0800254c   0x000000aa   Code   RO         2538    i.USBD_CDC_Init     usbd_cdc.o
    0x080025f6   0x080025f6   0x00000010   Code   RO         2539    i.USBD_CDC_RegisterInterface  usbd_cdc.o
    0x08002606   0x08002606   0x00000002   PAD
    0x08002608   0x08002608   0x0000007c   Code   RO         2540    i.USBD_CDC_Setup    usbd_cdc.o
    0x08002684   0x08002684   0x0000000e   Code   RO         2612    i.USBD_ClrClassConfig  usbd_core.o
    0x08002692   0x08002692   0x00000010   Code   RO         2470    i.USBD_CtlContinueRx  usbd_ioreq.o
    0x080026a2   0x080026a2   0x00000010   Code   RO         2471    i.USBD_CtlContinueSendData  usbd_ioreq.o
    0x080026b2   0x080026b2   0x00000016   Code   RO         2405    i.USBD_CtlError     usbd_ctlreq.o
    0x080026c8   0x080026c8   0x0000001e   Code   RO         2472    i.USBD_CtlPrepareRx  usbd_ioreq.o
    0x080026e6   0x080026e6   0x00000016   Code   RO         2473    i.USBD_CtlReceiveStatus  usbd_ioreq.o
    0x080026fc   0x080026fc   0x0000001a   Code   RO         2474    i.USBD_CtlSendData  usbd_ioreq.o
    0x08002716   0x08002716   0x00000016   Code   RO         2475    i.USBD_CtlSendStatus  usbd_ioreq.o
    0x0800272c   0x0800272c   0x00000020   Code   RO          632    i.USBD_FS_ConfigStrDescriptor  usbd_desc.o
    0x0800274c   0x0800274c   0x0000000c   Code   RO          633    i.USBD_FS_DeviceDescriptor  usbd_desc.o
    0x08002758   0x08002758   0x00000024   Code   RO          634    i.USBD_FS_InterfaceStrDescriptor  usbd_desc.o
    0x0800277c   0x0800277c   0x0000000c   Code   RO          635    i.USBD_FS_LangIDStrDescriptor  usbd_desc.o
    0x08002788   0x08002788   0x00000028   Code   RO          636    i.USBD_FS_ManufacturerStrDescriptor  usbd_desc.o
    0x080027b0   0x080027b0   0x0000002c   Code   RO          637    i.USBD_FS_ProductStrDescriptor  usbd_desc.o
    0x080027dc   0x080027dc   0x00000024   Code   RO          638    i.USBD_FS_SerialStrDescriptor  usbd_desc.o
    0x08002800   0x08002800   0x000000e0   Code   RO         2406    i.USBD_GetDescriptor  usbd_ctlreq.o
    0x080028e0   0x080028e0   0x00000046   Code   RO         2407    i.USBD_GetString    usbd_ctlreq.o
    0x08002926   0x08002926   0x0000002a   Code   RO         2614    i.USBD_Init         usbd_core.o
    0x08002950   0x08002950   0x00000020   Code   RO           18    i.USBD_LL_ClearStallEP  usbd_conf.o
    0x08002970   0x08002970   0x00000020   Code   RO           19    i.USBD_LL_CloseEP   usbd_conf.o
    0x08002990   0x08002990   0x000000aa   Code   RO         2615    i.USBD_LL_DataInStage  usbd_core.o
    0x08002a3a   0x08002a3a   0x0000006a   Code   RO         2616    i.USBD_LL_DataOutStage  usbd_core.o
    0x08002aa4   0x08002aa4   0x00000008   Code   RO           23    i.USBD_LL_GetRxDataSize  usbd_conf.o
    0x08002aac   0x08002aac   0x000000c4   Code   RO           24    i.USBD_LL_Init      usbd_conf.o
    0x08002b70   0x08002b70   0x0000001c   Code   RO           25    i.USBD_LL_IsStallEP  usbd_conf.o
    0x08002b8c   0x08002b8c   0x00000026   Code   RO           26    i.USBD_LL_OpenEP    usbd_conf.o
    0x08002bb2   0x08002bb2   0x00000020   Code   RO           27    i.USBD_LL_PrepareReceive  usbd_conf.o
    0x08002bd2   0x08002bd2   0x0000003e   Code   RO         2621    i.USBD_LL_Reset     usbd_core.o
    0x08002c10   0x08002c10   0x0000000c   Code   RO         2622    i.USBD_LL_Resume    usbd_core.o
    0x08002c1c   0x08002c1c   0x00000018   Code   RO         2623    i.USBD_LL_SOF       usbd_core.o
    0x08002c34   0x08002c34   0x00000006   Code   RO         2624    i.USBD_LL_SetSpeed  usbd_core.o
    0x08002c3a   0x08002c3a   0x00000020   Code   RO           28    i.USBD_LL_SetUSBAddress  usbd_conf.o
    0x08002c5a   0x08002c5a   0x0000005a   Code   RO         2625    i.USBD_LL_SetupStage  usbd_core.o
    0x08002cb4   0x08002cb4   0x00000020   Code   RO           29    i.USBD_LL_StallEP   usbd_conf.o
    0x08002cd4   0x08002cd4   0x00000020   Code   RO           30    i.USBD_LL_Start     usbd_conf.o
    0x08002cf4   0x08002cf4   0x00000012   Code   RO         2626    i.USBD_LL_Suspend   usbd_core.o
    0x08002d06   0x08002d06   0x00000020   Code   RO           32    i.USBD_LL_Transmit  usbd_conf.o
    0x08002d26   0x08002d26   0x00000028   Code   RO         2408    i.USBD_ParseSetupRequest  usbd_ctlreq.o
    0x08002d4e   0x08002d4e   0x00000010   Code   RO         2627    i.USBD_RegisterClass  usbd_core.o
    0x08002d5e   0x08002d5e   0x00000016   Code   RO         2629    i.USBD_SetClassConfig  usbd_core.o
    0x08002d74   0x08002d74   0x00000074   Code   RO         2409    i.USBD_SetConfig    usbd_ctlreq.o
    0x08002de8   0x08002de8   0x0000000a   Code   RO         2630    i.USBD_Start        usbd_core.o
    0x08002df2   0x08002df2   0x000000f2   Code   RO         2410    i.USBD_StdDevReq    usbd_ctlreq.o
    0x08002ee4   0x08002ee4   0x000000dc   Code   RO         2411    i.USBD_StdEPReq     usbd_ctlreq.o
    0x08002fc0   0x08002fc0   0x00000034   Code   RO         2412    i.USBD_StdItfReq    usbd_ctlreq.o
    0x08002ff4   0x08002ff4   0x00000002   Code   RO           33    i.USBD_static_free  usbd_conf.o
    0x08002ff6   0x08002ff6   0x00000002   PAD
    0x08002ff8   0x08002ff8   0x00000008   Code   RO           34    i.USBD_static_malloc  usbd_conf.o
    0x08003000   0x08003000   0x0000025c   Code   RO         1200    i.USB_ActivateEndpoint  stm32f1xx_ll_usb.o
    0x0800325c   0x0800325c   0x00000004   Code   RO         1203    i.USB_CoreInit      stm32f1xx_ll_usb.o
    0x08003260   0x08003260   0x00000124   Code   RO         1205    i.USB_DeactivateEndpoint  stm32f1xx_ll_usb.o
    0x08003384   0x08003384   0x00000004   Code   RO         1206    i.USB_DevConnect    stm32f1xx_ll_usb.o
    0x08003388   0x08003388   0x00000004   Code   RO         1207    i.USB_DevDisconnect  stm32f1xx_ll_usb.o
    0x0800338c   0x0800338c   0x0000001e   Code   RO         1208    i.USB_DevInit       stm32f1xx_ll_usb.o
    0x080033aa   0x080033aa   0x0000000e   Code   RO         1209    i.USB_DisableGlobalInt  stm32f1xx_ll_usb.o
    0x080033b8   0x080033b8   0x00000004   Code   RO         1210    i.USB_EP0_OutStart  stm32f1xx_ll_usb.o
    0x080033bc   0x080033bc   0x0000006a   Code   RO         1211    i.USB_EPClearStall  stm32f1xx_ll_usb.o
    0x08003426   0x08003426   0x0000004a   Code   RO         1212    i.USB_EPSetStall    stm32f1xx_ll_usb.o
    0x08003470   0x08003470   0x000001aa   Code   RO         1213    i.USB_EPStartXfer   stm32f1xx_ll_usb.o
    0x0800361a   0x0800361a   0x0000000e   Code   RO         1214    i.USB_EnableGlobalInt  stm32f1xx_ll_usb.o
    0x08003628   0x08003628   0x0000000c   Code   RO          337    i.USB_LP_CAN1_RX0_IRQHandler  stm32f1xx_it.o
    0x08003634   0x08003634   0x00000006   Code   RO         1221    i.USB_ReadInterrupts  stm32f1xx_ll_usb.o
    0x0800363a   0x0800363a   0x00000002   PAD
    0x0800363c   0x0800363c   0x0000001e   Code   RO         1222    i.USB_ReadPMA       stm32f1xx_ll_usb.o
    0x0800365a   0x0800365a   0x00000004   Code   RO         1224    i.USB_SetCurrentMode  stm32f1xx_ll_usb.o
    0x0800365e   0x0800365e   0x0000000c   Code   RO         1225    i.USB_SetDevAddress  stm32f1xx_ll_usb.o
    0x0800366a   0x0800366a   0x00000026   Code   RO         1227    i.USB_WritePMA      stm32f1xx_ll_usb.o
    0x08003690   0x08003690   0x00000002   Code   RO          338    i.UsageFault_Handler  stm32f1xx_it.o
    0x08003692   0x08003692   0x00000002   Code   RO          482    i._Error_Handler    main.o
    0x08003694   0x08003694   0x0000000e   Code   RO         2819    i.__scatterload_copy  mc_w.l(handlers.o)
    0x080036a2   0x080036a2   0x00000002   Code   RO         2820    i.__scatterload_null  mc_w.l(handlers.o)
    0x080036a4   0x080036a4   0x0000000e   Code   RO         2821    i.__scatterload_zeroinit  mc_w.l(handlers.o)
    0x080036b2   0x080036b2   0x00000002   PAD
    0x080036b4   0x080036b4   0x000000d4   Code   RO          483    i.main              main.o
    0x08003788   0x08003788   0x00000018   Data   RO          581    .constdata          usbd_cdc_if.o
    0x080037a0   0x080037a0   0x00000010   Data   RO         2752    .constdata          system_stm32f1xx.o
    0x080037b0   0x080037b0   0x00000008   Data   RO         2753    .constdata          system_stm32f1xx.o
    0x080037b8   0x080037b8   0x00000020   Data   RO         2817    Region$$Table       anon$$obj.o


    Execution Region RW_IRAM1 (Exec base: 0x20000000, Load base: 0x080037d8, Size: 0x00001b00, Max: 0x00005000, ABSOLUTE, COMPRESSED[0x000000f8])

    Exec Addr    Load Addr    Size         Type   Attr      Idx    E Section Name        Object

    0x20000000   COMPRESSED   0x00000010   Data   RW          582    .data               usbd_cdc_if.o
    0x20000010   COMPRESSED   0x0000001c   Data   RW          640    .data               usbd_desc.o
    0x2000002c   COMPRESSED   0x00000016   Data   RW          641    .data               usbd_desc.o
    0x20000042   COMPRESSED   0x00000002   PAD
    0x20000044   COMPRESSED   0x00000004   Data   RW         2182    .data               stm32f1xx_hal.o
    0x20000048   COMPRESSED   0x00000001   Data   RW         2413    .data               usbd_ctlreq.o
    0x20000049   COMPRESSED   0x00000003   PAD
    0x2000004c   COMPRESSED   0x000001bd   Data   RW         2541    .data               usbd_cdc.o
    0x20000209   COMPRESSED   0x00000003   PAD
    0x2000020c   COMPRESSED   0x00000038   Data   RW         2542    .data               usbd_cdc.o
    0x20000244   COMPRESSED   0x00000004   Data   RW         2754    .data               system_stm32f1xx.o
    0x20000248        -       0x00000670   Zero   RW           35    .bss                usbd_conf.o
    0x200008b8        -       0x00000224   Zero   RW          442    .bss                usb_device.o
    0x20000adc        -       0x00000080   Zero   RW          484    .bss                main.o
    0x20000b5c        -       0x00000044   Zero   RW          485    .bss                main.o
    0x20000ba0        -       0x00000044   Zero   RW          486    .bss                main.o
    0x20000be4        -       0x00000044   Zero   RW          487    .bss                main.o
    0x20000c28        -       0x00000044   Zero   RW          488    .bss                main.o
    0x20000c6c        -       0x00000090   Zero   RW          580    .bss                usbd_cdc_if.o
    0x20000cfc        -       0x00000200   Zero   RW          639    .bss                usbd_desc.o
    0x20000efc   COMPRESSED   0x00000004   PAD
    0x20000f00        -       0x00000c00   Zero   RW         2785    STACK               startup_stm32f103xb.o


==============================================================================

Image component sizes


      Code (inc. data)   RO Data    RW Data    ZI Data      Debug   Object Name

       498         40          0          0        400       4011   main.o
        36          8        236          0       3072        764   startup_stm32f103xb.o
       132         22          0          4          0       3599   stm32f1xx_hal.o
       250         14          0          0          0      27943   stm32f1xx_hal_cortex.o
       830         44          0          0          0       4935   stm32f1xx_hal_dma.o
       690         60          0          0          0       4379   stm32f1xx_hal_gpio.o
       648         90          0          0          0       2544   stm32f1xx_hal_msp.o
      1810          0          0          0          0       9921   stm32f1xx_hal_pcd.o
        52          0          0          0          0       1158   stm32f1xx_hal_pcd_ex.o
      1296        104          0          0          0       5572   stm32f1xx_hal_rcc.o
       236         12          0          0          0       1368   stm32f1xx_hal_rcc_ex.o
      1576         38          0          0          0      13114   stm32f1xx_hal_uart.o
       114         42          0          0          0       6755   stm32f1xx_it.o
      1666          0          0          0          0      12479   stm32f1xx_ll_usb.o
        72         16         24          4          0       1135   system_stm32f1xx.o
        56         18          0          0        548        692   usb_device.o
       540         20          0        501          0       9777   usbd_cdc.o
       636        102         24         16        144       4953   usbd_cdc_if.o
       688         48          0          0       1648     433696   usbd_conf.o
       592          0          0          0          0       9044   usbd_core.o
       986         30          0          1          0       7668   usbd_ctlreq.o
       212        116          0         50        512       4843   usbd_desc.o
       132          0          0          0          0       4268   usbd_ioreq.o

    ----------------------------------------------------------------------
     13770        824        316        584       6328     574618   Object Totals
         0          0         32          0          0          0   (incl. Generated)
        22          0          0          8          4          0   (incl. Padding)

    ----------------------------------------------------------------------

      Code (inc. data)   RO Data    RW Data    ZI Data      Debug   Library Member Name

        86          0          0          0          0          0   __dczerorl2.o
         0          0          0          0          0          0   entry.o
         0          0          0          0          0          0   entry10a.o
         0          0          0          0          0          0   entry11a.o
         8          4          0          0          0          0   entry2.o
         4          0          0          0          0          0   entry5.o
         0          0          0          0          0          0   entry7b.o
         0          0          0          0          0          0   entry8b.o
         8          4          0          0          0          0   entry9a.o
        30          0          0          0          0          0   handlers.o
        36          8          0          0          0         68   init.o
        36          0          0          0          0         68   memcpya.o

    ----------------------------------------------------------------------
       210         16          0          0          0        136   Library Totals
         2          0          0          0          0          0   (incl. Padding)

    ----------------------------------------------------------------------

      Code (inc. data)   RO Data    RW Data    ZI Data      Debug   Library Name

       208         16          0          0          0        136   mc_w.l

    ----------------------------------------------------------------------
       210         16          0          0          0        136   Library Totals

    ----------------------------------------------------------------------

==============================================================================


      Code (inc. data)   RO Data    RW Data    ZI Data      Debug   

     13980        840        316        584       6328     565886   Grand Totals
     13980        840        316        248       6328     565886   ELF Image Totals (compressed)
     13980        840        316        248          0          0   ROM Totals

==============================================================================

    Total RO  Size (Code + RO Data)                14296 (  13.96kB)
    Total RW  Size (RW Data + ZI Data)              6912 (   6.75kB)
    Total ROM Size (Code + RO Data + RW Data)      14544 (  14.20kB)

==============================================================================

